Archive member included to satisfy reference by file (symbol)

d:/tools/mcuxpressoide_11.9.0_2144/ide/plugins/com.nxp.mcuxpresso.tools.win32_11.9.0.202307121226/tools/bin/../lib/gcc/arm-none-eabi/12.3.1/../../../../arm-none-eabi/lib/thumb/v7e-m+fp/hard\libcr_nohost_nf.a(_cr__main.o)
                              ./startup/startup_mimxrt1021.o (__main)
d:/tools/mcuxpressoide_11.9.0_2144/ide/plugins/com.nxp.mcuxpresso.tools.win32_11.9.0.202307121226/tools/bin/../lib/gcc/arm-none-eabi/12.3.1/../../../../arm-none-eabi/lib/thumb/v7e-m+fp/hard\libcr_c.a(memcpy.o)
                              ./utilities/fsl_str.o (memcpy)
d:/tools/mcuxpressoide_11.9.0_2144/ide/plugins/com.nxp.mcuxpresso.tools.win32_11.9.0.202307121226/tools/bin/../lib/gcc/arm-none-eabi/12.3.1/../../../../arm-none-eabi/lib/thumb/v7e-m+fp/hard\libcr_c.a(memset.o)
                              ./utilities/fsl_debug_console.o (memset)
d:/tools/mcuxpressoide_11.9.0_2144/ide/plugins/com.nxp.mcuxpresso.tools.win32_11.9.0.202307121226/tools/bin/../lib/gcc/arm-none-eabi/12.3.1/../../../../arm-none-eabi/lib/thumb/v7e-m+fp/hard\libcr_c.a(alloc.o)
                              ./drivers/fsl_common.o (malloc)
d:/tools/mcuxpressoide_11.9.0_2144/ide/plugins/com.nxp.mcuxpresso.tools.win32_11.9.0.202307121226/tools/bin/../lib/gcc/arm-none-eabi/12.3.1/../../../../arm-none-eabi/lib/thumb/v7e-m+fp/hard\libcr_c.a(ceil.o)
                              ./source/lib/lightSensor.o (ceil)
d:/tools/mcuxpressoide_11.9.0_2144/ide/plugins/com.nxp.mcuxpresso.tools.win32_11.9.0.202307121226/tools/bin/../lib/gcc/arm-none-eabi/12.3.1/../../../../arm-none-eabi/lib/thumb/v7e-m+fp/hard\libcr_c.a(errno.o)
                              ./utilities/fsl_str.o (errno)
d:/tools/mcuxpressoide_11.9.0_2144/ide/plugins/com.nxp.mcuxpresso.tools.win32_11.9.0.202307121226/tools/bin/../lib/gcc/arm-none-eabi/12.3.1/../../../../arm-none-eabi/lib/thumb/v7e-m+fp/hard\libcr_c.a(initio.o)
                              d:/tools/mcuxpressoide_11.9.0_2144/ide/plugins/com.nxp.mcuxpresso.tools.win32_11.9.0.202307121226/tools/bin/../lib/gcc/arm-none-eabi/12.3.1/../../../../arm-none-eabi/lib/thumb/v7e-m+fp/hard\libcr_nohost_nf.a(_cr__main.o) (_initio)
d:/tools/mcuxpressoide_11.9.0_2144/ide/plugins/com.nxp.mcuxpresso.tools.win32_11.9.0.202307121226/tools/bin/../lib/gcc/arm-none-eabi/12.3.1/../../../../arm-none-eabi/lib/thumb/v7e-m+fp/hard\libcr_c.a(pow.o)
                              ./source/lib/lightSensor.o (pow)
d:/tools/mcuxpressoide_11.9.0_2144/ide/plugins/com.nxp.mcuxpresso.tools.win32_11.9.0.202307121226/tools/bin/../lib/gcc/arm-none-eabi/12.3.1/../../../../arm-none-eabi/lib/thumb/v7e-m+fp/hard\libcr_c.a(printf.o)
                              ./source/MIMXRT1021_Project.o (_snprintf)
d:/tools/mcuxpressoide_11.9.0_2144/ide/plugins/com.nxp.mcuxpresso.tools.win32_11.9.0.202307121226/tools/bin/../lib/gcc/arm-none-eabi/12.3.1/../../../../arm-none-eabi/lib/thumb/v7e-m+fp/hard\libcr_c.a(scanf.o)
                              ./utilities/fsl_str.o (strtoul)
d:/tools/mcuxpressoide_11.9.0_2144/ide/plugins/com.nxp.mcuxpresso.tools.win32_11.9.0.202307121226/tools/bin/../lib/gcc/arm-none-eabi/12.3.1/../../../../arm-none-eabi/lib/thumb/v7e-m+fp/hard\libcr_c.a(setvbuf.o)
                              d:/tools/mcuxpressoide_11.9.0_2144/ide/plugins/com.nxp.mcuxpresso.tools.win32_11.9.0.202307121226/tools/bin/../lib/gcc/arm-none-eabi/12.3.1/../../../../arm-none-eabi/lib/thumb/v7e-m+fp/hard\libcr_c.a(initio.o) (setvbuf)
d:/tools/mcuxpressoide_11.9.0_2144/ide/plugins/com.nxp.mcuxpresso.tools.win32_11.9.0.202307121226/tools/bin/../lib/gcc/arm-none-eabi/12.3.1/../../../../arm-none-eabi/lib/thumb/v7e-m+fp/hard\libcr_c.a(strlen.o)
                              ./utilities/fsl_str.o (strlen)
d:/tools/mcuxpressoide_11.9.0_2144/ide/plugins/com.nxp.mcuxpresso.tools.win32_11.9.0.202307121226/tools/bin/../lib/gcc/arm-none-eabi/12.3.1/../../../../arm-none-eabi/lib/thumb/v7e-m+fp/hard\libcr_c.a(ungetc.o)
                              d:/tools/mcuxpressoide_11.9.0_2144/ide/plugins/com.nxp.mcuxpresso.tools.win32_11.9.0.202307121226/tools/bin/../lib/gcc/arm-none-eabi/12.3.1/../../../../arm-none-eabi/lib/thumb/v7e-m+fp/hard\libcr_c.a(scanf.o) (ungetc)
d:/tools/mcuxpressoide_11.9.0_2144/ide/plugins/com.nxp.mcuxpresso.tools.win32_11.9.0.202307121226/tools/bin/../lib/gcc/arm-none-eabi/12.3.1/../../../../arm-none-eabi/lib/thumb/v7e-m+fp/hard\libcr_c.a(__fillbuf.o)
                              d:/tools/mcuxpressoide_11.9.0_2144/ide/plugins/com.nxp.mcuxpresso.tools.win32_11.9.0.202307121226/tools/bin/../lib/gcc/arm-none-eabi/12.3.1/../../../../arm-none-eabi/lib/thumb/v7e-m+fp/hard\libcr_c.a(scanf.o) (__filbuf)
d:/tools/mcuxpressoide_11.9.0_2144/ide/plugins/com.nxp.mcuxpresso.tools.win32_11.9.0.202307121226/tools/bin/../lib/gcc/arm-none-eabi/12.3.1/../../../../arm-none-eabi/lib/thumb/v7e-m+fp/hard\libcr_c.a(__init_alloc.o)
[...]
Memory Configuration

Name             Origin             Length             Attributes
BOARD_FLASH      0x60000000         0x00800000         xr
SRAM_DTC         0x20000000         0x00010000         xrw
SRAM_ITC         0x00000000         0x00010000         xrw
SRAM_OC          0x20200000         0x00020000         xrw
BOARD_SDRAM      0x80000000         0x01e00000         xrw
NCACHE_REGION    0x81e00000         0x00200000         xrw
*default*        0x00000000         0xffffffff

Linker script and memory map

LOAD ./xip/evkmimxrt1020_flexspi_nor_config.o
LOAD ./xip/fsl_flexspi_nor_boot.o
LOAD ./utilities/fsl_assert.o
LOAD ./utilities/fsl_debug_console.o
LOAD ./utilities/fsl_str.o
LOAD ./startup/startup_mimxrt1021.o
LOAD ./source/lib/lcd.o
LOAD ./source/lib/led.o
LOAD ./source/lib/lightSensor.o
LOAD ./source/lib/ui.o
LOAD ./source/MIMXRT1021_Project.o
LOAD ./source/semihost_hardfault.o
LOAD ./freertos/freertos-kernel/portable/MemMang/heap_4.o
LOAD ./freertos/freertos-kernel/portable/GCC/ARM_CM4F/port.o
LOAD ./freertos/freertos-kernel/croutine.o
LOAD ./freertos/freertos-kernel/event_groups.o
LOAD ./freertos/freertos-kernel/list.o
LOAD ./freertos/freertos-kernel/queue.o
LOAD ./freertos/freertos-kernel/stream_buffer.o
LOAD ./freertos/freertos-kernel/tasks.o
LOAD ./freertos/freertos-kernel/timers.o
LOAD ./drivers/fsl_clock.o
LOAD ./drivers/fsl_common.o
LOAD ./drivers/fsl_common_arm.o
LOAD ./drivers/fsl_dmamux.o
LOAD ./drivers/fsl_edma.o
LOAD ./drivers/fsl_gpio.o
LOAD ./drivers/fsl_lpi2c.o
LOAD ./drivers/fsl_lpi2c_cmsis.o
LOAD ./drivers/fsl_lpi2c_edma.o
LOAD ./drivers/fsl_lpspi.o
LOAD ./drivers/fsl_lpspi_cmsis.o
LOAD ./drivers/fsl_lpspi_edma.o
LOAD ./drivers/fsl_lpuart.o
LOAD ./drivers/fsl_pwm.o
LOAD ./drivers/fsl_xbara.o
LOAD ./drivers/fsl_xbarb.o
LOAD ./device/system_MIMXRT1021.o
LOAD ./component/uart/fsl_adapter_lpuart.o
LOAD ./component/serial_manager/fsl_component_serial_manager.o
LOAD ./component/serial_manager/fsl_component_serial_port_uart.o
LOAD ./component/lists/fsl_component_generic_list.o
LOAD ./board/board.o
LOAD ./board/clock_config.o
LOAD ./board/dcd.o
LOAD ./board/peripherals.o
LOAD ./board/pin_mux.o
START GROUP
LOAD d:/tools/mcuxpressoide_11.9.0_2144/ide/plugins/com.nxp.mcuxpresso.tools.win32_11.9.0.202307121226/tools/bin/../lib/gcc/arm-none-eabi/12.3.1/../../../../arm-none-eabi/lib/thumb/v7e-m+fp/hard\libcr_nohost_nf.a
LOAD d:/tools/mcuxpressoide_11.9.0_2144/ide/plugins/com.nxp.mcuxpresso.tools.win32_11.9.0.202307121226/tools/bin/../lib/gcc/arm-none-eabi/12.3.1/../../../../arm-none-eabi/lib/thumb/v7e-m+fp/hard\libcr_c.a
LOAD d:/tools/mcuxpressoide_11.9.0_2144/ide/plugins/com.nxp.mcuxpresso.tools.win32_11.9.0.202307121226/tools/bin/../lib/gcc/arm-none-eabi/12.3.1/thumb/v7e-m+fp/hard\libcr_eabihelpers.a
LOAD d:/tools/mcuxpressoide_11.9.0_2144/ide/plugins/com.nxp.mcuxpresso.tools.win32_11.9.0.202307121226/tools/bin/../lib/gcc/arm-none-eabi/12.3.1/thumb/v7e-m+fp/hard\libgcc.a
END GROUP
                0x60000000                        __base_BOARD_FLASH = 0x60000000
                0x60000000                        __base_Flash = 0x60000000
                0x60800000                        __top_BOARD_FLASH = 0x60800000
                0x60800000                        __top_Flash = 0x60800000
                0x20000000                        __base_SRAM_DTC = 0x20000000
                0x20000000                        __base_RAM = 0x20000000
                0x20010000                        __top_SRAM_DTC = 0x20010000
                0x20010000                        __top_RAM = 0x20010000
                0x00000000                        __base_SRAM_ITC = 0x0
                0x00000000                        __base_RAM2 = 0x0
                0x00010000                        __top_SRAM_ITC = 0x10000
                0x00010000                        __top_RAM2 = 0x10000
                0x20200000                        __base_SRAM_OC = 0x20200000
                0x20200000                        __base_RAM3 = 0x20200000
                0x20220000                        __top_SRAM_OC = 0x20220000
                0x20220000                        __top_RAM3 = 0x20220000
                0x80000000                        __base_BOARD_SDRAM = 0x80000000
                0x80000000                        __base_RAM4 = 0x80000000
                0x81e00000                        __top_BOARD_SDRAM = 0x81e00000
                0x81e00000                        __top_RAM4 = 0x81e00000
                0x81e00000                        __base_NCACHE_REGION = 0x81e00000
                0x81e00000                        __base_RAM5 = 0x81e00000
                0x82000000                        __top_NCACHE_REGION = 0x82000000
                0x82000000                        __top_RAM5 = 0x82000000

.boot_hdr       0x60000000     0x2000
 FILL mask 0xff
                0x60000000                        __boot_hdr_start__ = ABSOLUTE (.)
 *(SORT_BY_ALIGNMENT(.boot_hdr.conf))
 .boot_hdr.conf
                0x60000000      0x200 ./xip/evkmimxrt1020_flexspi_nor_config.o
                0x60000000                qspiflash_config
                0x00001000                        . = 0x1000
 *fill*         0x60000200      0xe00 ff
 *(SORT_BY_ALIGNMENT(.boot_hdr.ivt))
 .boot_hdr.ivt  0x60001000       0x20 ./xip/fsl_flexspi_nor_boot.o
                0x60001000                image_vector_table
                0x00001020                        . = 0x1020
 *(SORT_BY_ALIGNMENT(.boot_hdr.boot_data))
 .boot_hdr.boot_data
                0x60001020       0x10 ./xip/fsl_flexspi_nor_boot.o
                0x60001020                g_boot_data
                0x00001030                        . = 0x1030
 *(SORT_BY_ALIGNMENT(.boot_hdr.dcd_data))
                0x60001030                        __boot_hdr_end__ = ABSOLUTE (.)
                0x00002000                        . = 0x2000
 *fill*         0x60001030      0xfd0 ff

.text           0x60002000    0x18e0c
 FILL mask 0xff
                0x60002000                        __vectors_start__ = ABSOLUTE (.)
 *(SORT_BY_ALIGNMENT(.isr_vector))
 .isr_vector    0x60002000      0x278 ./startup/startup_mimxrt1021.o
                0x60002000                g_pfnVectors
                0x60002000                __Vectors
                0x60002278                        . = ALIGN (0x4)
                0x60002278                        __section_table_start = .
                0x60002278                        __data_section_table = .
                0x60002278        0x4 LONG 0x6001ae0c LOADADDR (.data)
                0x6000227c        0x4 LONG 0x20000000 ADDR (.data)
                0x60002280        0x4 LONG 0x14 SIZEOF (.data)
                0x60002284        0x4 LONG 0x6001ae0c LOADADDR (.data_RAM2)
                0x60002288        0x4 LONG 0x0 ADDR (.data_RAM2)
                0x6000228c        0x4 LONG 0x0 SIZEOF (.data_RAM2)
                0x60002290        0x4 LONG 0x6001ae0c LOADADDR (.data_RAM3)
                0x60002294        0x4 LONG 0x20200000 ADDR (.data_RAM3)
                0x60002298        0x4 LONG 0x0 SIZEOF (.data_RAM3)
                0x6000229c        0x4 LONG 0x6001ae0c LOADADDR (.data_RAM4)
                0x600022a0        0x4 LONG 0x80000000 ADDR (.data_RAM4)
                0x600022a4        0x4 LONG 0x0 SIZEOF (.data_RAM4)
                0x600022a8        0x4 LONG 0x6001ae0c LOADADDR (.data_RAM5)
                0x600022ac        0x4 LONG 0x81e00000 ADDR (.data_RAM5)
                0x600022b0        0x4 LONG 0x0 SIZEOF (.data_RAM5)
                0x600022b4                        __data_section_table_end = .
                0x600022b4                        __bss_section_table = .
                0x600022b4        0x4 LONG 0x20000014 ADDR (.bss)
                0x600022b8        0x4 LONG 0x2c28 SIZEOF (.bss)
                0x600022bc        0x4 LONG 0x0 ADDR (.bss_RAM2)
                0x600022c0        0x4 LONG 0x0 SIZEOF (.bss_RAM2)
                0x600022c4        0x4 LONG 0x20200000 ADDR (.bss_RAM3)
                0x600022c8        0x4 LONG 0x0 SIZEOF (.bss_RAM3)
                0x600022cc        0x4 LONG 0x80000000 ADDR (.bss_RAM4)
                0x600022d0        0x4 LONG 0x0 SIZEOF (.bss_RAM4)
                0x600022d4        0x4 LONG 0x81e00000 ADDR (.bss_RAM5)
                0x600022d8        0x4 LONG 0x0 SIZEOF (.bss_RAM5)
                0x600022dc                        __bss_section_table_end = .
                0x600022dc                        __section_table_end = .
 *(SORT_BY_ALIGNMENT(.after_vectors*))
 .after_vectors.reset
                0x600022dc       0x54 ./startup/startup_mimxrt1021.o
                0x600022dc                ResetISR
 .after_vectors.init_data
                0x60002330       0x1e ./startup/startup_mimxrt1021.o
                0x60002330                data_init
 .after_vectors.init_bss
                0x6000234e       0x12 ./startup/startup_mimxrt1021.o
                0x6000234e                bss_init
 .after_vectors
                0x60002360       0x14 ./startup/startup_mimxrt1021.o
                0x60002360                NMI_Handler
                0x60002364                MemManage_Handler
                0x60002366                BusFault_Handler
                0x60002368                UsageFault_Handler
                0x6000236c                DebugMon_Handler
                0x60002372                CCM_2_DriverIRQHandler
                0x60002372                PIT_DriverIRQHandler
                0x60002372                Reserved102_DriverIRQHandler
                0x60002372                Reserved152_DriverIRQHandler
                0x60002372                FLEXRAM_DriverIRQHandler
                0x60002372                SEMC_DriverIRQHandler
                0x60002372                SPDIF_DriverIRQHandler
                0x60002372                KPP_DriverIRQHandler
                0x60002372                USB_PHY_DriverIRQHandler
                0x60002372                GPIO3_Combined_0_15_DriverIRQHandler
                0x60002372                SAI3_RX_DriverIRQHandler
                0x60002372                BEE_DriverIRQHandler
                0x60002372                GPR_IRQ_DriverIRQHandler
                0x60002372                Reserved103_DriverIRQHandler
                0x60002372                PWM2_FAULT_DriverIRQHandler
                0x60002372                Reserved56_DriverIRQHandler
                0x60002372                TMR1_DriverIRQHandler
                0x60002372                TRNG_DriverIRQHandler
                0x60002372                ENET_1588_Timer_DriverIRQHandler
                0x60002372                GPIO2_Combined_16_31_DriverIRQHandler
                0x60002372                Reserved143_DriverIRQHandler
                0x60002372                Reserved82_DriverIRQHandler
                0x60002372                Reserved151_DriverIRQHandler
                0x60002372                IntDefaultHandler
                0x60002372                SRC_DriverIRQHandler
                0x60002372                GPIO1_INT4_DriverIRQHandler
                0x60002372                Reserved144_DriverIRQHandler
                0x60002372                USDHC1_DriverIRQHandler
                0x60002372                SNVS_LP_HP_WRAPPER_DriverIRQHandler
                0x60002372                EWM_DriverIRQHandler
                0x60002372                Reserved87_DriverIRQHandler
                0x60002372                FLEXIO1_DriverIRQHandler
                0x60002372                ENET_DriverIRQHandler
                0x60002372                Reserved78_DriverIRQHandler
                0x60002372                ENC2_DriverIRQHandler
                0x60002372                ADC_ETC_IRQ2_DriverIRQHandler
                0x60002372                GPIO1_Combined_16_31_DriverIRQHandler
                0x60002372                GPIO1_INT7_DriverIRQHandler
                0x60002372                SAI1_DriverIRQHandler
                0x60002372                DCDC_DriverIRQHandler
                0x60002372                ADC_ETC_ERROR_IRQ_DriverIRQHandler
                0x60002372                ACMP2_DriverIRQHandler
                0x60002372                GPIO5_Combined_0_15_DriverIRQHandler
                0x60002372                GPIO1_INT0_DriverIRQHandler
                0x60002372                GPIO1_INT2_DriverIRQHandler
                0x60002372                RTWDOG_DriverIRQHandler
                0x60002372                FLEXSPI_DriverIRQHandler
                0x60002372                GPT2_DriverIRQHandler
                0x60002372                PWM2_1_DriverIRQHandler
                0x60002372                PWM1_1_DriverIRQHandler
                0x60002372                ADC1_DriverIRQHandler
                0x60002372                Reserved148_DriverIRQHandler
                0x60002372                PWM1_0_DriverIRQHandler
                0x60002372                ENC1_DriverIRQHandler
                0x60002372                CAN2_DriverIRQHandler
                0x60002372                DCP_DriverIRQHandler
                0x60002372                CTI0_ERROR_DriverIRQHandler
                0x60002372                GPT1_DriverIRQHandler
                0x60002372                ACMP3_DriverIRQHandler
                0x60002372                CSU_DriverIRQHandler
                0x60002372                GPIO1_INT5_DriverIRQHandler
                0x60002372                TMR2_DriverIRQHandler
                0x60002372                CTI1_ERROR_DriverIRQHandler
                0x60002372                GPIO1_Combined_0_15_DriverIRQHandler
                0x60002372                USDHC2_DriverIRQHandler
                0x60002372                WDOG1_DriverIRQHandler
                0x60002372                SAI2_DriverIRQHandler
                0x60002372                CORE_DriverIRQHandler
                0x60002372                Reserved147_DriverIRQHandler
                0x60002372                PWM2_3_DriverIRQHandler
                0x60002372                Reserved60_DriverIRQHandler
                0x60002372                XBAR1_IRQ_2_3_DriverIRQHandler
                0x60002372                SNVS_HP_WRAPPER_TZ_DriverIRQHandler
                0x60002372                GPIO3_Combined_16_31_DriverIRQHandler
                0x60002372                PWM1_FAULT_DriverIRQHandler
                0x60002372                PWM2_2_DriverIRQHandler
                0x60002372                Reserved128_DriverIRQHandler
                0x60002372                SNVS_HP_WRAPPER_DriverIRQHandler
                0x60002372                XBAR1_IRQ_0_1_DriverIRQHandler
                0x60002372                ADC_ETC_IRQ1_DriverIRQHandler
                0x60002372                GPIO1_INT3_DriverIRQHandler
                0x60002372                DCP_VMI_DriverIRQHandler
                0x60002372                GPC_DriverIRQHandler
                0x60002372                Reserved123_DriverIRQHandler
                0x60002372                GPIO2_Combined_0_15_DriverIRQHandler
                0x60002372                PWM1_2_DriverIRQHandler
                0x60002372                USB_OTG1_DriverIRQHandler
                0x60002372                TEMP_LOW_HIGH_DriverIRQHandler
                0x60002372                SAI3_TX_DriverIRQHandler
                0x60002372                WDOG2_DriverIRQHandler
                0x60002372                Reserved68_DriverIRQHandler
                0x60002372                PMU_DriverIRQHandler
                0x60002372                Reserved59_DriverIRQHandler
                0x60002372                GPIO5_Combined_16_31_DriverIRQHandler
                0x60002372                CCM_1_DriverIRQHandler
                0x60002372                ADC2_DriverIRQHandler
                0x60002372                Reserved58_DriverIRQHandler
                0x60002372                Reserved115_DriverIRQHandler
                0x60002372                TEMP_PANIC_DriverIRQHandler
                0x60002372                ACMP4_DriverIRQHandler
                0x60002372                Reserved107_DriverIRQHandler
                0x60002372                PWM1_3_DriverIRQHandler
                0x60002372                Reserved70_DriverIRQHandler
                0x60002372                ACMP1_DriverIRQHandler
                0x60002372                Reserved86_DriverIRQHandler
                0x60002372                DMA_ERROR_DriverIRQHandler
                0x60002372                ADC_ETC_IRQ0_DriverIRQHandler
                0x60002372                CAN1_DriverIRQHandler
                0x60002372                GPIO1_INT6_DriverIRQHandler
                0x60002372                GPIO1_INT1_DriverIRQHandler
                0x60002372                PWM2_0_DriverIRQHandler
 *(SORT_BY_ALIGNMENT(.text*))
 *fill*         0x60002374        0xc ff
 .text.SVC_Handler
                0x60002380       0x28 ./freertos/freertos-kernel/portable/GCC/ARM_CM4F/port.o
                0x60002380                SVC_Handler
 *fill*         0x600023a8        0x8 ff
 .text.PendSV_Handler
                0x600023b0       0x68 ./freertos/freertos-kernel/portable/GCC/ARM_CM4F/port.o
                0x600023b0                PendSV_Handler
 .text.calculate
                0x60002418      0x32c ./source/lib/lightSensor.o
                0x60002418                calculate
 *fill*         0x60002744        0x4 ff
 .text.convert2pwm
                0x60002748       0xcc ./source/lib/lightSensor.o
                0x60002748                convert2pwm
 *fill*         0x60002814        0x4 ff
 .text.LPSPI_MasterSetDelayTimes
                0x60002818      0x284 ./drivers/fsl_lpspi.o
                0x60002818                LPSPI_MasterSetDelayTimes
 *fill*         0x60002a9c        0x4 ff
 .text.pow      0x60002aa0      0x55c d:/tools/mcuxpressoide_11.9.0_2144/ide/plugins/com.nxp.mcuxpresso.tools.win32_11.9.0.202307121226/tools/bin/../lib/gcc/arm-none-eabi/12.3.1/../../../../arm-none-eabi/lib/thumb/v7e-m+fp/hard\libcr_c.a(pow.o)
                0x60002aa0                pow
 *fill*         0x60002ffc        0x4 ff
 .text.frexp    0x60003000       0x70 d:/tools/mcuxpressoide_11.9.0_2144/ide/plugins/com.nxp.mcuxpresso.tools.win32_11.9.0.202307121226/tools/bin/../lib/gcc/arm-none-eabi/12.3.1/../../../../arm-none-eabi/lib/thumb/v7e-m+fp/hard\libcr_c.a(frexp.o)
                0x60003000                frexp
 .text.ldexp    0x60003070       0x5c d:/tools/mcuxpressoide_11.9.0_2144/ide/plugins/com.nxp.mcuxpresso.tools.win32_11.9.0.202307121226/tools/bin/../lib/gcc/arm-none-eabi/12.3.1/../../../../arm-none-eabi/lib/thumb/v7e-m+fp/hard\libcr_c.a(ldexp.o)
                0x60003070                ldexp
 .text.__assertion_failed
                0x600030cc       0x2c ./utilities/fsl_assert.o
                0x600030cc                __assertion_failed
 .text.DbgConsole_SendDataReliable
                0x600030f8       0x54 ./utilities/fsl_debug_console.o
                0x600030f8                DbgConsole_SendDataReliable
 .text.DbgConsole_Init
                0x6000314c      0x138 ./utilities/fsl_debug_console.o
                0x6000314c                DbgConsole_Init
 .text.DbgConsole_Vprintf
                0x60003284       0x6c ./utilities/fsl_debug_console.o
                0x60003284                DbgConsole_Vprintf
 .text.CLOCK_SetMux
                0x600032f0       0x9c ./source/lib/lcd.o
 .text.CLOCK_SetDiv
                0x6000338c       0x9c ./source/lib/lcd.o
 .text.LPSPI_MasterUserCallback
                0x60003428       0x2c ./source/lib/lcd.o
                0x60003428                LPSPI_MasterUserCallback
 .text.lcd_start
                0x60003454       0x18 ./source/lib/lcd.o
                0x60003454                lcd_start
 .text.lcd_close
                0x6000346c       0x18 ./source/lib/lcd.o
                0x6000346c                lcd_close
 .text.lcd_reset
                0x60003484       0x2c ./source/lib/lcd.o
                0x60003484                lcd_reset
 .text.spi_init
                0x600034b0       0x6c ./source/lib/lcd.o
                0x600034b0                spi_init
 .text.spi_send
                0x6000351c       0x58 ./source/lib/lcd.o
                0x6000351c                spi_send
 .text.lcd_WriteData
                0x60003574       0x40 ./source/lib/lcd.o
                0x60003574                lcd_WriteData
 .text.lcd_WriteCmd
                0x600035b4       0x40 ./source/lib/lcd.o
                0x600035b4                lcd_WriteCmd
 .text.lcd_WriteData_u16
                0x600035f4       0x5c ./source/lib/lcd.o
                0x600035f4                lcd_WriteData_u16
 .text.Sleep    0x60003650       0x2c ./source/lib/led.o
                0x60003650                Sleep
 .text.light    0x6000367c      0x144 ./source/lib/led.o
                0x6000367c                light
 .text.GPIO_PinRead
                0x600037c0       0x30 ./source/lib/lightSensor.o
 .text.scl      0x600037f0       0x30 ./source/lib/lightSensor.o
                0x600037f0                scl
 .text.sda      0x60003820       0x30 ./source/lib/lightSensor.o
                0x60003820                sda
 .text.sda_read
                0x60003850       0x4c ./source/lib/lightSensor.o
                0x60003850                sda_read
 .text.i2c_start
                0x6000389c       0x38 ./source/lib/lightSensor.o
                0x6000389c                i2c_start
 .text.i2c_stop
                0x600038d4       0x38 ./source/lib/lightSensor.o
                0x600038d4                i2c_stop
 .text.i2c_write
                0x6000390c       0xd0 ./source/lib/lightSensor.o
                0x6000390c                i2c_write
 .text.i2c_read
                0x600039dc      0x13c ./source/lib/lightSensor.o
                0x600039dc                i2c_read
 .text.read     0x60003b18       0xe8 ./source/lib/lightSensor.o
                0x60003b18                read
 .text.ui_luminance
                0x60003c00       0xa4 ./source/lib/ui.o
                0x60003c00                ui_luminance
 .text.ui_displayText
                0x60003ca4      0x158 ./source/lib/ui.o
                0x60003ca4                ui_displayText
 .text.T_Read   0x60003dfc       0x38 ./source/MIMXRT1021_Project.o
                0x60003dfc                T_Read
 .text.T_Luminance
                0x60003e34       0x20 ./source/MIMXRT1021_Project.o
                0x60003e34                T_Luminance
 .text.T_UpdateUI
                0x60003e54       0x8c ./source/MIMXRT1021_Project.o
                0x60003e54                T_UpdateUI
 .text.main     0x60003ee0      0x17c ./source/MIMXRT1021_Project.o
                0x60003ee0                main
 .text.pvPortMalloc
                0x6000405c      0x178 ./freertos/freertos-kernel/portable/MemMang/heap_4.o
                0x6000405c                pvPortMalloc
 .text.vPortFree
                0x600041d4       0xbc ./freertos/freertos-kernel/portable/MemMang/heap_4.o
                0x600041d4                vPortFree
 .text.prvHeapInit
                0x60004290       0xb8 ./freertos/freertos-kernel/portable/MemMang/heap_4.o
 .text.prvInsertBlockIntoFreeList
                0x60004348       0xb4 ./freertos/freertos-kernel/portable/MemMang/heap_4.o
 .text.pxPortInitialiseStack
                0x600043fc       0x68 ./freertos/freertos-kernel/portable/GCC/ARM_CM4F/port.o
                0x600043fc                pxPortInitialiseStack
 .text.prvTaskExitError
                0x60004464       0x5c ./freertos/freertos-kernel/portable/GCC/ARM_CM4F/port.o
 .text.prvPortStartFirstTask
                0x600044c0       0x2c ./freertos/freertos-kernel/portable/GCC/ARM_CM4F/port.o
 .text.xPortStartScheduler
                0x600044ec      0x148 ./freertos/freertos-kernel/portable/GCC/ARM_CM4F/port.o
                0x600044ec                xPortStartScheduler
 .text.vPortEnterCritical
                0x60004634       0x64 ./freertos/freertos-kernel/portable/GCC/ARM_CM4F/port.o
                0x60004634                vPortEnterCritical
 .text.vPortExitCritical
                0x60004698       0x54 ./freertos/freertos-kernel/portable/GCC/ARM_CM4F/port.o
                0x60004698                vPortExitCritical
 .text.SysTick_Handler
                0x600046ec       0x44 ./freertos/freertos-kernel/portable/GCC/ARM_CM4F/port.o
                0x600046ec                SysTick_Handler
 .text.vPortSetupTimerInterrupt
                0x60004730       0x48 ./freertos/freertos-kernel/portable/GCC/ARM_CM4F/port.o
                0x60004730                vPortSetupTimerInterrupt
 .text.vPortEnableVFP
                0x60004778       0x18 ./freertos/freertos-kernel/portable/GCC/ARM_CM4F/port.o
 .text.xQueueGenericReset
                0x60004790      0x124 ./freertos/freertos-kernel/queue.o
                0x60004790                xQueueGenericReset
 .text.xQueueGenericSend
                0x600048b4      0x204 ./freertos/freertos-kernel/queue.o
                0x600048b4                xQueueGenericSend
 .text.xQueueReceive
                0x60004ab8      0x1c4 ./freertos/freertos-kernel/queue.o
                0x60004ab8                xQueueReceive
 .text.vQueueAddToRegistry
                0x60004c7c       0xa0 ./freertos/freertos-kernel/queue.o
                0x60004c7c                vQueueAddToRegistry
 .text.prvAddNewTaskToReadyList
                0x60004d1c      0x12c ./freertos/freertos-kernel/tasks.o
 .text.vTaskDelay
                0x60004e48       0x6c ./freertos/freertos-kernel/tasks.o
                0x60004e48                vTaskDelay
 .text.vTaskStartScheduler
                0x60004eb4       0xa4 ./freertos/freertos-kernel/tasks.o
                0x60004eb4                vTaskStartScheduler
 .text.vTaskSuspendAll
                0x60004f58       0x1c ./freertos/freertos-kernel/tasks.o
                0x60004f58                vTaskSuspendAll
 .text.xTaskResumeAll
                0x60004f74      0x1f8 ./freertos/freertos-kernel/tasks.o
                0x60004f74                xTaskResumeAll
 .text.xTaskGetTickCount
                0x6000516c       0x20 ./freertos/freertos-kernel/tasks.o
                0x6000516c                xTaskGetTickCount
 .text.xTaskIncrementTick
                0x6000518c      0x214 ./freertos/freertos-kernel/tasks.o
                0x6000518c                xTaskIncrementTick
 .text.vTaskSwitchContext
                0x600053a0       0xb8 ./freertos/freertos-kernel/tasks.o
                0x600053a0                vTaskSwitchContext
 .text.vTaskPlaceOnEventList
                0x60005458       0x4c ./freertos/freertos-kernel/tasks.o
                0x60005458                vTaskPlaceOnEventList
 .text.vTaskPlaceOnEventListRestricted
                0x600054a4       0x8c ./freertos/freertos-kernel/tasks.o
                0x600054a4                vTaskPlaceOnEventListRestricted
 .text.xTaskRemoveFromEventList
                0x60005530      0x1b0 ./freertos/freertos-kernel/tasks.o
                0x60005530                xTaskRemoveFromEventList
 .text.vTaskInternalSetTimeOutState
                0x600056e0       0x2c ./freertos/freertos-kernel/tasks.o
                0x600056e0                vTaskInternalSetTimeOutState
 .text.xTaskCheckForTimeOut
                0x6000570c       0xd0 ./freertos/freertos-kernel/tasks.o
                0x6000570c                xTaskCheckForTimeOut
 .text.vTaskMissedYield
                0x600057dc       0x18 ./freertos/freertos-kernel/tasks.o
                0x600057dc                vTaskMissedYield
 .text.prvIdleTask
                0x600057f4       0x30 ./freertos/freertos-kernel/tasks.o
 .text.prvInitialiseTaskLists
                0x60005824       0x80 ./freertos/freertos-kernel/tasks.o
 .text.prvCheckTasksWaitingTermination
                0x600058a4       0x5c ./freertos/freertos-kernel/tasks.o
 .text.prvResetNextTaskUnblockTime
                0x60005900       0x38 ./freertos/freertos-kernel/tasks.o
 .text.xTaskGetSchedulerState
                0x60005938       0x3c ./freertos/freertos-kernel/tasks.o
                0x60005938                xTaskGetSchedulerState
 .text.xTaskPriorityDisinherit
                0x60005974      0x14c ./freertos/freertos-kernel/tasks.o
                0x60005974                xTaskPriorityDisinherit
 .text.prvAddCurrentTaskToDelayedList
                0x60005ac0      0x100 ./freertos/freertos-kernel/tasks.o
 .text.xTimerCreateTimerTask
                0x60005bc0       0x64 ./freertos/freertos-kernel/timers.o
                0x60005bc0                xTimerCreateTimerTask
 .text.prvProcessExpiredTimer
                0x60005c24       0x60 ./freertos/freertos-kernel/timers.o
 .text.prvProcessTimerOrBlockTask
                0x60005c84       0x9c ./freertos/freertos-kernel/timers.o
 .text.prvGetNextExpireTime
                0x60005d20       0x48 ./freertos/freertos-kernel/timers.o
 .text.prvSampleTimeNow
                0x60005d68       0x40 ./freertos/freertos-kernel/timers.o
 .text.prvInsertTimerInActiveList
                0x60005da8       0x84 ./freertos/freertos-kernel/timers.o
 .text.prvProcessReceivedCommands
                0x60005e2c      0x1bc ./freertos/freertos-kernel/timers.o
 .text.prvSwitchTimerLists
                0x60005fe8       0x4c ./freertos/freertos-kernel/timers.o
 .text.prvCheckForValidListAndQueue
                0x60006034       0x6c ./freertos/freertos-kernel/timers.o
 .text.CLOCK_GetOscFreq
                0x600060a0       0x30 ./drivers/fsl_clock.o
 .text.CLOCK_GetPeriphClkFreq
                0x600060d0       0xdc ./drivers/fsl_clock.o
 .text.CLOCK_GetPllUsb1SWFreq
                0x600061ac       0x44 ./drivers/fsl_clock.o
 .text.CLOCK_InitExternalClk
                0x600061f0       0x6c ./drivers/fsl_clock.o
                0x600061f0                CLOCK_InitExternalClk
 .text.CLOCK_SwitchOsc
                0x6000625c       0x34 ./drivers/fsl_clock.o
                0x6000625c                CLOCK_SwitchOsc
 .text.CLOCK_InitRcOsc24M
                0x60006290       0x24 ./drivers/fsl_clock.o
                0x60006290                CLOCK_InitRcOsc24M
 .text.CLOCK_GetAhbFreq
                0x600062b4       0x24 ./drivers/fsl_clock.o
                0x600062b4                CLOCK_GetAhbFreq
 .text.CLOCK_GetSemcFreq
                0x600062d8       0x5c ./drivers/fsl_clock.o
                0x600062d8                CLOCK_GetSemcFreq
 .text.CLOCK_GetIpgFreq
                0x60006334       0x24 ./drivers/fsl_clock.o
                0x60006334                CLOCK_GetIpgFreq
 .text.CLOCK_GetPerClkFreq
                0x60006358       0x40 ./drivers/fsl_clock.o
                0x60006358                CLOCK_GetPerClkFreq
 .text.CLOCK_GetFreq
                0x60006398      0x198 ./drivers/fsl_clock.o
                0x60006398                CLOCK_GetFreq
 .text.CLOCK_InitSysPll
                0x60006530       0x9c ./drivers/fsl_clock.o
                0x60006530                CLOCK_InitSysPll
 .text.CLOCK_DeinitAudioPll
                0x600065cc       0x1c ./drivers/fsl_clock.o
                0x600065cc                CLOCK_DeinitAudioPll
 .text.CLOCK_InitEnetPll
                0x600065e8       0xa4 ./drivers/fsl_clock.o
                0x600065e8                CLOCK_InitEnetPll
 .text.CLOCK_GetPllFreq
                0x6000668c      0x2a0 ./drivers/fsl_clock.o
                0x6000668c                CLOCK_GetPllFreq
 .text.CLOCK_InitSysPfd
                0x6000692c       0x64 ./drivers/fsl_clock.o
                0x6000692c                CLOCK_InitSysPfd
 .text.CLOCK_GetSysPfdFreq
                0x60006990       0xac ./drivers/fsl_clock.o
                0x60006990                CLOCK_GetSysPfdFreq
 .text.CLOCK_GetUsb1PfdFreq
                0x60006a3c       0xac ./drivers/fsl_clock.o
                0x60006a3c                CLOCK_GetUsb1PfdFreq
 .text.SDK_DelayAtLeastUs
                0x60006ae8       0x94 ./drivers/fsl_common_arm.o
                0x60006ae8                SDK_DelayAtLeastUs
 .text.EDMA_GetChannelStatusFlags
                0x60006b7c       0x74 ./drivers/fsl_edma.o
                0x60006b7c                EDMA_GetChannelStatusFlags
 .text.EDMA_HandleIRQ
                0x60006bf0      0x1c0 ./drivers/fsl_edma.o
                0x60006bf0                EDMA_HandleIRQ
 .text.DMA0_DMA16_DriverIRQHandler
                0x60006db0       0x50 ./drivers/fsl_edma.o
                0x60006db0                DMA0_DMA16_DriverIRQHandler
 .text.DMA1_DMA17_DriverIRQHandler
                0x60006e00       0x50 ./drivers/fsl_edma.o
                0x60006e00                DMA1_DMA17_DriverIRQHandler
 .text.DMA2_DMA18_DriverIRQHandler
                0x60006e50       0x50 ./drivers/fsl_edma.o
                0x60006e50                DMA2_DMA18_DriverIRQHandler
 .text.DMA3_DMA19_DriverIRQHandler
                0x60006ea0       0x50 ./drivers/fsl_edma.o
                0x60006ea0                DMA3_DMA19_DriverIRQHandler
 .text.DMA4_DMA20_DriverIRQHandler
                0x60006ef0       0x50 ./drivers/fsl_edma.o
                0x60006ef0                DMA4_DMA20_DriverIRQHandler
 .text.DMA5_DMA21_DriverIRQHandler
                0x60006f40       0x50 ./drivers/fsl_edma.o
                0x60006f40                DMA5_DMA21_DriverIRQHandler
 .text.DMA6_DMA22_DriverIRQHandler
                0x60006f90       0x50 ./drivers/fsl_edma.o
                0x60006f90                DMA6_DMA22_DriverIRQHandler
 .text.DMA7_DMA23_DriverIRQHandler
                0x60006fe0       0x50 ./drivers/fsl_edma.o
                0x60006fe0                DMA7_DMA23_DriverIRQHandler
 .text.DMA8_DMA24_DriverIRQHandler
                0x60007030       0x50 ./drivers/fsl_edma.o
                0x60007030                DMA8_DMA24_DriverIRQHandler
 .text.DMA9_DMA25_DriverIRQHandler
                0x60007080       0x50 ./drivers/fsl_edma.o
                0x60007080                DMA9_DMA25_DriverIRQHandler
 .text.DMA10_DMA26_DriverIRQHandler
                0x600070d0       0x50 ./drivers/fsl_edma.o
                0x600070d0                DMA10_DMA26_DriverIRQHandler
 .text.DMA11_DMA27_DriverIRQHandler
                0x60007120       0x50 ./drivers/fsl_edma.o
                0x60007120                DMA11_DMA27_DriverIRQHandler
 .text.DMA12_DMA28_DriverIRQHandler
                0x60007170       0x50 ./drivers/fsl_edma.o
                0x60007170                DMA12_DMA28_DriverIRQHandler
 .text.DMA13_DMA29_DriverIRQHandler
                0x600071c0       0x50 ./drivers/fsl_edma.o
                0x600071c0                DMA13_DMA29_DriverIRQHandler
 .text.DMA14_DMA30_DriverIRQHandler
                0x60007210       0x50 ./drivers/fsl_edma.o
                0x60007210                DMA14_DMA30_DriverIRQHandler
 .text.DMA15_DMA31_DriverIRQHandler
                0x60007260       0x50 ./drivers/fsl_edma.o
                0x60007260                DMA15_DMA31_DriverIRQHandler
 .text.CLOCK_ControlGate
                0x600072b0       0x60 ./drivers/fsl_gpio.o
 .text.GPIO_GetInstance
                0x60007310       0x4c ./drivers/fsl_gpio.o
 .text.GPIO_PinInit
                0x6000735c       0xa4 ./drivers/fsl_gpio.o
                0x6000735c                GPIO_PinInit
 .text.GPIO_PinWrite
                0x60007400       0x48 ./drivers/fsl_gpio.o
                0x60007400                GPIO_PinWrite
 .text.GPIO_PinSetInterruptConfig
                0x60007448       0xfc ./drivers/fsl_gpio.o
                0x60007448                GPIO_PinSetInterruptConfig
 .text.__NVIC_EnableIRQ
                0x60007544       0x3c ./drivers/fsl_lpi2c.o
 .text.CLOCK_ControlGate
                0x60007580       0x60 ./drivers/fsl_lpi2c.o
 .text.LPI2C_GetInstance
                0x600075e0       0x4c ./drivers/fsl_lpi2c.o
                0x600075e0                LPI2C_GetInstance
 .text.LPI2C_GetCyclesForWidth
                0x6000762c       0x9c ./drivers/fsl_lpi2c.o
 .text.LPI2C_MasterInit
                0x600076c8      0x1dc ./drivers/fsl_lpi2c.o
                0x600076c8                LPI2C_MasterInit
 .text.LPI2C_MasterSetBaudRate
                0x600078a4      0x2c4 ./drivers/fsl_lpi2c.o
                0x600078a4                LPI2C_MasterSetBaudRate
 .text.LPI2C_MasterTransferCreateHandle
                0x60007b68       0x7c ./drivers/fsl_lpi2c.o
                0x60007b68                LPI2C_MasterTransferCreateHandle
 .text.LPI2C_TransferStateMachineSendCommand
                0x60007be4      0x118 ./drivers/fsl_lpi2c.o
 .text.LPI2C_TransferStateMachineReadCommand
                0x60007cfc       0x60 ./drivers/fsl_lpi2c.o
 .text.LPI2C_TransferStateMachineTransferData
                0x60007d5c       0xa4 ./drivers/fsl_lpi2c.o
 .text.LPI2C_TransferStateMachineStopState
                0x60007e00       0x6c ./drivers/fsl_lpi2c.o
 .text.LPI2C_TransferStateMachineWaitState
                0x60007e6c       0x68 ./drivers/fsl_lpi2c.o
 .text.LPI2C_RunTransferStateMachine
                0x60007ed4      0x14c ./drivers/fsl_lpi2c.o
 .text.LPI2C_MasterTransferAbort
                0x60008020       0x54 ./drivers/fsl_lpi2c.o
                0x60008020                LPI2C_MasterTransferAbort
 .text.LPI2C_MasterTransferHandleIRQ
                0x60008074       0x8c ./drivers/fsl_lpi2c.o
                0x60008074                LPI2C_MasterTransferHandleIRQ
 .text.LPI2C_CommonIRQHandler
                0x60008100       0x78 ./drivers/fsl_lpi2c.o
 .text.LPI2C1_DriverIRQHandler
                0x60008178       0x14 ./drivers/fsl_lpi2c.o
                0x60008178                LPI2C1_DriverIRQHandler
 .text.LPI2C2_DriverIRQHandler
                0x6000818c       0x14 ./drivers/fsl_lpi2c.o
                0x6000818c                LPI2C2_DriverIRQHandler
 .text.LPI2C3_DriverIRQHandler
                0x600081a0       0x14 ./drivers/fsl_lpi2c.o
                0x600081a0                LPI2C3_DriverIRQHandler
 .text.LPI2C4_DriverIRQHandler
                0x600081b4       0x14 ./drivers/fsl_lpi2c.o
                0x600081b4                LPI2C4_DriverIRQHandler
 .text.__NVIC_EnableIRQ
                0x600081c8       0x3c ./drivers/fsl_lpspi.o
 .text.CLOCK_ControlGate
                0x60008204       0x60 ./drivers/fsl_lpspi.o
 .text.LPSPI_GetInstance
                0x60008264       0x50 ./drivers/fsl_lpspi.o
                0x60008264                LPSPI_GetInstance
 .text.LPSPI_SetDummyData
                0x600082b4       0x2c ./drivers/fsl_lpspi.o
                0x600082b4                LPSPI_SetDummyData
 .text.LPSPI_MasterInit
                0x600082e0      0x170 ./drivers/fsl_lpspi.o
                0x600082e0                LPSPI_MasterInit
 .text.LPSPI_MasterGetDefaultConfig
                0x60008450       0xa0 ./drivers/fsl_lpspi.o
                0x60008450                LPSPI_MasterGetDefaultConfig
 .text.LPSPI_MasterSetBaudRate
                0x600084f0       0xf8 ./drivers/fsl_lpspi.o
                0x600084f0                LPSPI_MasterSetBaudRate
 .text.LPSPI_MasterSetDelayScaler
                0x600085e8       0x78 ./drivers/fsl_lpspi.o
                0x600085e8                LPSPI_MasterSetDelayScaler
 .text.LPSPI_MasterTransferCreateHandle
                0x60008660       0x60 ./drivers/fsl_lpspi.o
                0x60008660                LPSPI_MasterTransferCreateHandle
 .text.LPSPI_CheckTransferArgument
                0x600086c0       0xf0 ./drivers/fsl_lpspi.o
                0x600086c0                LPSPI_CheckTransferArgument
 .text.LPSPI_MasterTransferNonBlocking
                0x600087b0      0x3d4 ./drivers/fsl_lpspi.o
                0x600087b0                LPSPI_MasterTransferNonBlocking
 .text.LPSPI_MasterTransferFillUpTxFifo
                0x60008b84      0x11c ./drivers/fsl_lpspi.o
 .text.LPSPI_MasterTransferComplete
                0x60008ca0       0x4c ./drivers/fsl_lpspi.o
 .text.LPSPI_MasterTransferHandleIRQ
                0x60008cec      0x220 ./drivers/fsl_lpspi.o
                0x60008cec                LPSPI_MasterTransferHandleIRQ
 .text.LPSPI_CombineWriteData
                0x60008f0c      0x1bc ./drivers/fsl_lpspi.o
 .text.LPSPI_SeparateReadData
                0x600090c8      0x1b0 ./drivers/fsl_lpspi.o
 .text.LPSPI_CommonIRQHandler
                0x60009278       0x44 ./drivers/fsl_lpspi.o
 .text.LPSPI1_DriverIRQHandler
                0x600092bc       0x30 ./drivers/fsl_lpspi.o
                0x600092bc                LPSPI1_DriverIRQHandler
 .text.LPSPI2_DriverIRQHandler
                0x600092ec       0x30 ./drivers/fsl_lpspi.o
                0x600092ec                LPSPI2_DriverIRQHandler
 .text.LPSPI3_DriverIRQHandler
                0x6000931c       0x30 ./drivers/fsl_lpspi.o
                0x6000931c                LPSPI3_DriverIRQHandler
 .text.LPSPI4_DriverIRQHandler
                0x6000934c       0x30 ./drivers/fsl_lpspi.o
                0x6000934c                LPSPI4_DriverIRQHandler
 .text.CLOCK_ControlGate
                0x6000937c       0x60 ./drivers/fsl_lpuart.o
 .text.LPUART_GetInstance
                0x600093dc       0x4c ./drivers/fsl_lpuart.o
                0x600093dc                LPUART_GetInstance
 .text.LPUART_Init
                0x60009428      0x320 ./drivers/fsl_lpuart.o
                0x60009428                LPUART_Init
 .text.LPUART_GetDefaultConfig
                0x60009748       0x88 ./drivers/fsl_lpuart.o
                0x60009748                LPUART_GetDefaultConfig
 .text.LPUART_WriteBlocking
                0x600097d0       0x68 ./drivers/fsl_lpuart.o
                0x600097d0                LPUART_WriteBlocking
 .text.LPUART1_DriverIRQHandler
                0x60009838       0x28 ./drivers/fsl_lpuart.o
                0x60009838                LPUART1_DriverIRQHandler
 .text.LPUART2_DriverIRQHandler
                0x60009860       0x28 ./drivers/fsl_lpuart.o
                0x60009860                LPUART2_DriverIRQHandler
 .text.LPUART3_DriverIRQHandler
                0x60009888       0x28 ./drivers/fsl_lpuart.o
                0x60009888                LPUART3_DriverIRQHandler
 .text.LPUART4_DriverIRQHandler
                0x600098b0       0x28 ./drivers/fsl_lpuart.o
                0x600098b0                LPUART4_DriverIRQHandler
 .text.LPUART5_DriverIRQHandler
                0x600098d8       0x28 ./drivers/fsl_lpuart.o
                0x600098d8                LPUART5_DriverIRQHandler
 .text.LPUART6_DriverIRQHandler
                0x60009900       0x28 ./drivers/fsl_lpuart.o
                0x60009900                LPUART6_DriverIRQHandler
 .text.LPUART7_DriverIRQHandler
                0x60009928       0x28 ./drivers/fsl_lpuart.o
                0x60009928                LPUART7_DriverIRQHandler
 .text.LPUART8_DriverIRQHandler
                0x60009950       0x28 ./drivers/fsl_lpuart.o
                0x60009950                LPUART8_DriverIRQHandler
 .text.CLOCK_ControlGate
                0x60009978       0x60 ./drivers/fsl_pwm.o
 .text.PWM_GetInstance
                0x600099d8       0x4c ./drivers/fsl_pwm.o
 .text.PWM_Init
                0x60009a24      0x288 ./drivers/fsl_pwm.o
                0x60009a24                PWM_Init
 .text.PWM_SetupFaultInputFilter
                0x60009cac       0x78 ./drivers/fsl_pwm.o
                0x60009cac                PWM_SetupFaultInputFilter
 .text.PWM_SetupFaults
                0x60009d24      0x1f8 ./drivers/fsl_pwm.o
                0x60009d24                PWM_SetupFaults
 .text.SystemInit
                0x60009f1c      0x144 ./device/system_MIMXRT1021.o
                0x60009f1c                SystemInit
 .text.HAL_UartInitCommon
                0x6000a060       0xe0 ./component/uart/fsl_adapter_lpuart.o
 .text.HAL_UartInit
                0x6000a140       0x84 ./component/uart/fsl_adapter_lpuart.o
                0x6000a140                HAL_UartInit
 .text.HAL_UartSendBlocking
                0x6000a1c4       0x64 ./component/uart/fsl_adapter_lpuart.o
                0x6000a1c4                HAL_UartSendBlocking
 .text.ARM_MPU_Enable
                0x6000a228       0x44 ./board/board.o
 .text.ARM_MPU_Disable
                0x6000a26c       0x40 ./board/board.o
 .text.CLOCK_GetMux
                0x6000a2ac       0x44 ./board/board.o
 .text.CLOCK_GetDiv
                0x6000a2f0       0x44 ./board/board.o
 .text.CLOCK_GetOscFreq
                0x6000a334       0x30 ./board/board.o
 .text.BOARD_DebugConsoleSrcFreq
                0x6000a364       0x64 ./board/board.o
                0x6000a364                BOARD_DebugConsoleSrcFreq
 .text.BOARD_ConfigMPU
                0x6000a3c8      0x324 ./board/board.o
                0x6000a3c8                BOARD_ConfigMPU
 .text.CLOCK_SetMux
                0x6000a6ec       0x9c ./board/clock_config.o
 .text.CLOCK_SetDiv
                0x6000a788       0x9c ./board/clock_config.o
 .text.CLOCK_ControlGate
                0x6000a824       0x60 ./board/clock_config.o
 .text.CLOCK_SetXtalFreq
                0x6000a884       0x20 ./board/clock_config.o
 .text.CLOCK_SetRtcXtalFreq
                0x6000a8a4       0x20 ./board/clock_config.o
 .text.IOMUXC_MQSConfig
                0x6000a8c4       0x44 ./board/clock_config.o
 .text.BOARD_BootClockRUN
                0x6000a908      0x4ec ./board/clock_config.o
                0x6000a908                BOARD_BootClockRUN
 .text.LPUART1_init
                0x6000adf4       0x20 ./board/peripherals.o
 .text.LPSPI4_init
                0x6000ae14       0x20 ./board/peripherals.o
 .text.LPI2C1_init
                0x6000ae34       0x30 ./board/peripherals.o
 .text.PWM2_init
                0x6000ae64       0x60 ./board/peripherals.o
 .text.CLOCK_ControlGate
                0x6000aec4       0x60 ./board/pin_mux.o
 .text.BOARD_InitPins
                0x6000af24      0x294 ./board/pin_mux.o
                0x6000af24                BOARD_InitPins
 .text.BOARD_InitDEBUG_UARTPins
                0x6000b1b8       0xd0 ./board/pin_mux.o
                0x6000b1b8                BOARD_InitDEBUG_UARTPins
 .text.malloc   0x6000b288       0xe8 d:/tools/mcuxpressoide_11.9.0_2144/ide/plugins/com.nxp.mcuxpresso.tools.win32_11.9.0.202307121226/tools/bin/../lib/gcc/arm-none-eabi/12.3.1/../../../../arm-none-eabi/lib/thumb/v7e-m+fp/hard\libcr_c.a(alloc.o)
                0x6000b288                malloc
 .text._Csys_alloc
                0x6000b370       0x20 d:/tools/mcuxpressoide_11.9.0_2144/ide/plugins/com.nxp.mcuxpresso.tools.win32_11.9.0.202307121226/tools/bin/../lib/gcc/arm-none-eabi/12.3.1/../../../../arm-none-eabi/lib/thumb/v7e-m+fp/hard\libcr_c.a(alloc.o)
                0x6000b370                _Csys_alloc
 .text.ceil     0x6000b390       0x94 d:/tools/mcuxpressoide_11.9.0_2144/ide/plugins/com.nxp.mcuxpresso.tools.win32_11.9.0.202307121226/tools/bin/../lib/gcc/arm-none-eabi/12.3.1/../../../../arm-none-eabi/lib/thumb/v7e-m+fp/hard\libcr_c.a(ceil.o)
                0x6000b390                ceil
 .text._initio  0x6000b424       0x78 d:/tools/mcuxpressoide_11.9.0_2144/ide/plugins/com.nxp.mcuxpresso.tools.win32_11.9.0.202307121226/tools/bin/../lib/gcc/arm-none-eabi/12.3.1/../../../../arm-none-eabi/lib/thumb/v7e-m+fp/hard\libcr_c.a(initio.o)
                0x6000b424                _initio
 .text.__vfprintf
                0x6000b49c      0xb80 d:/tools/mcuxpressoide_11.9.0_2144/ide/plugins/com.nxp.mcuxpresso.tools.win32_11.9.0.202307121226/tools/bin/../lib/gcc/arm-none-eabi/12.3.1/../../../../arm-none-eabi/lib/thumb/v7e-m+fp/hard\libcr_c.a(printf.o)
                0x6000b49c                __vfprintf
 .text._snprintf
                0x6000c01c       0x78 d:/tools/mcuxpressoide_11.9.0_2144/ide/plugins/com.nxp.mcuxpresso.tools.win32_11.9.0.202307121226/tools/bin/../lib/gcc/arm-none-eabi/12.3.1/../../../../arm-none-eabi/lib/thumb/v7e-m+fp/hard\libcr_c.a(printf.o)
                0x6000c01c                _snprintf
 .text._vsnprintf
                0x6000c094       0x68 d:/tools/mcuxpressoide_11.9.0_2144/ide/plugins/com.nxp.mcuxpresso.tools.win32_11.9.0.202307121226/tools/bin/../lib/gcc/arm-none-eabi/12.3.1/../../../../arm-none-eabi/lib/thumb/v7e-m+fp/hard\libcr_c.a(printf.o)
                0x6000c094                _vsnprintf
 .text._printf  0x6000c0fc       0x54 d:/tools/mcuxpressoide_11.9.0_2144/ide/plugins/com.nxp.mcuxpresso.tools.win32_11.9.0.202307121226/tools/bin/../lib/gcc/arm-none-eabi/12.3.1/../../../../arm-none-eabi/lib/thumb/v7e-m+fp/hard\libcr_c.a(printf.o)
                0x6000c0fc                _printf
 .text._sbrk    0x6000c150       0x3c d:/tools/mcuxpressoide_11.9.0_2144/ide/plugins/com.nxp.mcuxpresso.tools.win32_11.9.0.202307121226/tools/bin/../lib/gcc/arm-none-eabi/12.3.1/../../../../arm-none-eabi/lib/thumb/v7e-m+fp/hard\libcr_c.a(_cr_sbrk.o)
                0x6000c150                _sbrk
 .text._Cwritebuf
                0x6000c18c       0x6c d:/tools/mcuxpressoide_11.9.0_2144/ide/plugins/com.nxp.mcuxpresso.tools.win32_11.9.0.202307121226/tools/bin/../lib/gcc/arm-none-eabi/12.3.1/../../../../arm-none-eabi/lib/thumb/v7e-m+fp/hard\libcr_c.a(_writebuf.o)
                0x6000c18c                _Cwritebuf
 .text.fflush   0x6000c1f8       0x3c d:/tools/mcuxpressoide_11.9.0_2144/ide/plugins/com.nxp.mcuxpresso.tools.win32_11.9.0.202307121226/tools/bin/../lib/gcc/arm-none-eabi/12.3.1/../../../../arm-none-eabi/lib/thumb/v7e-m+fp/hard\libcr_c.a(fflush.o)
                0x6000c1f8                fflush
 .text.fseek    0x6000c234       0xf8 d:/tools/mcuxpressoide_11.9.0_2144/ide/plugins/com.nxp.mcuxpresso.tools.win32_11.9.0.202307121226/tools/bin/../lib/gcc/arm-none-eabi/12.3.1/../../../../arm-none-eabi/lib/thumb/v7e-m+fp/hard\libcr_c.a(fseek.o)
                0x6000c234                fseek
 .text.ftell    0x6000c32c       0x44 d:/tools/mcuxpressoide_11.9.0_2144/ide/plugins/com.nxp.mcuxpresso.tools.win32_11.9.0.202307121226/tools/bin/../lib/gcc/arm-none-eabi/12.3.1/../../../../arm-none-eabi/lib/thumb/v7e-m+fp/hard\libcr_c.a(ftell.o)
                0x6000c32c                ftell
 .text.__check_heap_overflow
                0x6000c370       0x18 d:/tools/mcuxpressoide_11.9.0_2144/ide/plugins/com.nxp.mcuxpresso.tools.win32_11.9.0.202307121226/tools/bin/../lib/gcc/arm-none-eabi/12.3.1/../../../../arm-none-eabi/lib/thumb/v7e-m+fp/hard\libcr_c.a(_cr_check_heap.o)
                0x6000c370                __check_heap_overflow
 .text.__aeabi_dmul
                0x6000c388       0xfc d:/tools/mcuxpressoide_11.9.0_2144/ide/plugins/com.nxp.mcuxpresso.tools.win32_11.9.0.202307121226/tools/bin/../lib/gcc/arm-none-eabi/12.3.1/thumb/v7e-m+fp/hard\libcr_eabihelpers.a(double.o)
                0x6000c388                __aeabi_dmul
 .text.__aeabi_ddiv
                0x6000c484      0x12c d:/tools/mcuxpressoide_11.9.0_2144/ide/plugins/com.nxp.mcuxpresso.tools.win32_11.9.0.202307121226/tools/bin/../lib/gcc/arm-none-eabi/12.3.1/thumb/v7e-m+fp/hard\libcr_eabihelpers.a(double.o)
                0x6000c484                __aeabi_ddiv
 .text.__aeabi_dsub
                0x6000c5b0      0x1b4 d:/tools/mcuxpressoide_11.9.0_2144/ide/plugins/com.nxp.mcuxpresso.tools.win32_11.9.0.202307121226/tools/bin/../lib/gcc/arm-none-eabi/12.3.1/thumb/v7e-m+fp/hard\libcr_eabihelpers.a(double.o)
                0x6000c5b0                __aeabi_dsub
 .text.__aeabi_dadd
                0x6000c764      0x138 d:/tools/mcuxpressoide_11.9.0_2144/ide/plugins/com.nxp.mcuxpresso.tools.win32_11.9.0.202307121226/tools/bin/../lib/gcc/arm-none-eabi/12.3.1/thumb/v7e-m+fp/hard\libcr_eabihelpers.a(double.o)
                0x6000c764                __aeabi_dadd
 .text.__aeabi_d2f
                0x6000c89c       0x58 d:/tools/mcuxpressoide_11.9.0_2144/ide/plugins/com.nxp.mcuxpresso.tools.win32_11.9.0.202307121226/tools/bin/../lib/gcc/arm-none-eabi/12.3.1/thumb/v7e-m+fp/hard\libcr_eabihelpers.a(double.o)
                0x6000c89c                __aeabi_d2f
 .text.__aeabi_f2d
                0x6000c8f4       0x38 d:/tools/mcuxpressoide_11.9.0_2144/ide/plugins/com.nxp.mcuxpresso.tools.win32_11.9.0.202307121226/tools/bin/../lib/gcc/arm-none-eabi/12.3.1/thumb/v7e-m+fp/hard\libcr_eabihelpers.a(float.o)
                0x6000c8f4                __aeabi_f2d
 .text.fsl_assert_hook
                0x6000c92c       0x1a ./utilities/fsl_assert.o
                0x6000c92c                fsl_assert_hook
 .text.DbgConsole_PrintCallback
                0x6000c946       0x66 ./utilities/fsl_debug_console.o
 .text.DbgConsole_Printf
                0x6000c9ac       0x2c ./utilities/fsl_debug_console.o
                0x6000c9ac                DbgConsole_Printf
 .text.__sys_write
                0x6000c9d8       0x3e ./utilities/fsl_debug_console.o
                0x6000c9d8                __sys_write
 .text.PrintGetWidth
                0x6000ca16       0x6a ./utilities/fsl_str.o
 .text.PrintGetPrecision
                0x6000ca80       0x8c ./utilities/fsl_str.o
 .text.PrintIsobpu
                0x6000cb0c       0x38 ./utilities/fsl_str.o
 .text.PrintIsdi
                0x6000cb44       0x2c ./utilities/fsl_str.o
 .text.PrintOutputdifFobpu
                0x6000cb70       0x44 ./utilities/fsl_str.o
 .text.PrintOutputxX
                0x6000cbb4       0x44 ./utilities/fsl_str.o
 .text.PrintIsfF
                0x6000cbf8       0x2c ./utilities/fsl_str.o
 .text.PrintIsxX
                0x6000cc24       0x2c ./utilities/fsl_str.o
 .text.PrintFilterLengthFlag
                0x6000cc50       0x3e ./utilities/fsl_str.o
 .text.PrintGetRadixFromobpu
                0x6000cc8e       0x40 ./utilities/fsl_str.o
 .text.ConvertRadixNumToString
                0x6000ccce       0xc2 ./utilities/fsl_str.o
 .text.StrFormatExaminedi
                0x6000cd90       0x26 ./utilities/fsl_str.o
 .text.StrFormatExaminexX
                0x6000cdb6       0x26 ./utilities/fsl_str.o
 .text.StrFormatExamineobpu
                0x6000cddc       0x26 ./utilities/fsl_str.o
 .text.ConvertPrecisionWidthToLength
                0x6000ce02       0x20 ./utilities/fsl_str.o
 .text.StrFormatPrintf
                0x6000ce22      0x2bc ./utilities/fsl_str.o
                0x6000ce22                StrFormatPrintf
 .text.DMA0_DMA16_IRQHandler
                0x6000d0de        0x8 ./startup/startup_mimxrt1021.o
                0x6000d0de                DMA0_DMA16_IRQHandler
 .text.DMA1_DMA17_IRQHandler
                0x6000d0e6        0x8 ./startup/startup_mimxrt1021.o
                0x6000d0e6                DMA1_DMA17_IRQHandler
 .text.DMA2_DMA18_IRQHandler
                0x6000d0ee        0x8 ./startup/startup_mimxrt1021.o
                0x6000d0ee                DMA2_DMA18_IRQHandler
 .text.DMA3_DMA19_IRQHandler
                0x6000d0f6        0x8 ./startup/startup_mimxrt1021.o
                0x6000d0f6                DMA3_DMA19_IRQHandler
 .text.DMA4_DMA20_IRQHandler
                0x6000d0fe        0x8 ./startup/startup_mimxrt1021.o
                0x6000d0fe                DMA4_DMA20_IRQHandler
 .text.DMA5_DMA21_IRQHandler
                0x6000d106        0x8 ./startup/startup_mimxrt1021.o
                0x6000d106                DMA5_DMA21_IRQHandler
 .text.DMA6_DMA22_IRQHandler
                0x6000d10e        0x8 ./startup/startup_mimxrt1021.o
                0x6000d10e                DMA6_DMA22_IRQHandler
 .text.DMA7_DMA23_IRQHandler
                0x6000d116        0x8 ./startup/startup_mimxrt1021.o
                0x6000d116                DMA7_DMA23_IRQHandler
 .text.DMA8_DMA24_IRQHandler
                0x6000d11e        0x8 ./startup/startup_mimxrt1021.o
                0x6000d11e                DMA8_DMA24_IRQHandler
 .text.DMA9_DMA25_IRQHandler
                0x6000d126        0x8 ./startup/startup_mimxrt1021.o
                0x6000d126                DMA9_DMA25_IRQHandler
 .text.DMA10_DMA26_IRQHandler
                0x6000d12e        0x8 ./startup/startup_mimxrt1021.o
                0x6000d12e                DMA10_DMA26_IRQHandler
 .text.DMA11_DMA27_IRQHandler
                0x6000d136        0x8 ./startup/startup_mimxrt1021.o
                0x6000d136                DMA11_DMA27_IRQHandler
 .text.DMA12_DMA28_IRQHandler
                0x6000d13e        0x8 ./startup/startup_mimxrt1021.o
                0x6000d13e                DMA12_DMA28_IRQHandler
 .text.DMA13_DMA29_IRQHandler
                0x6000d146        0x8 ./startup/startup_mimxrt1021.o
                0x6000d146                DMA13_DMA29_IRQHandler
 .text.DMA14_DMA30_IRQHandler
                0x6000d14e        0x8 ./startup/startup_mimxrt1021.o
                0x6000d14e                DMA14_DMA30_IRQHandler
 .text.DMA15_DMA31_IRQHandler
                0x6000d156        0x8 ./startup/startup_mimxrt1021.o
                0x6000d156                DMA15_DMA31_IRQHandler
 .text.DMA_ERROR_IRQHandler
                0x6000d15e        0x8 ./startup/startup_mimxrt1021.o
                0x6000d15e                DMA_ERROR_IRQHandler
 .text.CTI0_ERROR_IRQHandler
                0x6000d166        0x8 ./startup/startup_mimxrt1021.o
                0x6000d166                CTI0_ERROR_IRQHandler
 .text.CTI1_ERROR_IRQHandler
                0x6000d16e        0x8 ./startup/startup_mimxrt1021.o
                0x6000d16e                CTI1_ERROR_IRQHandler
 .text.CORE_IRQHandler
                0x6000d176        0x8 ./startup/startup_mimxrt1021.o
                0x6000d176                CORE_IRQHandler
 .text.LPUART1_IRQHandler
                0x6000d17e        0x8 ./startup/startup_mimxrt1021.o
                0x6000d17e                LPUART1_IRQHandler
 .text.LPUART2_IRQHandler
                0x6000d186        0x8 ./startup/startup_mimxrt1021.o
                0x6000d186                LPUART2_IRQHandler
 .text.LPUART3_IRQHandler
                0x6000d18e        0x8 ./startup/startup_mimxrt1021.o
                0x6000d18e                LPUART3_IRQHandler
 .text.LPUART4_IRQHandler
                0x6000d196        0x8 ./startup/startup_mimxrt1021.o
                0x6000d196                LPUART4_IRQHandler
 .text.LPUART5_IRQHandler
                0x6000d19e        0x8 ./startup/startup_mimxrt1021.o
                0x6000d19e                LPUART5_IRQHandler
 .text.LPUART6_IRQHandler
                0x6000d1a6        0x8 ./startup/startup_mimxrt1021.o
                0x6000d1a6                LPUART6_IRQHandler
 .text.LPUART7_IRQHandler
                0x6000d1ae        0x8 ./startup/startup_mimxrt1021.o
                0x6000d1ae                LPUART7_IRQHandler
 .text.LPUART8_IRQHandler
                0x6000d1b6        0x8 ./startup/startup_mimxrt1021.o
                0x6000d1b6                LPUART8_IRQHandler
 .text.LPI2C1_IRQHandler
                0x6000d1be        0x8 ./startup/startup_mimxrt1021.o
                0x6000d1be                LPI2C1_IRQHandler
 .text.LPI2C2_IRQHandler
                0x6000d1c6        0x8 ./startup/startup_mimxrt1021.o
                0x6000d1c6                LPI2C2_IRQHandler
 .text.LPI2C3_IRQHandler
                0x6000d1ce        0x8 ./startup/startup_mimxrt1021.o
                0x6000d1ce                LPI2C3_IRQHandler
 .text.LPI2C4_IRQHandler
                0x6000d1d6        0x8 ./startup/startup_mimxrt1021.o
                0x6000d1d6                LPI2C4_IRQHandler
 .text.LPSPI1_IRQHandler
                0x6000d1de        0x8 ./startup/startup_mimxrt1021.o
                0x6000d1de                LPSPI1_IRQHandler
 .text.LPSPI2_IRQHandler
                0x6000d1e6        0x8 ./startup/startup_mimxrt1021.o
                0x6000d1e6                LPSPI2_IRQHandler
 .text.LPSPI3_IRQHandler
                0x6000d1ee        0x8 ./startup/startup_mimxrt1021.o
                0x6000d1ee                LPSPI3_IRQHandler
 .text.LPSPI4_IRQHandler
                0x6000d1f6        0x8 ./startup/startup_mimxrt1021.o
                0x6000d1f6                LPSPI4_IRQHandler
 .text.CAN1_IRQHandler
                0x6000d1fe        0x8 ./startup/startup_mimxrt1021.o
                0x6000d1fe                CAN1_IRQHandler
 .text.CAN2_IRQHandler
                0x6000d206        0x8 ./startup/startup_mimxrt1021.o
                0x6000d206                CAN2_IRQHandler
 .text.FLEXRAM_IRQHandler
                0x6000d20e        0x8 ./startup/startup_mimxrt1021.o
                0x6000d20e                FLEXRAM_IRQHandler
 .text.KPP_IRQHandler
                0x6000d216        0x8 ./startup/startup_mimxrt1021.o
                0x6000d216                KPP_IRQHandler
 .text.Reserved56_IRQHandler
                0x6000d21e        0x8 ./startup/startup_mimxrt1021.o
                0x6000d21e                Reserved56_IRQHandler
 .text.GPR_IRQ_IRQHandler
                0x6000d226        0x8 ./startup/startup_mimxrt1021.o
                0x6000d226                GPR_IRQ_IRQHandler
 .text.Reserved58_IRQHandler
                0x6000d22e        0x8 ./startup/startup_mimxrt1021.o
                0x6000d22e                Reserved58_IRQHandler
 .text.Reserved59_IRQHandler
                0x6000d236        0x8 ./startup/startup_mimxrt1021.o
                0x6000d236                Reserved59_IRQHandler
 .text.Reserved60_IRQHandler
                0x6000d23e        0x8 ./startup/startup_mimxrt1021.o
                0x6000d23e                Reserved60_IRQHandler
 .text.WDOG2_IRQHandler
                0x6000d246        0x8 ./startup/startup_mimxrt1021.o
                0x6000d246                WDOG2_IRQHandler
 .text.SNVS_HP_WRAPPER_IRQHandler
                0x6000d24e        0x8 ./startup/startup_mimxrt1021.o
                0x6000d24e                SNVS_HP_WRAPPER_IRQHandler
 .text.SNVS_HP_WRAPPER_TZ_IRQHandler
                0x6000d256        0x8 ./startup/startup_mimxrt1021.o
                0x6000d256                SNVS_HP_WRAPPER_TZ_IRQHandler
 .text.SNVS_LP_HP_WRAPPER_IRQHandler
                0x6000d25e        0x8 ./startup/startup_mimxrt1021.o
                0x6000d25e                SNVS_LP_HP_WRAPPER_IRQHandler
 .text.CSU_IRQHandler
                0x6000d266        0x8 ./startup/startup_mimxrt1021.o
                0x6000d266                CSU_IRQHandler
 .text.DCP_IRQHandler
                0x6000d26e        0x8 ./startup/startup_mimxrt1021.o
                0x6000d26e                DCP_IRQHandler
 .text.DCP_VMI_IRQHandler
                0x6000d276        0x8 ./startup/startup_mimxrt1021.o
                0x6000d276                DCP_VMI_IRQHandler
 .text.Reserved68_IRQHandler
                0x6000d27e        0x8 ./startup/startup_mimxrt1021.o
                0x6000d27e                Reserved68_IRQHandler
 .text.TRNG_IRQHandler
                0x6000d286        0x8 ./startup/startup_mimxrt1021.o
                0x6000d286                TRNG_IRQHandler
 .text.Reserved70_IRQHandler
                0x6000d28e        0x8 ./startup/startup_mimxrt1021.o
                0x6000d28e                Reserved70_IRQHandler
 .text.BEE_IRQHandler
                0x6000d296        0x8 ./startup/startup_mimxrt1021.o
                0x6000d296                BEE_IRQHandler
 .text.SAI1_IRQHandler
                0x6000d29e        0x8 ./startup/startup_mimxrt1021.o
                0x6000d29e                SAI1_IRQHandler
 .text.SAI2_IRQHandler
                0x6000d2a6        0x8 ./startup/startup_mimxrt1021.o
                0x6000d2a6                SAI2_IRQHandler
 .text.SAI3_RX_IRQHandler
                0x6000d2ae        0x8 ./startup/startup_mimxrt1021.o
                0x6000d2ae                SAI3_RX_IRQHandler
 .text.SAI3_TX_IRQHandler
                0x6000d2b6        0x8 ./startup/startup_mimxrt1021.o
                0x6000d2b6                SAI3_TX_IRQHandler
 .text.SPDIF_IRQHandler
                0x6000d2be        0x8 ./startup/startup_mimxrt1021.o
                0x6000d2be                SPDIF_IRQHandler
 .text.PMU_IRQHandler
                0x6000d2c6        0x8 ./startup/startup_mimxrt1021.o
                0x6000d2c6                PMU_IRQHandler
 .text.Reserved78_IRQHandler
                0x6000d2ce        0x8 ./startup/startup_mimxrt1021.o
                0x6000d2ce                Reserved78_IRQHandler
 .text.TEMP_LOW_HIGH_IRQHandler
                0x6000d2d6        0x8 ./startup/startup_mimxrt1021.o
                0x6000d2d6                TEMP_LOW_HIGH_IRQHandler
 .text.TEMP_PANIC_IRQHandler
                0x6000d2de        0x8 ./startup/startup_mimxrt1021.o
                0x6000d2de                TEMP_PANIC_IRQHandler
 .text.USB_PHY_IRQHandler
                0x6000d2e6        0x8 ./startup/startup_mimxrt1021.o
                0x6000d2e6                USB_PHY_IRQHandler
 .text.Reserved82_IRQHandler
                0x6000d2ee        0x8 ./startup/startup_mimxrt1021.o
                0x6000d2ee                Reserved82_IRQHandler
 .text.ADC1_IRQHandler
                0x6000d2f6        0x8 ./startup/startup_mimxrt1021.o
                0x6000d2f6                ADC1_IRQHandler
 .text.ADC2_IRQHandler
                0x6000d2fe        0x8 ./startup/startup_mimxrt1021.o
                0x6000d2fe                ADC2_IRQHandler
 .text.DCDC_IRQHandler
                0x6000d306        0x8 ./startup/startup_mimxrt1021.o
                0x6000d306                DCDC_IRQHandler
 .text.Reserved86_IRQHandler
                0x6000d30e        0x8 ./startup/startup_mimxrt1021.o
                0x6000d30e                Reserved86_IRQHandler
 .text.Reserved87_IRQHandler
                0x6000d316        0x8 ./startup/startup_mimxrt1021.o
                0x6000d316                Reserved87_IRQHandler
 .text.GPIO1_INT0_IRQHandler
                0x6000d31e        0x8 ./startup/startup_mimxrt1021.o
                0x6000d31e                GPIO1_INT0_IRQHandler
 .text.GPIO1_INT1_IRQHandler
                0x6000d326        0x8 ./startup/startup_mimxrt1021.o
                0x6000d326                GPIO1_INT1_IRQHandler
 .text.GPIO1_INT2_IRQHandler
                0x6000d32e        0x8 ./startup/startup_mimxrt1021.o
                0x6000d32e                GPIO1_INT2_IRQHandler
 .text.GPIO1_INT3_IRQHandler
                0x6000d336        0x8 ./startup/startup_mimxrt1021.o
                0x6000d336                GPIO1_INT3_IRQHandler
 .text.GPIO1_INT4_IRQHandler
                0x6000d33e        0x8 ./startup/startup_mimxrt1021.o
                0x6000d33e                GPIO1_INT4_IRQHandler
 .text.GPIO1_INT5_IRQHandler
                0x6000d346        0x8 ./startup/startup_mimxrt1021.o
                0x6000d346                GPIO1_INT5_IRQHandler
 .text.GPIO1_INT6_IRQHandler
                0x6000d34e        0x8 ./startup/startup_mimxrt1021.o
                0x6000d34e                GPIO1_INT6_IRQHandler
 .text.GPIO1_INT7_IRQHandler
                0x6000d356        0x8 ./startup/startup_mimxrt1021.o
                0x6000d356                GPIO1_INT7_IRQHandler
 .text.GPIO1_Combined_0_15_IRQHandler
                0x6000d35e        0x8 ./startup/startup_mimxrt1021.o
                0x6000d35e                GPIO1_Combined_0_15_IRQHandler
 .text.GPIO1_Combined_16_31_IRQHandler
                0x6000d366        0x8 ./startup/startup_mimxrt1021.o
                0x6000d366                GPIO1_Combined_16_31_IRQHandler
 .text.GPIO2_Combined_0_15_IRQHandler
                0x6000d36e        0x8 ./startup/startup_mimxrt1021.o
                0x6000d36e                GPIO2_Combined_0_15_IRQHandler
 .text.GPIO2_Combined_16_31_IRQHandler
                0x6000d376        0x8 ./startup/startup_mimxrt1021.o
                0x6000d376                GPIO2_Combined_16_31_IRQHandler
 .text.GPIO3_Combined_0_15_IRQHandler
                0x6000d37e        0x8 ./startup/startup_mimxrt1021.o
                0x6000d37e                GPIO3_Combined_0_15_IRQHandler
 .text.GPIO3_Combined_16_31_IRQHandler
                0x6000d386        0x8 ./startup/startup_mimxrt1021.o
                0x6000d386                GPIO3_Combined_16_31_IRQHandler
 .text.Reserved102_IRQHandler
                0x6000d38e        0x8 ./startup/startup_mimxrt1021.o
                0x6000d38e                Reserved102_IRQHandler
 .text.Reserved103_IRQHandler
                0x6000d396        0x8 ./startup/startup_mimxrt1021.o
                0x6000d396                Reserved103_IRQHandler
 .text.GPIO5_Combined_0_15_IRQHandler
                0x6000d39e        0x8 ./startup/startup_mimxrt1021.o
                0x6000d39e                GPIO5_Combined_0_15_IRQHandler
 .text.GPIO5_Combined_16_31_IRQHandler
                0x6000d3a6        0x8 ./startup/startup_mimxrt1021.o
                0x6000d3a6                GPIO5_Combined_16_31_IRQHandler
 .text.FLEXIO1_IRQHandler
                0x6000d3ae        0x8 ./startup/startup_mimxrt1021.o
                0x6000d3ae                FLEXIO1_IRQHandler
 .text.Reserved107_IRQHandler
                0x6000d3b6        0x8 ./startup/startup_mimxrt1021.o
                0x6000d3b6                Reserved107_IRQHandler
 .text.WDOG1_IRQHandler
                0x6000d3be        0x8 ./startup/startup_mimxrt1021.o
                0x6000d3be                WDOG1_IRQHandler
 .text.RTWDOG_IRQHandler
                0x6000d3c6        0x8 ./startup/startup_mimxrt1021.o
                0x6000d3c6                RTWDOG_IRQHandler
 .text.EWM_IRQHandler
                0x6000d3ce        0x8 ./startup/startup_mimxrt1021.o
                0x6000d3ce                EWM_IRQHandler
 .text.CCM_1_IRQHandler
                0x6000d3d6        0x8 ./startup/startup_mimxrt1021.o
                0x6000d3d6                CCM_1_IRQHandler
 .text.CCM_2_IRQHandler
                0x6000d3de        0x8 ./startup/startup_mimxrt1021.o
                0x6000d3de                CCM_2_IRQHandler
 .text.GPC_IRQHandler
                0x6000d3e6        0x8 ./startup/startup_mimxrt1021.o
                0x6000d3e6                GPC_IRQHandler
 .text.SRC_IRQHandler
                0x6000d3ee        0x8 ./startup/startup_mimxrt1021.o
                0x6000d3ee                SRC_IRQHandler
 .text.Reserved115_IRQHandler
                0x6000d3f6        0x8 ./startup/startup_mimxrt1021.o
                0x6000d3f6                Reserved115_IRQHandler
 .text.GPT1_IRQHandler
                0x6000d3fe        0x8 ./startup/startup_mimxrt1021.o
                0x6000d3fe                GPT1_IRQHandler
 .text.GPT2_IRQHandler
                0x6000d406        0x8 ./startup/startup_mimxrt1021.o
                0x6000d406                GPT2_IRQHandler
 .text.PWM1_0_IRQHandler
                0x6000d40e        0x8 ./startup/startup_mimxrt1021.o
                0x6000d40e                PWM1_0_IRQHandler
 .text.PWM1_1_IRQHandler
                0x6000d416        0x8 ./startup/startup_mimxrt1021.o
                0x6000d416                PWM1_1_IRQHandler
 .text.PWM1_2_IRQHandler
                0x6000d41e        0x8 ./startup/startup_mimxrt1021.o
                0x6000d41e                PWM1_2_IRQHandler
 .text.PWM1_3_IRQHandler
                0x6000d426        0x8 ./startup/startup_mimxrt1021.o
                0x6000d426                PWM1_3_IRQHandler
 .text.PWM1_FAULT_IRQHandler
                0x6000d42e        0x8 ./startup/startup_mimxrt1021.o
                0x6000d42e                PWM1_FAULT_IRQHandler
 .text.Reserved123_IRQHandler
                0x6000d436        0x8 ./startup/startup_mimxrt1021.o
                0x6000d436                Reserved123_IRQHandler
 .text.FLEXSPI_IRQHandler
                0x6000d43e        0x8 ./startup/startup_mimxrt1021.o
                0x6000d43e                FLEXSPI_IRQHandler
 .text.SEMC_IRQHandler
                0x6000d446        0x8 ./startup/startup_mimxrt1021.o
                0x6000d446                SEMC_IRQHandler
 .text.USDHC1_IRQHandler
                0x6000d44e        0x8 ./startup/startup_mimxrt1021.o
                0x6000d44e                USDHC1_IRQHandler
 .text.USDHC2_IRQHandler
                0x6000d456        0x8 ./startup/startup_mimxrt1021.o
                0x6000d456                USDHC2_IRQHandler
 .text.Reserved128_IRQHandler
                0x6000d45e        0x8 ./startup/startup_mimxrt1021.o
                0x6000d45e                Reserved128_IRQHandler
 .text.USB_OTG1_IRQHandler
                0x6000d466        0x8 ./startup/startup_mimxrt1021.o
                0x6000d466                USB_OTG1_IRQHandler
 .text.ENET_IRQHandler
                0x6000d46e        0x8 ./startup/startup_mimxrt1021.o
                0x6000d46e                ENET_IRQHandler
 .text.ENET_1588_Timer_IRQHandler
                0x6000d476        0x8 ./startup/startup_mimxrt1021.o
                0x6000d476                ENET_1588_Timer_IRQHandler
 .text.XBAR1_IRQ_0_1_IRQHandler
                0x6000d47e        0x8 ./startup/startup_mimxrt1021.o
                0x6000d47e                XBAR1_IRQ_0_1_IRQHandler
 .text.XBAR1_IRQ_2_3_IRQHandler
                0x6000d486        0x8 ./startup/startup_mimxrt1021.o
                0x6000d486                XBAR1_IRQ_2_3_IRQHandler
 .text.ADC_ETC_IRQ0_IRQHandler
                0x6000d48e        0x8 ./startup/startup_mimxrt1021.o
                0x6000d48e                ADC_ETC_IRQ0_IRQHandler
 .text.ADC_ETC_IRQ1_IRQHandler
                0x6000d496        0x8 ./startup/startup_mimxrt1021.o
                0x6000d496                ADC_ETC_IRQ1_IRQHandler
 .text.ADC_ETC_IRQ2_IRQHandler
                0x6000d49e        0x8 ./startup/startup_mimxrt1021.o
                0x6000d49e                ADC_ETC_IRQ2_IRQHandler
 .text.ADC_ETC_ERROR_IRQ_IRQHandler
                0x6000d4a6        0x8 ./startup/startup_mimxrt1021.o
                0x6000d4a6                ADC_ETC_ERROR_IRQ_IRQHandler
 .text.PIT_IRQHandler
                0x6000d4ae        0x8 ./startup/startup_mimxrt1021.o
                0x6000d4ae                PIT_IRQHandler
 .text.ACMP1_IRQHandler
                0x6000d4b6        0x8 ./startup/startup_mimxrt1021.o
                0x6000d4b6                ACMP1_IRQHandler
 .text.ACMP2_IRQHandler
                0x6000d4be        0x8 ./startup/startup_mimxrt1021.o
                0x6000d4be                ACMP2_IRQHandler
 .text.ACMP3_IRQHandler
                0x6000d4c6        0x8 ./startup/startup_mimxrt1021.o
                0x6000d4c6                ACMP3_IRQHandler
 .text.ACMP4_IRQHandler
                0x6000d4ce        0x8 ./startup/startup_mimxrt1021.o
                0x6000d4ce                ACMP4_IRQHandler
 .text.Reserved143_IRQHandler
                0x6000d4d6        0x8 ./startup/startup_mimxrt1021.o
                0x6000d4d6                Reserved143_IRQHandler
 .text.Reserved144_IRQHandler
                0x6000d4de        0x8 ./startup/startup_mimxrt1021.o
                0x6000d4de                Reserved144_IRQHandler
 .text.ENC1_IRQHandler
                0x6000d4e6        0x8 ./startup/startup_mimxrt1021.o
                0x6000d4e6                ENC1_IRQHandler
 .text.ENC2_IRQHandler
                0x6000d4ee        0x8 ./startup/startup_mimxrt1021.o
                0x6000d4ee                ENC2_IRQHandler
 .text.Reserved147_IRQHandler
                0x6000d4f6        0x8 ./startup/startup_mimxrt1021.o
                0x6000d4f6                Reserved147_IRQHandler
 .text.Reserved148_IRQHandler
                0x6000d4fe        0x8 ./startup/startup_mimxrt1021.o
                0x6000d4fe                Reserved148_IRQHandler
 .text.TMR1_IRQHandler
                0x6000d506        0x8 ./startup/startup_mimxrt1021.o
                0x6000d506                TMR1_IRQHandler
 .text.TMR2_IRQHandler
                0x6000d50e        0x8 ./startup/startup_mimxrt1021.o
                0x6000d50e                TMR2_IRQHandler
 .text.Reserved151_IRQHandler
                0x6000d516        0x8 ./startup/startup_mimxrt1021.o
                0x6000d516                Reserved151_IRQHandler
 .text.Reserved152_IRQHandler
                0x6000d51e        0x8 ./startup/startup_mimxrt1021.o
                0x6000d51e                Reserved152_IRQHandler
 .text.PWM2_0_IRQHandler
                0x6000d526        0x8 ./startup/startup_mimxrt1021.o
                0x6000d526                PWM2_0_IRQHandler
 .text.PWM2_1_IRQHandler
                0x6000d52e        0x8 ./startup/startup_mimxrt1021.o
                0x6000d52e                PWM2_1_IRQHandler
 .text.PWM2_2_IRQHandler
                0x6000d536        0x8 ./startup/startup_mimxrt1021.o
                0x6000d536                PWM2_2_IRQHandler
 .text.PWM2_3_IRQHandler
                0x6000d53e        0x8 ./startup/startup_mimxrt1021.o
                0x6000d53e                PWM2_3_IRQHandler
 .text.PWM2_FAULT_IRQHandler
                0x6000d546        0x8 ./startup/startup_mimxrt1021.o
                0x6000d546                PWM2_FAULT_IRQHandler
 .text.lcd_init
                0x6000d54e      0x238 ./source/lib/lcd.o
                0x6000d54e                lcd_init
 .text.lcd_writeAddr
                0x6000d786       0x70 ./source/lib/lcd.o
                0x6000d786                lcd_writeAddr
 .text.convert  0x6000d7f6       0x3c ./source/lib/lcd.o
                0x6000d7f6                convert
 .text.lcd_setPointColor
                0x6000d832       0x36 ./source/lib/lcd.o
                0x6000d832                lcd_setPointColor
 .text.lcd_screen
                0x6000d868       0x54 ./source/lib/lcd.o
                0x6000d868                lcd_screen
 .text.light_time
                0x6000d8bc       0x24 ./source/lib/led.o
                0x6000d8bc                light_time
 .text.ui_init  0x6000d8e0       0x1c ./source/lib/ui.o
                0x6000d8e0                ui_init
 .text.ui_image
                0x6000d8fc       0x34 ./source/lib/ui.o
                0x6000d8fc                ui_image
 .text.ui_label
                0x6000d930       0x42 ./source/lib/ui.o
                0x6000d930                ui_label
 .text.ui_displayImage
                0x6000d972       0x78 ./source/lib/ui.o
                0x6000d972                ui_displayImage
 .text.ui_solidScreen
                0x6000d9ea       0x1a ./source/lib/ui.o
                0x6000d9ea                ui_solidScreen
 .text.HardFault_Handler
                0x6000da04       0x36 ./source/semihost_hardfault.o
                0x6000da04                HardFault_Handler
 .text.vListInitialise
                0x6000da3a       0x40 ./freertos/freertos-kernel/list.o
                0x6000da3a                vListInitialise
 .text.vListInitialiseItem
                0x6000da7a       0x1a ./freertos/freertos-kernel/list.o
                0x6000da7a                vListInitialiseItem
 .text.vListInsert
                0x6000da94       0x72 ./freertos/freertos-kernel/list.o
                0x6000da94                vListInsert
 .text.uxListRemove
                0x6000db06       0x54 ./freertos/freertos-kernel/list.o
                0x6000db06                uxListRemove
 .text.xQueueGenericCreate
                0x6000db5a       0x9e ./freertos/freertos-kernel/queue.o
                0x6000db5a                xQueueGenericCreate
 .text.prvInitialiseNewQueue
                0x6000dbf8       0x46 ./freertos/freertos-kernel/queue.o
 .text.prvInitialiseMutex
                0x6000dc3e       0x34 ./freertos/freertos-kernel/queue.o
 .text.xQueueCreateMutex
                0x6000dc72       0x30 ./freertos/freertos-kernel/queue.o
                0x6000dc72                xQueueCreateMutex
 .text.prvCopyDataToQueue
                0x6000dca2       0xd4 ./freertos/freertos-kernel/queue.o
 .text.prvCopyDataFromQueue
                0x6000dd76       0x4c ./freertos/freertos-kernel/queue.o
 .text.prvUnlockQueue
                0x6000ddc2       0xa4 ./freertos/freertos-kernel/queue.o
 .text.prvIsQueueEmpty
                0x6000de66       0x2c ./freertos/freertos-kernel/queue.o
 .text.prvIsQueueFull
                0x6000de92       0x30 ./freertos/freertos-kernel/queue.o
 .text.vQueueWaitForMessageRestricted
                0x6000dec2       0x68 ./freertos/freertos-kernel/queue.o
                0x6000dec2                vQueueWaitForMessageRestricted
 .text.xTaskCreate
                0x6000df2a       0x8c ./freertos/freertos-kernel/tasks.o
                0x6000df2a                xTaskCreate
 .text.prvInitialiseNewTask
                0x6000dfb6      0x126 ./freertos/freertos-kernel/tasks.o
 .text.prvDeleteTCB
                0x6000e0dc       0x20 ./freertos/freertos-kernel/tasks.o
 .text.prvReloadTimer
                0x6000e0fc       0x42 ./freertos/freertos-kernel/timers.o
 .text.prvTimerTask
                0x6000e13e       0x26 ./freertos/freertos-kernel/timers.o
 .text.CLOCK_GetRtcFreq
                0x6000e164       0x12 ./drivers/fsl_clock.o
 .text.CLOCK_IsPllBypassed
                0x6000e176       0x32 ./drivers/fsl_clock.o
 .text.CLOCK_IsPllEnabled
                0x6000e1a8       0x3c ./drivers/fsl_clock.o
 .text.CLOCK_GetPllBypassRefClk
                0x6000e1e4       0x34 ./drivers/fsl_clock.o
 .text.DelayLoop
                0x6000e218       0x20 ./drivers/fsl_common_arm.o
 .text._SDK_AtomicLocalClearAndSet4Byte
                0x6000e238       0x50 ./drivers/fsl_gpio.o
 .text.CLOCK_EnableClock
                0x6000e288       0x1e ./drivers/fsl_gpio.o
 .text.GPIO_SetPinInterruptConfig
                0x6000e2a6       0x22 ./drivers/fsl_gpio.o
 .text._SDK_AtomicLocalClearAndSet4Byte
                0x6000e2c8       0x50 ./drivers/fsl_lpi2c.o
 .text.CLOCK_EnableClock
                0x6000e318       0x1e ./drivers/fsl_lpi2c.o
 .text.EnableIRQ
                0x6000e336       0x32 ./drivers/fsl_lpi2c.o
 .text.LPI2C_MasterReset
                0x6000e368       0x20 ./drivers/fsl_lpi2c.o
 .text.LPI2C_MasterEnable
                0x6000e388       0x28 ./drivers/fsl_lpi2c.o
 .text.LPI2C_MasterGetStatusFlags
                0x6000e3b0       0x18 ./drivers/fsl_lpi2c.o
 .text.LPI2C_MasterClearStatusFlags
                0x6000e3c8       0x1c ./drivers/fsl_lpi2c.o
 .text.LPI2C_MasterDisableInterrupts
                0x6000e3e4       0x24 ./drivers/fsl_lpi2c.o
 .text.LPI2C_MasterSetWatermarks
                0x6000e408       0x2c ./drivers/fsl_lpi2c.o
 .text.LPI2C_MasterGetFifoCounts
                0x6000e434       0x3e ./drivers/fsl_lpi2c.o
 .text.LPI2C_MasterCheckAndClearError
                0x6000e472       0x9c ./drivers/fsl_lpi2c.o
                0x6000e472                LPI2C_MasterCheckAndClearError
 .text._SDK_AtomicLocalClearAndSet4Byte
                0x6000e50e       0x50 ./drivers/fsl_lpspi.o
 .text.CLOCK_EnableClock
                0x6000e55e       0x1e ./drivers/fsl_lpspi.o
 .text.EnableIRQ
                0x6000e57c       0x32 ./drivers/fsl_lpspi.o
 .text.LPSPI_Enable
                0x6000e5ae       0x38 ./drivers/fsl_lpspi.o
 .text.LPSPI_GetStatusFlags
                0x6000e5e6       0x18 ./drivers/fsl_lpspi.o
 .text.LPSPI_GetRxFifoSize
                0x6000e5fe       0x24 ./drivers/fsl_lpspi.o
 .text.LPSPI_GetTxFifoCount
                0x6000e622       0x1c ./drivers/fsl_lpspi.o
 .text.LPSPI_GetRxFifoCount
                0x6000e63e       0x1e ./drivers/fsl_lpspi.o
 .text.LPSPI_ClearStatusFlags
                0x6000e65c       0x1c ./drivers/fsl_lpspi.o
 .text.LPSPI_EnableInterrupts
                0x6000e678       0x22 ./drivers/fsl_lpspi.o
 .text.LPSPI_DisableInterrupts
                0x6000e69a       0x24 ./drivers/fsl_lpspi.o
 .text.LPSPI_SetMasterSlaveMode
                0x6000e6be       0x2c ./drivers/fsl_lpspi.o
 .text.LPSPI_IsMaster
                0x6000e6ea       0x26 ./drivers/fsl_lpspi.o
 .text.LPSPI_FlushFifo
                0x6000e710       0x30 ./drivers/fsl_lpspi.o
 .text.LPSPI_SetFifoWatermarks
                0x6000e740       0x2c ./drivers/fsl_lpspi.o
 .text.LPSPI_WriteData
                0x6000e76c       0x1c ./drivers/fsl_lpspi.o
 .text.LPSPI_ReadData
                0x6000e788       0x18 ./drivers/fsl_lpspi.o
 .text.LPSPI_SetOnePcsPolarity
                0x6000e7a0       0x44 ./drivers/fsl_lpspi.o
 .text.LPSPI_WaitTxFifoEmpty
                0x6000e7e4       0x22 ./drivers/fsl_lpspi.o
                0x6000e7e4                LPSPI_WaitTxFifoEmpty
 .text._SDK_AtomicLocalClearAndSet4Byte
                0x6000e806       0x50 ./drivers/fsl_lpuart.o
 .text.CLOCK_EnableClock
                0x6000e856       0x1e ./drivers/fsl_lpuart.o
 .text.LPUART_SoftwareReset
                0x6000e874       0x2c ./drivers/fsl_lpuart.o
 .text._SDK_AtomicLocalClearAndSet4Byte
                0x6000e8a0       0x50 ./drivers/fsl_pwm.o
 .text.CLOCK_EnableClock
                0x6000e8f0       0x1e ./drivers/fsl_pwm.o
 .text.SystemInitHook
                0x6000e90e        0xe ./device/system_MIMXRT1021.o
                0x6000e90e                SystemInitHook
 .text.HAL_UartGetStatus
                0x6000e91c       0x28 ./component/uart/fsl_adapter_lpuart.o
 .text.DisableGlobalIRQ
                0x6000e944       0x22 ./component/serial_manager/fsl_component_serial_manager.o
 .text.EnableGlobalIRQ
                0x6000e966       0x20 ./component/serial_manager/fsl_component_serial_manager.o
 .text.SerialManager_StartWriting
                0x6000e986       0x38 ./component/serial_manager/fsl_component_serial_manager.o
 .text.SerialManager_Write
                0x6000e9be       0x44 ./component/serial_manager/fsl_component_serial_manager.o
 .text.SerialManager_Init
                0x6000ea02       0x60 ./component/serial_manager/fsl_component_serial_manager.o
                0x6000ea02                SerialManager_Init
 .text.SerialManager_OpenWriteHandle
                0x6000ea62       0x50 ./component/serial_manager/fsl_component_serial_manager.o
                0x6000ea62                SerialManager_OpenWriteHandle
 .text.SerialManager_OpenReadHandle
                0x6000eab2       0x60 ./component/serial_manager/fsl_component_serial_manager.o
                0x6000eab2                SerialManager_OpenReadHandle
 .text.SerialManager_WriteBlocking
                0x6000eb12       0x20 ./component/serial_manager/fsl_component_serial_manager.o
                0x6000eb12                SerialManager_WriteBlocking
 .text.Serial_UartInit
                0x6000eb32       0x3e ./component/serial_manager/fsl_component_serial_port_uart.o
                0x6000eb32                Serial_UartInit
 .text.Serial_UartWrite
                0x6000eb70       0x38 ./component/serial_manager/fsl_component_serial_port_uart.o
                0x6000eb70                Serial_UartWrite
 .text.BOARD_InitDebugConsole
                0x6000eba8       0x22 ./board/board.o
                0x6000eba8                BOARD_InitDebugConsole
 .text._SDK_AtomicLocalClearAndSet4Byte
                0x6000ebca       0x50 ./board/clock_config.o
 .text.CLOCK_DisableClock
                0x6000ec1a       0x1e ./board/clock_config.o
 .text.CLOCK_SetPllBypass
                0x6000ec38       0x4e ./board/clock_config.o
 .text.IOMUXC_SetSaiMClkClockSource
                0x6000ec86       0x6c ./board/clock_config.o
 .text.BOARD_InitBootClocks
                0x6000ecf2        0xc ./board/clock_config.o
                0x6000ecf2                BOARD_InitBootClocks
 .text.GPIO2_init
                0x6000ecfe        0xe ./board/peripherals.o
 .text.BOARD_InitPeripherals
                0x6000ed0c       0x1c ./board/peripherals.o
                0x6000ed0c                BOARD_InitPeripherals
 .text.BOARD_InitBootPeripherals
                0x6000ed28        0xc ./board/peripherals.o
                0x6000ed28                BOARD_InitBootPeripherals
 .text._SDK_AtomicLocalClearAndSet4Byte
                0x6000ed34       0x50 ./board/pin_mux.o
 .text.CLOCK_EnableClock
                0x6000ed84       0x1e ./board/pin_mux.o
 .text.IOMUXC_SetPinMux
                0x6000eda2       0x3a ./board/pin_mux.o
 .text.GPIO_PortEnableInterrupts
                0x6000eddc       0x22 ./board/pin_mux.o
 .text.BOARD_InitBootPins
                0x6000edfe       0x10 ./board/pin_mux.o
                0x6000edfe                BOARD_InitBootPins
 .text.__main   0x6000ee0e        0xe d:/tools/mcuxpressoide_11.9.0_2144/ide/plugins/com.nxp.mcuxpresso.tools.win32_11.9.0.202307121226/tools/bin/../lib/gcc/arm-none-eabi/12.3.1/../../../../arm-none-eabi/lib/thumb/v7e-m+fp/hard\libcr_nohost_nf.a(_cr__main.o)
                0x6000ee0e                __main
 .text.memcpy   0x6000ee1c        0x4 d:/tools/mcuxpressoide_11.9.0_2144/ide/plugins/com.nxp.mcuxpresso.tools.win32_11.9.0.202307121226/tools/bin/../lib/gcc/arm-none-eabi/12.3.1/../../../../arm-none-eabi/lib/thumb/v7e-m+fp/hard\libcr_c.a(memcpy.o)
                0x6000ee1c                memcpy
 .text.memset   0x6000ee20        0x4 d:/tools/mcuxpressoide_11.9.0_2144/ide/plugins/com.nxp.mcuxpresso.tools.win32_11.9.0.202307121226/tools/bin/../lib/gcc/arm-none-eabi/12.3.1/../../../../arm-none-eabi/lib/thumb/v7e-m+fp/hard\libcr_c.a(memset.o)
                0x6000ee20                memset
 .text.free     0x6000ee24       0x30 d:/tools/mcuxpressoide_11.9.0_2144/ide/plugins/com.nxp.mcuxpresso.tools.win32_11.9.0.202307121226/tools/bin/../lib/gcc/arm-none-eabi/12.3.1/../../../../arm-none-eabi/lib/thumb/v7e-m+fp/hard\libcr_c.a(alloc.o)
                0x6000ee24                free
 .text.no_fp_display
                0x6000ee54        0x4 d:/tools/mcuxpressoide_11.9.0_2144/ide/plugins/com.nxp.mcuxpresso.tools.win32_11.9.0.202307121226/tools/bin/../lib/gcc/arm-none-eabi/12.3.1/../../../../arm-none-eabi/lib/thumb/v7e-m+fp/hard\libcr_c.a(printf.o)
 .text.setvbuf  0x6000ee58       0x3e d:/tools/mcuxpressoide_11.9.0_2144/ide/plugins/com.nxp.mcuxpresso.tools.win32_11.9.0.202307121226/tools/bin/../lib/gcc/arm-none-eabi/12.3.1/../../../../arm-none-eabi/lib/thumb/v7e-m+fp/hard\libcr_c.a(setvbuf.o)
                0x6000ee58                setvbuf
 .text.strlen   0x6000ee96       0x4e d:/tools/mcuxpressoide_11.9.0_2144/ide/plugins/com.nxp.mcuxpresso.tools.win32_11.9.0.202307121226/tools/bin/../lib/gcc/arm-none-eabi/12.3.1/../../../../arm-none-eabi/lib/thumb/v7e-m+fp/hard\libcr_c.a(strlen.o)
                0x6000ee96                strlen
 .text._deferredlazyseek
                0x6000eee4       0x40 d:/tools/mcuxpressoide_11.9.0_2144/ide/plugins/com.nxp.mcuxpresso.tools.win32_11.9.0.202307121226/tools/bin/../lib/gcc/arm-none-eabi/12.3.1/../../../../arm-none-eabi/lib/thumb/v7e-m+fp/hard\libcr_c.a(_deferredlazyseek.o)
                0x6000eee4                _deferredlazyseek
 .text.__flsbuf
                0x6000ef24      0x140 d:/tools/mcuxpressoide_11.9.0_2144/ide/plugins/com.nxp.mcuxpresso.tools.win32_11.9.0.202307121226/tools/bin/../lib/gcc/arm-none-eabi/12.3.1/../../../../arm-none-eabi/lib/thumb/v7e-m+fp/hard\libcr_c.a(_deferredlazyseek.o)
                0x6000ef24                __flsbuf
 .text._fdopen  0x6000f064       0x68 d:/tools/mcuxpressoide_11.9.0_2144/ide/plugins/com.nxp.mcuxpresso.tools.win32_11.9.0.202307121226/tools/bin/../lib/gcc/arm-none-eabi/12.3.1/../../../../arm-none-eabi/lib/thumb/v7e-m+fp/hard\libcr_c.a(_fdopen.o)
                0x6000f064                _fdopen
 .text._fflush  0x6000f0cc       0x52 d:/tools/mcuxpressoide_11.9.0_2144/ide/plugins/com.nxp.mcuxpresso.tools.win32_11.9.0.202307121226/tools/bin/../lib/gcc/arm-none-eabi/12.3.1/../../../../arm-none-eabi/lib/thumb/v7e-m+fp/hard\libcr_c.a(_fflush.o)
                0x6000f0cc                _fflush
 .text.fclose   0x6000f11e       0x58 d:/tools/mcuxpressoide_11.9.0_2144/ide/plugins/com.nxp.mcuxpresso.tools.win32_11.9.0.202307121226/tools/bin/../lib/gcc/arm-none-eabi/12.3.1/../../../../arm-none-eabi/lib/thumb/v7e-m+fp/hard\libcr_c.a(fclose.o)
                0x6000f11e                fclose
 .text.remove   0x6000f176       0x14 d:/tools/mcuxpressoide_11.9.0_2144/ide/plugins/com.nxp.mcuxpresso.tools.win32_11.9.0.202307121226/tools/bin/../lib/gcc/arm-none-eabi/12.3.1/../../../../arm-none-eabi/lib/thumb/v7e-m+fp/hard\libcr_c.a(remove.o)
                0x6000f176                remove
 .text._do_fflush
                0x6000f18a       0x40 d:/tools/mcuxpressoide_11.9.0_2144/ide/plugins/com.nxp.mcuxpresso.tools.win32_11.9.0.202307121226/tools/bin/../lib/gcc/arm-none-eabi/12.3.1/../../../../arm-none-eabi/lib/thumb/v7e-m+fp/hard\libcr_c.a(_do_fflush.o)
                0x6000f18a                _do_fflush
 .text.__aeabi_division_uldivmod
                0x6000f1ca      0x174 d:/tools/mcuxpressoide_11.9.0_2144/ide/plugins/com.nxp.mcuxpresso.tools.win32_11.9.0.202307121226/tools/bin/../lib/gcc/arm-none-eabi/12.3.1/thumb/v7e-m+fp/hard\libcr_eabihelpers.a(division_64.o)
                0x6000f1ca                __aeabi_uldivmod
                0x6000f1ce                __bhs_ldivmod1
 .text.__aeabi_division_idiv0
                0x6000f33e        0x2 d:/tools/mcuxpressoide_11.9.0_2144/ide/plugins/com.nxp.mcuxpresso.tools.win32_11.9.0.202307121226/tools/bin/../lib/gcc/arm-none-eabi/12.3.1/thumb/v7e-m+fp/hard\libcr_eabihelpers.a(division_idiv0.o)
                0x6000f33e                __aeabi_idiv0
 .text.__aeabi_d2iz
                0x6000f340       0x42 d:/tools/mcuxpressoide_11.9.0_2144/ide/plugins/com.nxp.mcuxpresso.tools.win32_11.9.0.202307121226/tools/bin/../lib/gcc/arm-none-eabi/12.3.1/thumb/v7e-m+fp/hard\libcr_eabihelpers.a(double.o)
                0x6000f340                __aeabi_d2iz
 .text.__bhs_ui2d
                0x6000f382       0x46 d:/tools/mcuxpressoide_11.9.0_2144/ide/plugins/com.nxp.mcuxpresso.tools.win32_11.9.0.202307121226/tools/bin/../lib/gcc/arm-none-eabi/12.3.1/thumb/v7e-m+fp/hard\libcr_eabihelpers.a(double.o)
                0x6000f382                __bhs_ui2d
 .text.__aeabi_i2d
                0x6000f3c8       0x10 d:/tools/mcuxpressoide_11.9.0_2144/ide/plugins/com.nxp.mcuxpresso.tools.win32_11.9.0.202307121226/tools/bin/../lib/gcc/arm-none-eabi/12.3.1/thumb/v7e-m+fp/hard\libcr_eabihelpers.a(double.o)
                0x6000f3c8                __aeabi_i2d
 .text.__aeabi_dcmpeq
                0x6000f3d8       0x3e d:/tools/mcuxpressoide_11.9.0_2144/ide/plugins/com.nxp.mcuxpresso.tools.win32_11.9.0.202307121226/tools/bin/../lib/gcc/arm-none-eabi/12.3.1/thumb/v7e-m+fp/hard\libcr_eabihelpers.a(double.o)
                0x6000f3d8                __aeabi_dcmpeq
 .text.__aeabi_dcmplt
                0x6000f416       0x5a d:/tools/mcuxpressoide_11.9.0_2144/ide/plugins/com.nxp.mcuxpresso.tools.win32_11.9.0.202307121226/tools/bin/../lib/gcc/arm-none-eabi/12.3.1/thumb/v7e-m+fp/hard\libcr_eabihelpers.a(double.o)
                0x6000f416                __aeabi_dcmplt
 .text.__aeabi_dcmpgt