Archive member included to satisfy reference by file (symbol)

d:/tools/mcuxpressoide_11.9.0_2144/ide/plugins/com.nxp.mcuxpresso.tools.win32_11.9.0.202307121226/tools/bin/../lib/gcc/arm-none-eabi/12.3.1/../../../../arm-none-eabi/lib/thumb/v7e-m+fp/hard\libcr_nohost_nf.a(_cr__main.o)
                              ./startup/startup_mimxrt1021.o (__main)
d:/tools/mcuxpressoide_11.9.0_2144/ide/plugins/com.nxp.mcuxpresso.tools.win32_11.9.0.202307121226/tools/bin/../lib/gcc/arm-none-eabi/12.3.1/../../../../arm-none-eabi/lib/thumb/v7e-m+fp/hard\libcr_c.a(memcpy.o)
                              ./utilities/fsl_str.o (memcpy)
d:/tools/mcuxpressoide_11.9.0_2144/ide/plugins/com.nxp.mcuxpresso.tools.win32_11.9.0.202307121226/tools/bin/../lib/gcc/arm-none-eabi/12.3.1/../../../../arm-none-eabi/lib/thumb/v7e-m+fp/hard\libcr_c.a(memset.o)
                              ./utilities/fsl_debug_console.o (memset)
d:/tools/mcuxpressoide_11.9.0_2144/ide/plugins/com.nxp.mcuxpresso.tools.win32_11.9.0.202307121226/tools/bin/../lib/gcc/arm-none-eabi/12.3.1/../../../../arm-none-eabi/lib/thumb/v7e-m+fp/hard\libcr_c.a(alloc.o)
                              ./drivers/fsl_common.o (malloc)
d:/tools/mcuxpressoide_11.9.0_2144/ide/plugins/com.nxp.mcuxpresso.tools.win32_11.9.0.202307121226/tools/bin/../lib/gcc/arm-none-eabi/12.3.1/../../../../arm-none-eabi/lib/thumb/v7e-m+fp/hard\libcr_c.a(ceil.o)
                              ./source/lib/lightSensor.o (ceil)
d:/tools/mcuxpressoide_11.9.0_2144/ide/plugins/com.nxp.mcuxpresso.tools.win32_11.9.0.202307121226/tools/bin/../lib/gcc/arm-none-eabi/12.3.1/../../../../arm-none-eabi/lib/thumb/v7e-m+fp/hard\libcr_c.a(errno.o)
                              ./utilities/fsl_str.o (errno)
d:/tools/mcuxpressoide_11.9.0_2144/ide/plugins/com.nxp.mcuxpresso.tools.win32_11.9.0.202307121226/tools/bin/../lib/gcc/arm-none-eabi/12.3.1/../../../../arm-none-eabi/lib/thumb/v7e-m+fp/hard\libcr_c.a(fpprintf.o)
                              ./drivers/fsl_lpi2c.o (printf)
d:/tools/mcuxpressoide_11.9.0_2144/ide/plugins/com.nxp.mcuxpresso.tools.win32_11.9.0.202307121226/tools/bin/../lib/gcc/arm-none-eabi/12.3.1/../../../../arm-none-eabi/lib/thumb/v7e-m+fp/hard\libcr_c.a(initio.o)
                              d:/tools/mcuxpressoide_11.9.0_2144/ide/plugins/com.nxp.mcuxpresso.tools.win32_11.9.0.202307121226/tools/bin/../lib/gcc/arm-none-eabi/12.3.1/../../../../arm-none-eabi/lib/thumb/v7e-m+fp/hard\libcr_nohost_nf.a(_cr__main.o) (_initio)
d:/tools/mcuxpressoide_11.9.0_2144/ide/plugins/com.nxp.mcuxpresso.tools.win32_11.9.0.202307121226/tools/bin/../lib/gcc/arm-none-eabi/12.3.1/../../../../arm-none-eabi/lib/thumb/v7e-m+fp/hard\libcr_c.a(pow.o)
                              ./source/lib/lightSensor.o (pow)
d:/tools/mcuxpressoide_11.9.0_2144/ide/plugins/com.nxp.mcuxpresso.tools.win32_11.9.0.202307121226/tools/bin/../lib/gcc/arm-none-eabi/12.3.1/../../../../arm-none-eabi/lib/thumb/v7e-m+fp/hard\libcr_c.a(printf.o)
                              d:/tools/mcuxpressoide_11.9.0_2144/ide/plugins/com.nxp.mcuxpresso.tools.win32_11.9.0.202307121226/tools/bin/../lib/gcc/arm-none-eabi/12.3.1/../../../../arm-none-eabi/lib/thumb/v7e-m+fp/hard\libcr_c.a(fpprintf.o) (__vfprintf)
d:/tools/mcuxpressoide_11.9.0_2144/ide/plugins/com.nxp.mcuxpresso.tools.win32_11.9.0.202307121226/tools/bin/../lib/gcc/arm-none-eabi/12.3.1/../../../../arm-none-eabi/lib/thumb/v7e-m+fp/hard\libcr_c.a(scanf.o)
                              ./utilities/fsl_str.o (strtoul)
d:/tools/mcuxpressoide_11.9.0_2144/ide/plugins/com.nxp.mcuxpresso.tools.win32_11.9.0.202307121226/tools/bin/../lib/gcc/arm-none-eabi/12.3.1/../../../../arm-none-eabi/lib/thumb/v7e-m+fp/hard\libcr_c.a(setvbuf.o)
                              d:/tools/mcuxpressoide_11.9.0_2144/ide/plugins/com.nxp.mcuxpresso.tools.win32_11.9.0.202307121226/tools/bin/../lib/gcc/arm-none-eabi/12.3.1/../../../../arm-none-eabi/lib/thumb/v7e-m+fp/hard\libcr_c.a(initio.o) (setvbuf)
d:/tools/mcuxpressoide_11.9.0_2144/ide/plugins/com.nxp.mcuxpresso.tools.win32_11.9.0.202307121226/tools/bin/../lib/gcc/arm-none-eabi/12.3.1/../../../../arm-none-eabi/lib/thumb/v7e-m+fp/hard\libcr_c.a(strlen.o)
                              ./utilities/fsl_str.o (strlen)
d:/tools/mcuxpressoide_11.9.0_2144/ide/plugins/com.nxp.mcuxpresso.tools.win32_11.9.0.202307121226/tools/bin/../lib/gcc/arm-none-eabi/12.3.1/../../../../arm-none-eabi/lib/thumb/v7e-m+fp/hard\libcr_c.a(ungetc.o)
                              d:/tools/mcuxpressoide_11.9.0_2144/ide/plugins/com.nxp.mcuxpresso.tools.win32_11.9.0.202307121226/tools/bin/../lib/gcc/arm-none-eabi/12.3.1/../../../../arm-none-eabi/lib/thumb/v7e-m+fp/hard\libcr_c.a(scanf.o) (ungetc)
d:/tools/mcuxpressoide_11.9.0_2144/ide/plugins/com.nxp.mcuxpresso.tools.win32_11.9.0.202307121226/tools/bin/../lib/gcc/arm-none-eabi/12.3.1/../../../../arm-none-eabi/lib/thumb/v7e-m+fp/hard\libcr_c.a(__fillbuf.o)
[...]
Memory Configuration

Name             Origin             Length             Attributes
BOARD_FLASH      0x60000000         0x00800000         xr
SRAM_DTC         0x20000000         0x00010000         xrw
SRAM_ITC         0x00000000         0x00010000         xrw
SRAM_OC          0x20200000         0x00020000         xrw
BOARD_SDRAM      0x80000000         0x01e00000         xrw
NCACHE_REGION    0x81e00000         0x00200000         xrw
*default*        0x00000000         0xffffffff

Linker script and memory map

LOAD ./xip/evkmimxrt1020_flexspi_nor_config.o
LOAD ./xip/fsl_flexspi_nor_boot.o
LOAD ./utilities/fsl_assert.o
LOAD ./utilities/fsl_debug_console.o
LOAD ./utilities/fsl_str.o
LOAD ./startup/startup_mimxrt1021.o
LOAD ./source/lib/lcd.o
LOAD ./source/lib/led.o
LOAD ./source/lib/lightSensor.o
LOAD ./source/lib/ui.o
LOAD ./source/MIMXRT1021_Project.o
LOAD ./source/semihost_hardfault.o
LOAD ./freertos/freertos-kernel/portable/MemMang/heap_4.o
LOAD ./freertos/freertos-kernel/portable/GCC/ARM_CM4F/port.o
LOAD ./freertos/freertos-kernel/croutine.o
LOAD ./freertos/freertos-kernel/event_groups.o
LOAD ./freertos/freertos-kernel/list.o
LOAD ./freertos/freertos-kernel/queue.o
LOAD ./freertos/freertos-kernel/stream_buffer.o
LOAD ./freertos/freertos-kernel/tasks.o
LOAD ./freertos/freertos-kernel/timers.o
LOAD ./drivers/fsl_clock.o
LOAD ./drivers/fsl_common.o
LOAD ./drivers/fsl_common_arm.o
LOAD ./drivers/fsl_dmamux.o
LOAD ./drivers/fsl_edma.o
LOAD ./drivers/fsl_gpio.o
LOAD ./drivers/fsl_lpi2c.o
LOAD ./drivers/fsl_lpi2c_cmsis.o
LOAD ./drivers/fsl_lpi2c_edma.o
LOAD ./drivers/fsl_lpspi.o
LOAD ./drivers/fsl_lpspi_cmsis.o
LOAD ./drivers/fsl_lpspi_edma.o
LOAD ./drivers/fsl_lpuart.o
LOAD ./drivers/fsl_pwm.o
LOAD ./drivers/fsl_xbara.o
LOAD ./drivers/fsl_xbarb.o
LOAD ./device/system_MIMXRT1021.o
LOAD ./component/uart/fsl_adapter_lpuart.o
LOAD ./component/serial_manager/fsl_component_serial_manager.o
LOAD ./component/serial_manager/fsl_component_serial_port_uart.o
LOAD ./component/lists/fsl_component_generic_list.o
LOAD ./board/board.o
LOAD ./board/clock_config.o
LOAD ./board/dcd.o
LOAD ./board/peripherals.o
LOAD ./board/pin_mux.o
START GROUP
LOAD d:/tools/mcuxpressoide_11.9.0_2144/ide/plugins/com.nxp.mcuxpresso.tools.win32_11.9.0.202307121226/tools/bin/../lib/gcc/arm-none-eabi/12.3.1/../../../../arm-none-eabi/lib/thumb/v7e-m+fp/hard\libcr_nohost_nf.a
LOAD d:/tools/mcuxpressoide_11.9.0_2144/ide/plugins/com.nxp.mcuxpresso.tools.win32_11.9.0.202307121226/tools/bin/../lib/gcc/arm-none-eabi/12.3.1/../../../../arm-none-eabi/lib/thumb/v7e-m+fp/hard\libcr_c.a
LOAD d:/tools/mcuxpressoide_11.9.0_2144/ide/plugins/com.nxp.mcuxpresso.tools.win32_11.9.0.202307121226/tools/bin/../lib/gcc/arm-none-eabi/12.3.1/thumb/v7e-m+fp/hard\libcr_eabihelpers.a
LOAD d:/tools/mcuxpressoide_11.9.0_2144/ide/plugins/com.nxp.mcuxpresso.tools.win32_11.9.0.202307121226/tools/bin/../lib/gcc/arm-none-eabi/12.3.1/thumb/v7e-m+fp/hard\libgcc.a
END GROUP
                0x60000000                        __base_BOARD_FLASH = 0x60000000
                0x60000000                        __base_Flash = 0x60000000
                0x60800000                        __top_BOARD_FLASH = 0x60800000
                0x60800000                        __top_Flash = 0x60800000
                0x20000000                        __base_SRAM_DTC = 0x20000000
                0x20000000                        __base_RAM = 0x20000000
                0x20010000                        __top_SRAM_DTC = 0x20010000
                0x20010000                        __top_RAM = 0x20010000
                0x00000000                        __base_SRAM_ITC = 0x0
                0x00000000                        __base_RAM2 = 0x0
                0x00010000                        __top_SRAM_ITC = 0x10000
                0x00010000                        __top_RAM2 = 0x10000
                0x20200000                        __base_SRAM_OC = 0x20200000
                0x20200000                        __base_RAM3 = 0x20200000
                0x20220000                        __top_SRAM_OC = 0x20220000
                0x20220000                        __top_RAM3 = 0x20220000
                0x80000000                        __base_BOARD_SDRAM = 0x80000000
                0x80000000                        __base_RAM4 = 0x80000000
                0x81e00000                        __top_BOARD_SDRAM = 0x81e00000
                0x81e00000                        __top_RAM4 = 0x81e00000
                0x81e00000                        __base_NCACHE_REGION = 0x81e00000
                0x81e00000                        __base_RAM5 = 0x81e00000
                0x82000000                        __top_NCACHE_REGION = 0x82000000
                0x82000000                        __top_RAM5 = 0x82000000

.boot_hdr       0x60000000     0x2000
 FILL mask 0xff
                0x60000000                        __boot_hdr_start__ = ABSOLUTE (.)
 *(SORT_BY_ALIGNMENT(.boot_hdr.conf))
 .boot_hdr.conf
                0x60000000      0x200 ./xip/evkmimxrt1020_flexspi_nor_config.o
                0x60000000                qspiflash_config
                0x00001000                        . = 0x1000
 *fill*         0x60000200      0xe00 ff
 *(SORT_BY_ALIGNMENT(.boot_hdr.ivt))
 .boot_hdr.ivt  0x60001000       0x20 ./xip/fsl_flexspi_nor_boot.o
                0x60001000                image_vector_table
                0x00001020                        . = 0x1020
 *(SORT_BY_ALIGNMENT(.boot_hdr.boot_data))
 .boot_hdr.boot_data
                0x60001020       0x10 ./xip/fsl_flexspi_nor_boot.o
                0x60001020                g_boot_data
                0x00001030                        . = 0x1030
 *(SORT_BY_ALIGNMENT(.boot_hdr.dcd_data))
                0x60001030                        __boot_hdr_end__ = ABSOLUTE (.)
                0x00002000                        . = 0x2000
 *fill*         0x60001030      0xfd0 ff

.text           0x60002000    0x19df0
 FILL mask 0xff
                0x60002000                        __vectors_start__ = ABSOLUTE (.)
 *(SORT_BY_ALIGNMENT(.isr_vector))
 .isr_vector    0x60002000      0x278 ./startup/startup_mimxrt1021.o
                0x60002000                g_pfnVectors
                0x60002000                __Vectors
                0x60002278                        . = ALIGN (0x4)
                0x60002278                        __section_table_start = .
                0x60002278                        __data_section_table = .
                0x60002278        0x4 LONG 0x6001bdf0 LOADADDR (.data)
                0x6000227c        0x4 LONG 0x20000000 ADDR (.data)
                0x60002280        0x4 LONG 0x10 SIZEOF (.data)
                0x60002284        0x4 LONG 0x6001bdf0 LOADADDR (.data_RAM2)
                0x60002288        0x4 LONG 0x0 ADDR (.data_RAM2)
                0x6000228c        0x4 LONG 0x0 SIZEOF (.data_RAM2)
                0x60002290        0x4 LONG 0x6001bdf0 LOADADDR (.data_RAM3)
                0x60002294        0x4 LONG 0x20200000 ADDR (.data_RAM3)
                0x60002298        0x4 LONG 0x0 SIZEOF (.data_RAM3)
                0x6000229c        0x4 LONG 0x6001bdf0 LOADADDR (.data_RAM4)
                0x600022a0        0x4 LONG 0x80000000 ADDR (.data_RAM4)
                0x600022a4        0x4 LONG 0x0 SIZEOF (.data_RAM4)
                0x600022a8        0x4 LONG 0x6001bdf0 LOADADDR (.data_RAM5)
                0x600022ac        0x4 LONG 0x81e00000 ADDR (.data_RAM5)
                0x600022b0        0x4 LONG 0x0 SIZEOF (.data_RAM5)
                0x600022b4                        __data_section_table_end = .
                0x600022b4                        __bss_section_table = .
                0x600022b4        0x4 LONG 0x20000010 ADDR (.bss)
                0x600022b8        0x4 LONG 0x2c60 SIZEOF (.bss)
                0x600022bc        0x4 LONG 0x0 ADDR (.bss_RAM2)
                0x600022c0        0x4 LONG 0x0 SIZEOF (.bss_RAM2)
                0x600022c4        0x4 LONG 0x20200000 ADDR (.bss_RAM3)
                0x600022c8        0x4 LONG 0x0 SIZEOF (.bss_RAM3)
                0x600022cc        0x4 LONG 0x80000000 ADDR (.bss_RAM4)
                0x600022d0        0x4 LONG 0x0 SIZEOF (.bss_RAM4)
                0x600022d4        0x4 LONG 0x81e00000 ADDR (.bss_RAM5)
                0x600022d8        0x4 LONG 0x0 SIZEOF (.bss_RAM5)
                0x600022dc                        __bss_section_table_end = .
                0x600022dc                        __section_table_end = .
 *(SORT_BY_ALIGNMENT(.after_vectors*))
 .after_vectors.reset
                0x600022dc       0x54 ./startup/startup_mimxrt1021.o
                0x600022dc                ResetISR
 .after_vectors.init_data
                0x60002330       0x1e ./startup/startup_mimxrt1021.o
                0x60002330                data_init
 .after_vectors.init_bss
                0x6000234e       0x12 ./startup/startup_mimxrt1021.o
                0x6000234e                bss_init
 .after_vectors
                0x60002360       0x14 ./startup/startup_mimxrt1021.o
                0x60002360                NMI_Handler
                0x60002364                MemManage_Handler
                0x60002366                BusFault_Handler
                0x60002368                UsageFault_Handler
                0x6000236c                DebugMon_Handler
                0x60002372                CCM_2_DriverIRQHandler
                0x60002372                PIT_DriverIRQHandler
                0x60002372                Reserved102_DriverIRQHandler
                0x60002372                Reserved152_DriverIRQHandler
                0x60002372                FLEXRAM_DriverIRQHandler
                0x60002372                SEMC_DriverIRQHandler
                0x60002372                SPDIF_DriverIRQHandler
                0x60002372                KPP_DriverIRQHandler
                0x60002372                USB_PHY_DriverIRQHandler
                0x60002372                GPIO3_Combined_0_15_DriverIRQHandler
                0x60002372                SAI3_RX_DriverIRQHandler
                0x60002372                BEE_DriverIRQHandler
                0x60002372                GPR_IRQ_DriverIRQHandler
                0x60002372                Reserved103_DriverIRQHandler
                0x60002372                PWM2_FAULT_DriverIRQHandler
                0x60002372                Reserved56_DriverIRQHandler
                0x60002372                TMR1_DriverIRQHandler
                0x60002372                TRNG_DriverIRQHandler
                0x60002372                ENET_1588_Timer_DriverIRQHandler
                0x60002372                GPIO2_Combined_16_31_DriverIRQHandler
                0x60002372                Reserved143_DriverIRQHandler
                0x60002372                Reserved82_DriverIRQHandler
                0x60002372                Reserved151_DriverIRQHandler
                0x60002372                IntDefaultHandler
                0x60002372                SRC_DriverIRQHandler
                0x60002372                GPIO1_INT4_DriverIRQHandler
                0x60002372                Reserved144_DriverIRQHandler
                0x60002372                USDHC1_DriverIRQHandler
                0x60002372                SNVS_LP_HP_WRAPPER_DriverIRQHandler
                0x60002372                EWM_DriverIRQHandler
                0x60002372                Reserved87_DriverIRQHandler
                0x60002372                FLEXIO1_DriverIRQHandler
                0x60002372                ENET_DriverIRQHandler
                0x60002372                Reserved78_DriverIRQHandler
                0x60002372                ENC2_DriverIRQHandler
                0x60002372                ADC_ETC_IRQ2_DriverIRQHandler
                0x60002372                GPIO1_Combined_16_31_DriverIRQHandler
                0x60002372                GPIO1_INT7_DriverIRQHandler
                0x60002372                SAI1_DriverIRQHandler
                0x60002372                DCDC_DriverIRQHandler
                0x60002372                ADC_ETC_ERROR_IRQ_DriverIRQHandler
                0x60002372                ACMP2_DriverIRQHandler
                0x60002372                GPIO5_Combined_0_15_DriverIRQHandler
                0x60002372                GPIO1_INT0_DriverIRQHandler
                0x60002372                GPIO1_INT2_DriverIRQHandler
                0x60002372                RTWDOG_DriverIRQHandler
                0x60002372                FLEXSPI_DriverIRQHandler
                0x60002372                GPT2_DriverIRQHandler
                0x60002372                PWM2_1_DriverIRQHandler
                0x60002372                PWM1_1_DriverIRQHandler
                0x60002372                ADC1_DriverIRQHandler
                0x60002372                Reserved148_DriverIRQHandler
                0x60002372                PWM1_0_DriverIRQHandler
                0x60002372                ENC1_DriverIRQHandler
                0x60002372                CAN2_DriverIRQHandler
                0x60002372                DCP_DriverIRQHandler
                0x60002372                CTI0_ERROR_DriverIRQHandler
                0x60002372                GPT1_DriverIRQHandler
                0x60002372                ACMP3_DriverIRQHandler
                0x60002372                CSU_DriverIRQHandler
                0x60002372                GPIO1_INT5_DriverIRQHandler
                0x60002372                TMR2_DriverIRQHandler
                0x60002372                CTI1_ERROR_DriverIRQHandler
                0x60002372                GPIO1_Combined_0_15_DriverIRQHandler
                0x60002372                USDHC2_DriverIRQHandler
                0x60002372                WDOG1_DriverIRQHandler
                0x60002372                SAI2_DriverIRQHandler
                0x60002372                CORE_DriverIRQHandler
                0x60002372                Reserved147_DriverIRQHandler
                0x60002372                PWM2_3_DriverIRQHandler
                0x60002372                Reserved60_DriverIRQHandler
                0x60002372                XBAR1_IRQ_2_3_DriverIRQHandler
                0x60002372                SNVS_HP_WRAPPER_TZ_DriverIRQHandler
                0x60002372                GPIO3_Combined_16_31_DriverIRQHandler
                0x60002372                PWM1_FAULT_DriverIRQHandler
                0x60002372                PWM2_2_DriverIRQHandler
                0x60002372                Reserved128_DriverIRQHandler
                0x60002372                SNVS_HP_WRAPPER_DriverIRQHandler
                0x60002372                XBAR1_IRQ_0_1_DriverIRQHandler
                0x60002372                ADC_ETC_IRQ1_DriverIRQHandler
                0x60002372                GPIO1_INT3_DriverIRQHandler
                0x60002372                DCP_VMI_DriverIRQHandler
                0x60002372                GPC_DriverIRQHandler
                0x60002372                Reserved123_DriverIRQHandler
                0x60002372                GPIO2_Combined_0_15_DriverIRQHandler
                0x60002372                PWM1_2_DriverIRQHandler
                0x60002372                USB_OTG1_DriverIRQHandler
                0x60002372                TEMP_LOW_HIGH_DriverIRQHandler
                0x60002372                SAI3_TX_DriverIRQHandler
                0x60002372                WDOG2_DriverIRQHandler
                0x60002372                Reserved68_DriverIRQHandler
                0x60002372                PMU_DriverIRQHandler
                0x60002372                Reserved59_DriverIRQHandler
                0x60002372                GPIO5_Combined_16_31_DriverIRQHandler
                0x60002372                CCM_1_DriverIRQHandler
                0x60002372                ADC2_DriverIRQHandler
                0x60002372                Reserved58_DriverIRQHandler
                0x60002372                Reserved115_DriverIRQHandler
                0x60002372                TEMP_PANIC_DriverIRQHandler
                0x60002372                ACMP4_DriverIRQHandler
                0x60002372                Reserved107_DriverIRQHandler
                0x60002372                PWM1_3_DriverIRQHandler
                0x60002372                Reserved70_DriverIRQHandler
                0x60002372                ACMP1_DriverIRQHandler
                0x60002372                Reserved86_DriverIRQHandler
                0x60002372                DMA_ERROR_DriverIRQHandler
                0x60002372                ADC_ETC_IRQ0_DriverIRQHandler
                0x60002372                CAN1_DriverIRQHandler
                0x60002372                GPIO1_INT6_DriverIRQHandler
                0x60002372                GPIO1_INT1_DriverIRQHandler
                0x60002372                PWM2_0_DriverIRQHandler
 *(SORT_BY_ALIGNMENT(.text*))
 *fill*         0x60002374        0xc ff
 .text.SVC_Handler
                0x60002380       0x28 ./freertos/freertos-kernel/portable/GCC/ARM_CM4F/port.o
                0x60002380                SVC_Handler
 *fill*         0x600023a8        0x8 ff
 .text.PendSV_Handler
                0x600023b0       0x68 ./freertos/freertos-kernel/portable/GCC/ARM_CM4F/port.o
                0x600023b0                PendSV_Handler
 .text.calculate
                0x60002418      0x32c ./source/lib/lightSensor.o
                0x60002418                calculate
 *fill*         0x60002744        0x4 ff
 .text.convert2pwm
                0x60002748       0xd4 ./source/lib/lightSensor.o
                0x60002748                convert2pwm
 *fill*         0x6000281c        0x4 ff
 .text.LPSPI_MasterSetDelayTimes
                0x60002820      0x284 ./drivers/fsl_lpspi.o
                0x60002820                LPSPI_MasterSetDelayTimes
 *fill*         0x60002aa4        0x4 ff
 .text.fp_display
                0x60002aa8      0x9ec d:/tools/mcuxpressoide_11.9.0_2144/ide/plugins/com.nxp.mcuxpresso.tools.win32_11.9.0.202307121226/tools/bin/../lib/gcc/arm-none-eabi/12.3.1/../../../../arm-none-eabi/lib/thumb/v7e-m+fp/hard\libcr_c.a(fpprintf.o)
 *fill*         0x60003494        0x4 ff
 .text.pow      0x60003498      0x55c d:/tools/mcuxpressoide_11.9.0_2144/ide/plugins/com.nxp.mcuxpresso.tools.win32_11.9.0.202307121226/tools/bin/../lib/gcc/arm-none-eabi/12.3.1/../../../../arm-none-eabi/lib/thumb/v7e-m+fp/hard\libcr_c.a(pow.o)
                0x60003498                pow
 *fill*         0x600039f4        0x4 ff
 .text._frexpl  0x600039f8       0x70 d:/tools/mcuxpressoide_11.9.0_2144/ide/plugins/com.nxp.mcuxpresso.tools.win32_11.9.0.202307121226/tools/bin/../lib/gcc/arm-none-eabi/12.3.1/../../../../arm-none-eabi/lib/thumb/v7e-m+fp/hard\libcr_c.a(_frexpl.o)
                0x600039f8                _frexpl
 .text._ldexpl  0x60003a68       0x5c d:/tools/mcuxpressoide_11.9.0_2144/ide/plugins/com.nxp.mcuxpresso.tools.win32_11.9.0.202307121226/tools/bin/../lib/gcc/arm-none-eabi/12.3.1/../../../../arm-none-eabi/lib/thumb/v7e-m+fp/hard\libcr_c.a(_ldexpl.o)
                0x60003a68                _ldexpl
 *fill*         0x60003ac4        0x4 ff
 .text.frexp    0x60003ac8       0x70 d:/tools/mcuxpressoide_11.9.0_2144/ide/plugins/com.nxp.mcuxpresso.tools.win32_11.9.0.202307121226/tools/bin/../lib/gcc/arm-none-eabi/12.3.1/../../../../arm-none-eabi/lib/thumb/v7e-m+fp/hard\libcr_c.a(frexp.o)
                0x60003ac8                frexp
 .text.ldexp    0x60003b38       0x5c d:/tools/mcuxpressoide_11.9.0_2144/ide/plugins/com.nxp.mcuxpresso.tools.win32_11.9.0.202307121226/tools/bin/../lib/gcc/arm-none-eabi/12.3.1/../../../../arm-none-eabi/lib/thumb/v7e-m+fp/hard\libcr_c.a(ldexp.o)
                0x60003b38                ldexp
 .text.__assertion_failed
                0x60003b94       0x2c ./utilities/fsl_assert.o
                0x60003b94                __assertion_failed
 .text.DbgConsole_SendDataReliable
                0x60003bc0       0x54 ./utilities/fsl_debug_console.o
                0x60003bc0                DbgConsole_SendDataReliable
 .text.DbgConsole_Init
                0x60003c14      0x138 ./utilities/fsl_debug_console.o
                0x60003c14                DbgConsole_Init
 .text.DbgConsole_Vprintf
                0x60003d4c       0x6c ./utilities/fsl_debug_console.o
                0x60003d4c                DbgConsole_Vprintf
 .text.CLOCK_SetMux
                0x60003db8       0x9c ./source/lib/lcd.o
 .text.CLOCK_SetDiv
                0x60003e54       0x9c ./source/lib/lcd.o
 .text.LPSPI_MasterUserCallback
                0x60003ef0       0x2c ./source/lib/lcd.o
                0x60003ef0                LPSPI_MasterUserCallback
 .text.lcd_start
                0x60003f1c       0x18 ./source/lib/lcd.o
                0x60003f1c                lcd_start
 .text.lcd_close
                0x60003f34       0x18 ./source/lib/lcd.o
                0x60003f34                lcd_close
 .text.lcd_reset
                0x60003f4c       0x2c ./source/lib/lcd.o
                0x60003f4c                lcd_reset
 .text.spi_init
                0x60003f78       0x6c ./source/lib/lcd.o
                0x60003f78                spi_init
 .text.spi_send
                0x60003fe4       0x58 ./source/lib/lcd.o
                0x60003fe4                spi_send
 .text.lcd_WriteData
                0x6000403c       0x40 ./source/lib/lcd.o
                0x6000403c                lcd_WriteData
 .text.lcd_WriteCmd
                0x6000407c       0x40 ./source/lib/lcd.o
                0x6000407c                lcd_WriteCmd
 .text.lcd_WriteData_u16
                0x600040bc       0x5c ./source/lib/lcd.o
                0x600040bc                lcd_WriteData_u16
 .text.Sleep    0x60004118       0x2c ./source/lib/led.o
                0x60004118                Sleep
 .text.light    0x60004144      0x144 ./source/lib/led.o
                0x60004144                light
 .text.lpi2c_master_callback
                0x60004288       0x20 ./source/lib/lightSensor.o
                0x60004288                lpi2c_master_callback
 .text.i2c_init
                0x600042a8       0x48 ./source/lib/lightSensor.o
                0x600042a8                i2c_init
 .text.getStatus
                0x600042f0       0xc8 ./source/lib/lightSensor.o
                0x600042f0                getStatus
 .text.getStatus_2
                0x600043b8       0xc0 ./source/lib/lightSensor.o
                0x600043b8                getStatus_2
 .text.getCmdBuffer
                0x60004478       0x4c ./source/lib/lightSensor.o
                0x60004478                getCmdBuffer
 .text.read     0x600044c4      0x130 ./source/lib/lightSensor.o
                0x600044c4                read
 .text.ui_luminance
                0x600045f4       0x64 ./source/lib/ui.o
                0x600045f4                ui_luminance
 .text.ui_displayText
                0x60004658      0x158 ./source/lib/ui.o
                0x60004658                ui_displayText
 .text.T_LED    0x600047b0       0x34 ./source/MIMXRT1021_Project.o
                0x600047b0                T_LED
 .text.T_Luminance
                0x600047e4       0x20 ./source/MIMXRT1021_Project.o
                0x600047e4                T_Luminance
 .text.T_UpdateUI
                0x60004804       0x90 ./source/MIMXRT1021_Project.o
                0x60004804                T_UpdateUI
 .text.main     0x60004894      0x190 ./source/MIMXRT1021_Project.o
                0x60004894                main
 .text.pvPortMalloc
                0x60004a24      0x178 ./freertos/freertos-kernel/portable/MemMang/heap_4.o
                0x60004a24                pvPortMalloc
 .text.vPortFree
                0x60004b9c       0xbc ./freertos/freertos-kernel/portable/MemMang/heap_4.o
                0x60004b9c                vPortFree
 .text.prvHeapInit
                0x60004c58       0xb8 ./freertos/freertos-kernel/portable/MemMang/heap_4.o
 .text.prvInsertBlockIntoFreeList
                0x60004d10       0xb4 ./freertos/freertos-kernel/portable/MemMang/heap_4.o
 .text.pxPortInitialiseStack
                0x60004dc4       0x68 ./freertos/freertos-kernel/portable/GCC/ARM_CM4F/port.o
                0x60004dc4                pxPortInitialiseStack
 .text.prvTaskExitError
                0x60004e2c       0x5c ./freertos/freertos-kernel/portable/GCC/ARM_CM4F/port.o
 .text.prvPortStartFirstTask
                0x60004e88       0x2c ./freertos/freertos-kernel/portable/GCC/ARM_CM4F/port.o
 .text.xPortStartScheduler
                0x60004eb4      0x148 ./freertos/freertos-kernel/portable/GCC/ARM_CM4F/port.o
                0x60004eb4                xPortStartScheduler
 .text.vPortEnterCritical
                0x60004ffc       0x64 ./freertos/freertos-kernel/portable/GCC/ARM_CM4F/port.o
                0x60004ffc                vPortEnterCritical
 .text.vPortExitCritical
                0x60005060       0x54 ./freertos/freertos-kernel/portable/GCC/ARM_CM4F/port.o
                0x60005060                vPortExitCritical
 .text.SysTick_Handler
                0x600050b4       0x44 ./freertos/freertos-kernel/portable/GCC/ARM_CM4F/port.o
                0x600050b4                SysTick_Handler
 .text.vPortSetupTimerInterrupt
                0x600050f8       0x48 ./freertos/freertos-kernel/portable/GCC/ARM_CM4F/port.o
                0x600050f8                vPortSetupTimerInterrupt
 .text.vPortEnableVFP
                0x60005140       0x18 ./freertos/freertos-kernel/portable/GCC/ARM_CM4F/port.o
 .text.xQueueGenericReset
                0x60005158      0x124 ./freertos/freertos-kernel/queue.o
                0x60005158                xQueueGenericReset
 .text.xQueueGenericSend
                0x6000527c      0x204 ./freertos/freertos-kernel/queue.o
                0x6000527c                xQueueGenericSend
 .text.xQueueReceive
                0x60005480      0x1c4 ./freertos/freertos-kernel/queue.o
                0x60005480                xQueueReceive
 .text.vQueueAddToRegistry
                0x60005644       0xa0 ./freertos/freertos-kernel/queue.o
                0x60005644                vQueueAddToRegistry
 .text.prvAddNewTaskToReadyList
                0x600056e4      0x12c ./freertos/freertos-kernel/tasks.o
 .text.vTaskDelay
                0x60005810       0x6c ./freertos/freertos-kernel/tasks.o
                0x60005810                vTaskDelay
 .text.vTaskStartScheduler
                0x6000587c       0xa4 ./freertos/freertos-kernel/tasks.o
                0x6000587c                vTaskStartScheduler
 .text.vTaskSuspendAll
                0x60005920       0x1c ./freertos/freertos-kernel/tasks.o
                0x60005920                vTaskSuspendAll
 .text.xTaskResumeAll
                0x6000593c      0x1f8 ./freertos/freertos-kernel/tasks.o
                0x6000593c                xTaskResumeAll
 .text.xTaskGetTickCount
                0x60005b34       0x20 ./freertos/freertos-kernel/tasks.o
                0x60005b34                xTaskGetTickCount
 .text.xTaskIncrementTick
                0x60005b54      0x214 ./freertos/freertos-kernel/tasks.o
                0x60005b54                xTaskIncrementTick
 .text.vTaskSwitchContext
                0x60005d68       0xb8 ./freertos/freertos-kernel/tasks.o
                0x60005d68                vTaskSwitchContext
 .text.vTaskPlaceOnEventList
                0x60005e20       0x4c ./freertos/freertos-kernel/tasks.o
                0x60005e20                vTaskPlaceOnEventList
 .text.vTaskPlaceOnEventListRestricted
                0x60005e6c       0x8c ./freertos/freertos-kernel/tasks.o
                0x60005e6c                vTaskPlaceOnEventListRestricted
 .text.xTaskRemoveFromEventList
                0x60005ef8      0x1b0 ./freertos/freertos-kernel/tasks.o
                0x60005ef8                xTaskRemoveFromEventList
 .text.vTaskInternalSetTimeOutState
                0x600060a8       0x2c ./freertos/freertos-kernel/tasks.o
                0x600060a8                vTaskInternalSetTimeOutState
 .text.xTaskCheckForTimeOut
                0x600060d4       0xd0 ./freertos/freertos-kernel/tasks.o
                0x600060d4                xTaskCheckForTimeOut
 .text.vTaskMissedYield
                0x600061a4       0x18 ./freertos/freertos-kernel/tasks.o
                0x600061a4                vTaskMissedYield
 .text.prvIdleTask
                0x600061bc       0x30 ./freertos/freertos-kernel/tasks.o
 .text.prvInitialiseTaskLists
                0x600061ec       0x80 ./freertos/freertos-kernel/tasks.o
 .text.prvCheckTasksWaitingTermination
                0x6000626c       0x5c ./freertos/freertos-kernel/tasks.o
 .text.prvResetNextTaskUnblockTime
                0x600062c8       0x38 ./freertos/freertos-kernel/tasks.o
 .text.xTaskGetSchedulerState
                0x60006300       0x3c ./freertos/freertos-kernel/tasks.o
                0x60006300                xTaskGetSchedulerState
 .text.xTaskPriorityDisinherit
                0x6000633c      0x14c ./freertos/freertos-kernel/tasks.o
                0x6000633c                xTaskPriorityDisinherit
 .text.prvAddCurrentTaskToDelayedList
                0x60006488      0x100 ./freertos/freertos-kernel/tasks.o
 .text.xTimerCreateTimerTask
                0x60006588       0x64 ./freertos/freertos-kernel/timers.o
                0x60006588                xTimerCreateTimerTask
 .text.prvProcessExpiredTimer
                0x600065ec       0x60 ./freertos/freertos-kernel/timers.o
 .text.prvProcessTimerOrBlockTask
                0x6000664c       0x9c ./freertos/freertos-kernel/timers.o
 .text.prvGetNextExpireTime
                0x600066e8       0x48 ./freertos/freertos-kernel/timers.o
 .text.prvSampleTimeNow
                0x60006730       0x40 ./freertos/freertos-kernel/timers.o
 .text.prvInsertTimerInActiveList
                0x60006770       0x84 ./freertos/freertos-kernel/timers.o
 .text.prvProcessReceivedCommands
                0x600067f4      0x1bc ./freertos/freertos-kernel/timers.o
 .text.prvSwitchTimerLists
                0x600069b0       0x4c ./freertos/freertos-kernel/timers.o
 .text.prvCheckForValidListAndQueue
                0x600069fc       0x6c ./freertos/freertos-kernel/timers.o
 .text.CLOCK_GetOscFreq
                0x60006a68       0x30 ./drivers/fsl_clock.o
 .text.CLOCK_GetPeriphClkFreq
                0x60006a98       0xdc ./drivers/fsl_clock.o
 .text.CLOCK_GetPllUsb1SWFreq
                0x60006b74       0x44 ./drivers/fsl_clock.o
 .text.CLOCK_InitExternalClk
                0x60006bb8       0x6c ./drivers/fsl_clock.o
                0x60006bb8                CLOCK_InitExternalClk
 .text.CLOCK_SwitchOsc
                0x60006c24       0x34 ./drivers/fsl_clock.o
                0x60006c24                CLOCK_SwitchOsc
 .text.CLOCK_InitRcOsc24M
                0x60006c58       0x24 ./drivers/fsl_clock.o
                0x60006c58                CLOCK_InitRcOsc24M
 .text.CLOCK_GetAhbFreq
                0x60006c7c       0x24 ./drivers/fsl_clock.o
                0x60006c7c                CLOCK_GetAhbFreq
 .text.CLOCK_GetSemcFreq
                0x60006ca0       0x5c ./drivers/fsl_clock.o
                0x60006ca0                CLOCK_GetSemcFreq
 .text.CLOCK_GetIpgFreq
                0x60006cfc       0x24 ./drivers/fsl_clock.o
                0x60006cfc                CLOCK_GetIpgFreq
 .text.CLOCK_GetPerClkFreq
                0x60006d20       0x40 ./drivers/fsl_clock.o
                0x60006d20                CLOCK_GetPerClkFreq
 .text.CLOCK_GetFreq
                0x60006d60      0x198 ./drivers/fsl_clock.o
                0x60006d60                CLOCK_GetFreq
 .text.CLOCK_InitSysPll
                0x60006ef8       0x9c ./drivers/fsl_clock.o
                0x60006ef8                CLOCK_InitSysPll
 .text.CLOCK_DeinitAudioPll
                0x60006f94       0x1c ./drivers/fsl_clock.o
                0x60006f94                CLOCK_DeinitAudioPll
 .text.CLOCK_InitEnetPll
                0x60006fb0       0xa4 ./drivers/fsl_clock.o
                0x60006fb0                CLOCK_InitEnetPll
 .text.CLOCK_GetPllFreq
                0x60007054      0x2a0 ./drivers/fsl_clock.o
                0x60007054                CLOCK_GetPllFreq
 .text.CLOCK_InitSysPfd
                0x600072f4       0x64 ./drivers/fsl_clock.o
                0x600072f4                CLOCK_InitSysPfd
 .text.CLOCK_GetSysPfdFreq
                0x60007358       0xac ./drivers/fsl_clock.o
                0x60007358                CLOCK_GetSysPfdFreq
 .text.CLOCK_GetUsb1PfdFreq
                0x60007404       0xac ./drivers/fsl_clock.o
                0x60007404                CLOCK_GetUsb1PfdFreq
 .text.SDK_DelayAtLeastUs
                0x600074b0       0x94 ./drivers/fsl_common_arm.o
                0x600074b0                SDK_DelayAtLeastUs
 .text.EDMA_GetChannelStatusFlags
                0x60007544       0x74 ./drivers/fsl_edma.o
                0x60007544                EDMA_GetChannelStatusFlags
 .text.EDMA_HandleIRQ
                0x600075b8      0x1c0 ./drivers/fsl_edma.o
                0x600075b8                EDMA_HandleIRQ
 .text.DMA0_DMA16_DriverIRQHandler
                0x60007778       0x50 ./drivers/fsl_edma.o
                0x60007778                DMA0_DMA16_DriverIRQHandler
 .text.DMA1_DMA17_DriverIRQHandler
                0x600077c8       0x50 ./drivers/fsl_edma.o
                0x600077c8                DMA1_DMA17_DriverIRQHandler
 .text.DMA2_DMA18_DriverIRQHandler
                0x60007818       0x50 ./drivers/fsl_edma.o
                0x60007818                DMA2_DMA18_DriverIRQHandler
 .text.DMA3_DMA19_DriverIRQHandler
                0x60007868       0x50 ./drivers/fsl_edma.o
                0x60007868                DMA3_DMA19_DriverIRQHandler
 .text.DMA4_DMA20_DriverIRQHandler
                0x600078b8       0x50 ./drivers/fsl_edma.o
                0x600078b8                DMA4_DMA20_DriverIRQHandler
 .text.DMA5_DMA21_DriverIRQHandler
                0x60007908       0x50 ./drivers/fsl_edma.o
                0x60007908                DMA5_DMA21_DriverIRQHandler
 .text.DMA6_DMA22_DriverIRQHandler
                0x60007958       0x50 ./drivers/fsl_edma.o
                0x60007958                DMA6_DMA22_DriverIRQHandler
 .text.DMA7_DMA23_DriverIRQHandler
                0x600079a8       0x50 ./drivers/fsl_edma.o
                0x600079a8                DMA7_DMA23_DriverIRQHandler
 .text.DMA8_DMA24_DriverIRQHandler
                0x600079f8       0x50 ./drivers/fsl_edma.o
                0x600079f8                DMA8_DMA24_DriverIRQHandler
 .text.DMA9_DMA25_DriverIRQHandler
                0x60007a48       0x50 ./drivers/fsl_edma.o
                0x60007a48                DMA9_DMA25_DriverIRQHandler
 .text.DMA10_DMA26_DriverIRQHandler
                0x60007a98       0x50 ./drivers/fsl_edma.o
                0x60007a98                DMA10_DMA26_DriverIRQHandler
 .text.DMA11_DMA27_DriverIRQHandler
                0x60007ae8       0x50 ./drivers/fsl_edma.o
                0x60007ae8                DMA11_DMA27_DriverIRQHandler
 .text.DMA12_DMA28_DriverIRQHandler
                0x60007b38       0x50 ./drivers/fsl_edma.o
                0x60007b38                DMA12_DMA28_DriverIRQHandler
 .text.DMA13_DMA29_DriverIRQHandler
                0x60007b88       0x50 ./drivers/fsl_edma.o
                0x60007b88                DMA13_DMA29_DriverIRQHandler
 .text.DMA14_DMA30_DriverIRQHandler
                0x60007bd8       0x50 ./drivers/fsl_edma.o
                0x60007bd8                DMA14_DMA30_DriverIRQHandler
 .text.DMA15_DMA31_DriverIRQHandler
                0x60007c28       0x50 ./drivers/fsl_edma.o
                0x60007c28                DMA15_DMA31_DriverIRQHandler
 .text.CLOCK_ControlGate
                0x60007c78       0x60 ./drivers/fsl_gpio.o
 .text.GPIO_GetInstance
                0x60007cd8       0x4c ./drivers/fsl_gpio.o
 .text.GPIO_PinInit
                0x60007d24       0xa4 ./drivers/fsl_gpio.o
                0x60007d24                GPIO_PinInit
 .text.GPIO_PinWrite
                0x60007dc8       0x48 ./drivers/fsl_gpio.o
                0x60007dc8                GPIO_PinWrite
 .text.GPIO_PinSetInterruptConfig
                0x60007e10       0xfc ./drivers/fsl_gpio.o
                0x60007e10                GPIO_PinSetInterruptConfig
 .text.__NVIC_EnableIRQ
                0x60007f0c       0x3c ./drivers/fsl_lpi2c.o
 .text.CLOCK_ControlGate
                0x60007f48       0x60 ./drivers/fsl_lpi2c.o
 .text.LPI2C_GetInstance
                0x60007fa8       0x4c ./drivers/fsl_lpi2c.o
                0x60007fa8                LPI2C_GetInstance
 .text.LPI2C_GetCyclesForWidth
                0x60007ff4       0x9c ./drivers/fsl_lpi2c.o
 .text.LPI2C_MasterGetDefaultConfig
                0x60008090       0x6c ./drivers/fsl_lpi2c.o
                0x60008090                LPI2C_MasterGetDefaultConfig
 .text.LPI2C_MasterInit
                0x600080fc      0x1dc ./drivers/fsl_lpi2c.o
                0x600080fc                LPI2C_MasterInit
 .text.LPI2C_MasterSetBaudRate
                0x600082d8      0x2c4 ./drivers/fsl_lpi2c.o
                0x600082d8                LPI2C_MasterSetBaudRate
 .text.LPI2C_MasterTransferCreateHandle
                0x6000859c       0x7c ./drivers/fsl_lpi2c.o
                0x6000859c                LPI2C_MasterTransferCreateHandle
 .text.LPI2C_TransferStateMachineSendCommand
                0x60008618      0x118 ./drivers/fsl_lpi2c.o
 .text.LPI2C_TransferStateMachineReadCommand
                0x60008730       0x60 ./drivers/fsl_lpi2c.o
 .text.LPI2C_TransferStateMachineTransferData
                0x60008790       0xa4 ./drivers/fsl_lpi2c.o
 .text.LPI2C_TransferStateMachineStopState
                0x60008834       0x6c ./drivers/fsl_lpi2c.o
 .text.LPI2C_TransferStateMachineWaitState
                0x600088a0       0x68 ./drivers/fsl_lpi2c.o
 .text.LPI2C_RunTransferStateMachine
                0x60008908      0x14c ./drivers/fsl_lpi2c.o
 .text.LPI2C_MasterTransferNonBlocking
                0x60008a54       0xf4 ./drivers/fsl_lpi2c.o
                0x60008a54                LPI2C_MasterTransferNonBlocking
 .text.LPI2C_MasterTransferAbort
                0x60008b48       0x54 ./drivers/fsl_lpi2c.o
                0x60008b48                LPI2C_MasterTransferAbort
 .text.LPI2C_MasterTransferHandleIRQ
                0x60008b9c       0x8c ./drivers/fsl_lpi2c.o
                0x60008b9c                LPI2C_MasterTransferHandleIRQ
 .text.LPI2C_CommonIRQHandler
                0x60008c28       0x78 ./drivers/fsl_lpi2c.o
 .text.LPI2C1_DriverIRQHandler
                0x60008ca0       0x14 ./drivers/fsl_lpi2c.o
                0x60008ca0                LPI2C1_DriverIRQHandler
 .text.LPI2C2_DriverIRQHandler
                0x60008cb4       0x14 ./drivers/fsl_lpi2c.o
                0x60008cb4                LPI2C2_DriverIRQHandler
 .text.LPI2C3_DriverIRQHandler
                0x60008cc8       0x14 ./drivers/fsl_lpi2c.o
                0x60008cc8                LPI2C3_DriverIRQHandler
 .text.LPI2C4_DriverIRQHandler
                0x60008cdc       0x14 ./drivers/fsl_lpi2c.o
                0x60008cdc                LPI2C4_DriverIRQHandler
 .text.__NVIC_EnableIRQ
                0x60008cf0       0x3c ./drivers/fsl_lpspi.o
 .text.CLOCK_ControlGate
                0x60008d2c       0x60 ./drivers/fsl_lpspi.o
 .text.LPSPI_GetInstance
                0x60008d8c       0x50 ./drivers/fsl_lpspi.o
                0x60008d8c                LPSPI_GetInstance
 .text.LPSPI_SetDummyData
                0x60008ddc       0x2c ./drivers/fsl_lpspi.o
                0x60008ddc                LPSPI_SetDummyData
 .text.LPSPI_MasterInit
                0x60008e08      0x170 ./drivers/fsl_lpspi.o
                0x60008e08                LPSPI_MasterInit
 .text.LPSPI_MasterGetDefaultConfig
                0x60008f78       0xa0 ./drivers/fsl_lpspi.o
                0x60008f78                LPSPI_MasterGetDefaultConfig
 .text.LPSPI_MasterSetBaudRate
                0x60009018       0xf8 ./drivers/fsl_lpspi.o
                0x60009018                LPSPI_MasterSetBaudRate
 .text.LPSPI_MasterSetDelayScaler
                0x60009110       0x78 ./drivers/fsl_lpspi.o
                0x60009110                LPSPI_MasterSetDelayScaler
 .text.LPSPI_MasterTransferCreateHandle
                0x60009188       0x60 ./drivers/fsl_lpspi.o
                0x60009188                LPSPI_MasterTransferCreateHandle
 .text.LPSPI_CheckTransferArgument
                0x600091e8       0xf0 ./drivers/fsl_lpspi.o
                0x600091e8                LPSPI_CheckTransferArgument
 .text.LPSPI_MasterTransferNonBlocking
                0x600092d8      0x3d4 ./drivers/fsl_lpspi.o
                0x600092d8                LPSPI_MasterTransferNonBlocking
 .text.LPSPI_MasterTransferFillUpTxFifo
                0x600096ac      0x11c ./drivers/fsl_lpspi.o
 .text.LPSPI_MasterTransferComplete
                0x600097c8       0x4c ./drivers/fsl_lpspi.o
 .text.LPSPI_MasterTransferHandleIRQ
                0x60009814      0x220 ./drivers/fsl_lpspi.o
                0x60009814                LPSPI_MasterTransferHandleIRQ
 .text.LPSPI_CombineWriteData
                0x60009a34      0x1bc ./drivers/fsl_lpspi.o
 .text.LPSPI_SeparateReadData
                0x60009bf0      0x1b0 ./drivers/fsl_lpspi.o
 .text.LPSPI_CommonIRQHandler
                0x60009da0       0x44 ./drivers/fsl_lpspi.o
 .text.LPSPI1_DriverIRQHandler
                0x60009de4       0x30 ./drivers/fsl_lpspi.o
                0x60009de4                LPSPI1_DriverIRQHandler
 .text.LPSPI2_DriverIRQHandler
                0x60009e14       0x30 ./drivers/fsl_lpspi.o
                0x60009e14                LPSPI2_DriverIRQHandler
 .text.LPSPI3_DriverIRQHandler
                0x60009e44       0x30 ./drivers/fsl_lpspi.o
                0x60009e44                LPSPI3_DriverIRQHandler
 .text.LPSPI4_DriverIRQHandler
                0x60009e74       0x30 ./drivers/fsl_lpspi.o
                0x60009e74                LPSPI4_DriverIRQHandler
 .text.CLOCK_ControlGate
                0x60009ea4       0x60 ./drivers/fsl_lpuart.o
 .text.LPUART_GetInstance
                0x60009f04       0x4c ./drivers/fsl_lpuart.o
                0x60009f04                LPUART_GetInstance
 .text.LPUART_Init
                0x60009f50      0x320 ./drivers/fsl_lpuart.o
                0x60009f50                LPUART_Init
 .text.LPUART_GetDefaultConfig
                0x6000a270       0x88 ./drivers/fsl_lpuart.o
                0x6000a270                LPUART_GetDefaultConfig
 .text.LPUART_WriteBlocking
                0x6000a2f8       0x68 ./drivers/fsl_lpuart.o
                0x6000a2f8                LPUART_WriteBlocking
 .text.LPUART1_DriverIRQHandler
                0x6000a360       0x28 ./drivers/fsl_lpuart.o
                0x6000a360                LPUART1_DriverIRQHandler
 .text.LPUART2_DriverIRQHandler
                0x6000a388       0x28 ./drivers/fsl_lpuart.o
                0x6000a388                LPUART2_DriverIRQHandler
 .text.LPUART3_DriverIRQHandler
                0x6000a3b0       0x28 ./drivers/fsl_lpuart.o
                0x6000a3b0                LPUART3_DriverIRQHandler
 .text.LPUART4_DriverIRQHandler
                0x6000a3d8       0x28 ./drivers/fsl_lpuart.o
                0x6000a3d8                LPUART4_DriverIRQHandler
 .text.LPUART5_DriverIRQHandler
                0x6000a400       0x28 ./drivers/fsl_lpuart.o
                0x6000a400                LPUART5_DriverIRQHandler
 .text.LPUART6_DriverIRQHandler
                0x6000a428       0x28 ./drivers/fsl_lpuart.o
                0x6000a428                LPUART6_DriverIRQHandler
 .text.LPUART7_DriverIRQHandler
                0x6000a450       0x28 ./drivers/fsl_lpuart.o
                0x6000a450                LPUART7_DriverIRQHandler
 .text.LPUART8_DriverIRQHandler
                0x6000a478       0x28 ./drivers/fsl_lpuart.o
                0x6000a478                LPUART8_DriverIRQHandler
 .text.CLOCK_ControlGate
                0x6000a4a0       0x60 ./drivers/fsl_pwm.o
 .text.PWM_GetInstance
                0x6000a500       0x4c ./drivers/fsl_pwm.o
 .text.PWM_Init
                0x6000a54c      0x288 ./drivers/fsl_pwm.o
                0x6000a54c                PWM_Init
 .text.PWM_SetupFaultInputFilter
                0x6000a7d4       0x78 ./drivers/fsl_pwm.o
                0x6000a7d4                PWM_SetupFaultInputFilter
 .text.PWM_SetupFaults
                0x6000a84c      0x1f8 ./drivers/fsl_pwm.o
                0x6000a84c                PWM_SetupFaults
 .text.SystemInit
                0x6000aa44      0x144 ./device/system_MIMXRT1021.o
                0x6000aa44                SystemInit
 .text.HAL_UartInitCommon
                0x6000ab88       0xe0 ./component/uart/fsl_adapter_lpuart.o
 .text.HAL_UartInit
                0x6000ac68       0x84 ./component/uart/fsl_adapter_lpuart.o
                0x6000ac68                HAL_UartInit
 .text.HAL_UartSendBlocking
                0x6000acec       0x64 ./component/uart/fsl_adapter_lpuart.o
                0x6000acec                HAL_UartSendBlocking
 .text.ARM_MPU_Enable
                0x6000ad50       0x44 ./board/board.o
 .text.ARM_MPU_Disable
                0x6000ad94       0x40 ./board/board.o
 .text.CLOCK_GetMux
                0x6000add4       0x44 ./board/board.o
 .text.CLOCK_GetDiv
                0x6000ae18       0x44 ./board/board.o
 .text.CLOCK_GetOscFreq
                0x6000ae5c       0x30 ./board/board.o
 .text.BOARD_DebugConsoleSrcFreq
                0x6000ae8c       0x64 ./board/board.o
                0x6000ae8c                BOARD_DebugConsoleSrcFreq
 .text.BOARD_ConfigMPU
                0x6000aef0      0x324 ./board/board.o
                0x6000aef0                BOARD_ConfigMPU
 .text.CLOCK_SetMux
                0x6000b214       0x9c ./board/clock_config.o
 .text.CLOCK_SetDiv
                0x6000b2b0       0x9c ./board/clock_config.o
 .text.CLOCK_ControlGate
                0x6000b34c       0x60 ./board/clock_config.o
 .text.CLOCK_SetXtalFreq
                0x6000b3ac       0x20 ./board/clock_config.o
 .text.CLOCK_SetRtcXtalFreq
                0x6000b3cc       0x20 ./board/clock_config.o
 .text.IOMUXC_MQSConfig
                0x6000b3ec       0x44 ./board/clock_config.o
 .text.BOARD_BootClockRUN
                0x6000b430      0x4ec ./board/clock_config.o
                0x6000b430                BOARD_BootClockRUN
 .text.LPUART1_init
                0x6000b91c       0x20 ./board/peripherals.o
 .text.LPSPI4_init
                0x6000b93c       0x20 ./board/peripherals.o
 .text.LPI2C1_init
                0x6000b95c       0x30 ./board/peripherals.o
 .text.PWM2_init
                0x6000b98c       0x60 ./board/peripherals.o
 .text.CLOCK_ControlGate
                0x6000b9ec       0x60 ./board/pin_mux.o
 .text.BOARD_InitPins
                0x6000ba4c      0x21c ./board/pin_mux.o
                0x6000ba4c                BOARD_InitPins
 .text.BOARD_InitDEBUG_UARTPins
                0x6000bc68       0xd0 ./board/pin_mux.o
                0x6000bc68                BOARD_InitDEBUG_UARTPins
 .text.malloc   0x6000bd38       0xe8 d:/tools/mcuxpressoide_11.9.0_2144/ide/plugins/com.nxp.mcuxpresso.tools.win32_11.9.0.202307121226/tools/bin/../lib/gcc/arm-none-eabi/12.3.1/../../../../arm-none-eabi/lib/thumb/v7e-m+fp/hard\libcr_c.a(alloc.o)
                0x6000bd38                malloc
 .text._Csys_alloc
                0x6000be20       0x20 d:/tools/mcuxpressoide_11.9.0_2144/ide/plugins/com.nxp.mcuxpresso.tools.win32_11.9.0.202307121226/tools/bin/../lib/gcc/arm-none-eabi/12.3.1/../../../../arm-none-eabi/lib/thumb/v7e-m+fp/hard\libcr_c.a(alloc.o)
                0x6000be20                _Csys_alloc
 .text.ceil     0x6000be40       0x94 d:/tools/mcuxpressoide_11.9.0_2144/ide/plugins/com.nxp.mcuxpresso.tools.win32_11.9.0.202307121226/tools/bin/../lib/gcc/arm-none-eabi/12.3.1/../../../../arm-none-eabi/lib/thumb/v7e-m+fp/hard\libcr_c.a(ceil.o)
                0x6000be40                ceil
 .text.sprintf  0x6000bed4       0x6c d:/tools/mcuxpressoide_11.9.0_2144/ide/plugins/com.nxp.mcuxpresso.tools.win32_11.9.0.202307121226/tools/bin/../lib/gcc/arm-none-eabi/12.3.1/../../../../arm-none-eabi/lib/thumb/v7e-m+fp/hard\libcr_c.a(fpprintf.o)
                0x6000bed4                sprintf
 .text.vsnprintf
                0x6000bf40       0x68 d:/tools/mcuxpressoide_11.9.0_2144/ide/plugins/com.nxp.mcuxpresso.tools.win32_11.9.0.202307121226/tools/bin/../lib/gcc/arm-none-eabi/12.3.1/../../../../arm-none-eabi/lib/thumb/v7e-m+fp/hard\libcr_c.a(fpprintf.o)
                0x6000bf40                vsnprintf
 .text.printf   0x6000bfa8       0x54 d:/tools/mcuxpressoide_11.9.0_2144/ide/plugins/com.nxp.mcuxpresso.tools.win32_11.9.0.202307121226/tools/bin/../lib/gcc/arm-none-eabi/12.3.1/../../../../arm-none-eabi/lib/thumb/v7e-m+fp/hard\libcr_c.a(fpprintf.o)
                0x6000bfa8                printf
 .text._initio  0x6000bffc       0x78 d:/tools/mcuxpressoide_11.9.0_2144/ide/plugins/com.nxp.mcuxpresso.tools.win32_11.9.0.202307121226/tools/bin/../lib/gcc/arm-none-eabi/12.3.1/../../../../arm-none-eabi/lib/thumb/v7e-m+fp/hard\libcr_c.a(initio.o)
                0x6000bffc                _initio
 .text.__vfprintf
                0x6000c074      0xb80 d:/tools/mcuxpressoide_11.9.0_2144/ide/plugins/com.nxp.mcuxpresso.tools.win32_11.9.0.202307121226/tools/bin/../lib/gcc/arm-none-eabi/12.3.1/../../../../arm-none-eabi/lib/thumb/v7e-m+fp/hard\libcr_c.a(printf.o)
                0x6000c074                __vfprintf
 .text._snprintf
                0x6000cbf4       0x78 d:/tools/mcuxpressoide_11.9.0_2144/ide/plugins/com.nxp.mcuxpresso.tools.win32_11.9.0.202307121226/tools/bin/../lib/gcc/arm-none-eabi/12.3.1/../../../../arm-none-eabi/lib/thumb/v7e-m+fp/hard\libcr_c.a(printf.o)
                0x6000cbf4                _snprintf
 .text._vsnprintf
                0x6000cc6c       0x68 d:/tools/mcuxpressoide_11.9.0_2144/ide/plugins/com.nxp.mcuxpresso.tools.win32_11.9.0.202307121226/tools/bin/../lib/gcc/arm-none-eabi/12.3.1/../../../../arm-none-eabi/lib/thumb/v7e-m+fp/hard\libcr_c.a(printf.o)
                0x6000cc6c                _vsnprintf
 .text._printf  0x6000ccd4       0x54 d:/tools/mcuxpressoide_11.9.0_2144/ide/plugins/com.nxp.mcuxpresso.tools.win32_11.9.0.202307121226/tools/bin/../lib/gcc/arm-none-eabi/12.3.1/../../../../arm-none-eabi/lib/thumb/v7e-m+fp/hard\libcr_c.a(printf.o)
                0x6000ccd4                _printf
 .text._sbrk    0x6000cd28       0x3c d:/tools/mcuxpressoide_11.9.0_2144/ide/plugins/com.nxp.mcuxpresso.tools.win32_11.9.0.202307121226/tools/bin/../lib/gcc/arm-none-eabi/12.3.1/../../../../arm-none-eabi/lib/thumb/v7e-m+fp/hard\libcr_c.a(_cr_sbrk.o)
                0x6000cd28                _sbrk
 .text._Cwritebuf
                0x6000cd64       0x6c d:/tools/mcuxpressoide_11.9.0_2144/ide/plugins/com.nxp.mcuxpresso.tools.win32_11.9.0.202307121226/tools/bin/../lib/gcc/arm-none-eabi/12.3.1/../../../../arm-none-eabi/lib/thumb/v7e-m+fp/hard\libcr_c.a(_writebuf.o)
                0x6000cd64                _Cwritebuf
 .text.fflush   0x6000cdd0       0x3c d:/tools/mcuxpressoide_11.9.0_2144/ide/plugins/com.nxp.mcuxpresso.tools.win32_11.9.0.202307121226/tools/bin/../lib/gcc/arm-none-eabi/12.3.1/../../../../arm-none-eabi/lib/thumb/v7e-m+fp/hard\libcr_c.a(fflush.o)
                0x6000cdd0                fflush
 .text.fseek    0x6000ce0c       0xf8 d:/tools/mcuxpressoide_11.9.0_2144/ide/plugins/com.nxp.mcuxpresso.tools.win32_11.9.0.202307121226/tools/bin/../lib/gcc/arm-none-eabi/12.3.1/../../../../arm-none-eabi/lib/thumb/v7e-m+fp/hard\libcr_c.a(fseek.o)
                0x6000ce0c                fseek
 .text.ftell    0x6000cf04       0x44 d:/tools/mcuxpressoide_11.9.0_2144/ide/plugins/com.nxp.mcuxpresso.tools.win32_11.9.0.202307121226/tools/bin/../lib/gcc/arm-none-eabi/12.3.1/../../../../arm-none-eabi/lib/thumb/v7e-m+fp/hard\libcr_c.a(ftell.o)
                0x6000cf04                ftell
 .text.__check_heap_overflow
                0x6000cf48       0x18 d:/tools/mcuxpressoide_11.9.0_2144/ide/plugins/com.nxp.mcuxpresso.tools.win32_11.9.0.202307121226/tools/bin/../lib/gcc/arm-none-eabi/12.3.1/../../../../arm-none-eabi/lib/thumb/v7e-m+fp/hard\libcr_c.a(_cr_check_heap.o)
                0x6000cf48                __check_heap_overflow
 .text.__aeabi_dmul
                0x6000cf60       0xfc d:/tools/mcuxpressoide_11.9.0_2144/ide/plugins/com.nxp.mcuxpresso.tools.win32_11.9.0.202307121226/tools/bin/../lib/gcc/arm-none-eabi/12.3.1/thumb/v7e-m+fp/hard\libcr_eabihelpers.a(double.o)
                0x6000cf60                __aeabi_dmul
 .text.__aeabi_ddiv
                0x6000d05c      0x12c d:/tools/mcuxpressoide_11.9.0_2144/ide/plugins/com.nxp.mcuxpresso.tools.win32_11.9.0.202307121226/tools/bin/../lib/gcc/arm-none-eabi/12.3.1/thumb/v7e-m+fp/hard\libcr_eabihelpers.a(double.o)
                0x6000d05c                __aeabi_ddiv
 .text.__aeabi_dsub
                0x6000d188      0x1b4 d:/tools/mcuxpressoide_11.9.0_2144/ide/plugins/com.nxp.mcuxpresso.tools.win32_11.9.0.202307121226/tools/bin/../lib/gcc/arm-none-eabi/12.3.1/thumb/v7e-m+fp/hard\libcr_eabihelpers.a(double.o)
                0x6000d188                __aeabi_dsub
 .text.__aeabi_dadd
                0x6000d33c      0x138 d:/tools/mcuxpressoide_11.9.0_2144/ide/plugins/com.nxp.mcuxpresso.tools.win32_11.9.0.202307121226/tools/bin/../lib/gcc/arm-none-eabi/12.3.1/thumb/v7e-m+fp/hard\libcr_eabihelpers.a(double.o)
                0x6000d33c                __aeabi_dadd
 .text.__aeabi_d2f
                0x6000d474       0x58 d:/tools/mcuxpressoide_11.9.0_2144/ide/plugins/com.nxp.mcuxpresso.tools.win32_11.9.0.202307121226/tools/bin/../lib/gcc/arm-none-eabi/12.3.1/thumb/v7e-m+fp/hard\libcr_eabihelpers.a(double.o)
                0x6000d474                __aeabi_d2f
 .text.__aeabi_f2d
                0x6000d4cc       0x38 d:/tools/mcuxpressoide_11.9.0_2144/ide/plugins/com.nxp.mcuxpresso.tools.win32_11.9.0.202307121226/tools/bin/../lib/gcc/arm-none-eabi/12.3.1/thumb/v7e-m+fp/hard\libcr_eabihelpers.a(float.o)
                0x6000d4cc                __aeabi_f2d
 .text.fsl_assert_hook
                0x6000d504       0x1a ./utilities/fsl_assert.o
                0x6000d504                fsl_assert_hook
 .text.DbgConsole_PrintCallback
                0x6000d51e       0x66 ./utilities/fsl_debug_console.o
 .text.DbgConsole_Printf
                0x6000d584       0x2c ./utilities/fsl_debug_console.o
                0x6000d584                DbgConsole_Printf
 .text.__sys_write
                0x6000d5b0       0x3e ./utilities/fsl_debug_console.o
                0x6000d5b0                __sys_write
 .text.PrintGetWidth
                0x6000d5ee       0x6a ./utilities/fsl_str.o
 .text.PrintGetPrecision
                0x6000d658       0x8c ./utilities/fsl_str.o
 .text.PrintIsobpu
                0x6000d6e4       0x38 ./utilities/fsl_str.o
 .text.PrintIsdi
                0x6000d71c       0x2c ./utilities/fsl_str.o
 .text.PrintOutputdifFobpu
                0x6000d748       0x44 ./utilities/fsl_str.o
 .text.PrintOutputxX
                0x6000d78c       0x44 ./utilities/fsl_str.o
 .text.PrintIsfF
                0x6000d7d0       0x2c ./utilities/fsl_str.o
 .text.PrintIsxX
                0x6000d7fc       0x2c ./utilities/fsl_str.o
 .text.PrintFilterLengthFlag
                0x6000d828       0x3e ./utilities/fsl_str.o
 .text.PrintGetRadixFromobpu
                0x6000d866       0x40 ./utilities/fsl_str.o
 .text.ConvertRadixNumToString
                0x6000d8a6       0xc2 ./utilities/fsl_str.o
 .text.StrFormatExaminedi
                0x6000d968       0x26 ./utilities/fsl_str.o
 .text.StrFormatExaminexX
                0x6000d98e       0x26 ./utilities/fsl_str.o
 .text.StrFormatExamineobpu
                0x6000d9b4       0x26 ./utilities/fsl_str.o
 .text.ConvertPrecisionWidthToLength
                0x6000d9da       0x20 ./utilities/fsl_str.o
 .text.StrFormatPrintf
                0x6000d9fa      0x2bc ./utilities/fsl_str.o
                0x6000d9fa                StrFormatPrintf
 .text.DMA0_DMA16_IRQHandler
                0x6000dcb6        0x8 ./startup/startup_mimxrt1021.o
                0x6000dcb6                DMA0_DMA16_IRQHandler
 .text.DMA1_DMA17_IRQHandler
                0x6000dcbe        0x8 ./startup/startup_mimxrt1021.o
                0x6000dcbe                DMA1_DMA17_IRQHandler
 .text.DMA2_DMA18_IRQHandler
                0x6000dcc6        0x8 ./startup/startup_mimxrt1021.o
                0x6000dcc6                DMA2_DMA18_IRQHandler
 .text.DMA3_DMA19_IRQHandler
                0x6000dcce        0x8 ./startup/startup_mimxrt1021.o
                0x6000dcce                DMA3_DMA19_IRQHandler
 .text.DMA4_DMA20_IRQHandler
                0x6000dcd6        0x8 ./startup/startup_mimxrt1021.o
                0x6000dcd6                DMA4_DMA20_IRQHandler
 .text.DMA5_DMA21_IRQHandler
                0x6000dcde        0x8 ./startup/startup_mimxrt1021.o
                0x6000dcde                DMA5_DMA21_IRQHandler
 .text.DMA6_DMA22_IRQHandler
                0x6000dce6        0x8 ./startup/startup_mimxrt1021.o
                0x6000dce6                DMA6_DMA22_IRQHandler
 .text.DMA7_DMA23_IRQHandler
                0x6000dcee        0x8 ./startup/startup_mimxrt1021.o
                0x6000dcee                DMA7_DMA23_IRQHandler
 .text.DMA8_DMA24_IRQHandler
                0x6000dcf6        0x8 ./startup/startup_mimxrt1021.o
                0x6000dcf6                DMA8_DMA24_IRQHandler
 .text.DMA9_DMA25_IRQHandler
                0x6000dcfe        0x8 ./startup/startup_mimxrt1021.o
                0x6000dcfe                DMA9_DMA25_IRQHandler
 .text.DMA10_DMA26_IRQHandler
                0x6000dd06        0x8 ./startup/startup_mimxrt1021.o
                0x6000dd06                DMA10_DMA26_IRQHandler
 .text.DMA11_DMA27_IRQHandler
                0x6000dd0e        0x8 ./startup/startup_mimxrt1021.o
                0x6000dd0e                DMA11_DMA27_IRQHandler
 .text.DMA12_DMA28_IRQHandler
                0x6000dd16        0x8 ./startup/startup_mimxrt1021.o
                0x6000dd16                DMA12_DMA28_IRQHandler
 .text.DMA13_DMA29_IRQHandler
                0x6000dd1e        0x8 ./startup/startup_mimxrt1021.o
                0x6000dd1e                DMA13_DMA29_IRQHandler
 .text.DMA14_DMA30_IRQHandler
                0x6000dd26        0x8 ./startup/startup_mimxrt1021.o
                0x6000dd26                DMA14_DMA30_IRQHandler
 .text.DMA15_DMA31_IRQHandler
                0x6000dd2e        0x8 ./startup/startup_mimxrt1021.o
                0x6000dd2e                DMA15_DMA31_IRQHandler
 .text.DMA_ERROR_IRQHandler
                0x6000dd36        0x8 ./startup/startup_mimxrt1021.o
                0x6000dd36                DMA_ERROR_IRQHandler
 .text.CTI0_ERROR_IRQHandler
                0x6000dd3e        0x8 ./startup/startup_mimxrt1021.o
                0x6000dd3e                CTI0_ERROR_IRQHandler
 .text.CTI1_ERROR_IRQHandler
                0x6000dd46        0x8 ./startup/startup_mimxrt1021.o
                0x6000dd46                CTI1_ERROR_IRQHandler
 .text.CORE_IRQHandler
                0x6000dd4e        0x8 ./startup/startup_mimxrt1021.o
                0x6000dd4e                CORE_IRQHandler
 .text.LPUART1_IRQHandler
                0x6000dd56        0x8 ./startup/startup_mimxrt1021.o
                0x6000dd56                LPUART1_IRQHandler
 .text.LPUART2_IRQHandler
                0x6000dd5e        0x8 ./startup/startup_mimxrt1021.o
                0x6000dd5e                LPUART2_IRQHandler
 .text.LPUART3_IRQHandler
                0x6000dd66        0x8 ./startup/startup_mimxrt1021.o
                0x6000dd66                LPUART3_IRQHandler
 .text.LPUART4_IRQHandler
                0x6000dd6e        0x8 ./startup/startup_mimxrt1021.o
                0x6000dd6e                LPUART4_IRQHandler
 .text.LPUART5_IRQHandler
                0x6000dd76        0x8 ./startup/startup_mimxrt1021.o
                0x6000dd76                LPUART5_IRQHandler
 .text.LPUART6_IRQHandler
                0x6000dd7e        0x8 ./startup/startup_mimxrt1021.o
                0x6000dd7e                LPUART6_IRQHandler
 .text.LPUART7_IRQHandler
                0x6000dd86        0x8 ./startup/startup_mimxrt1021.o
                0x6000dd86                LPUART7_IRQHandler
 .text.LPUART8_IRQHandler
                0x6000dd8e        0x8 ./startup/startup_mimxrt1021.o
                0x6000dd8e                LPUART8_IRQHandler
 .text.LPI2C1_IRQHandler
                0x6000dd96        0x8 ./startup/startup_mimxrt1021.o
                0x6000dd96                LPI2C1_IRQHandler
 .text.LPI2C2_IRQHandler
                0x6000dd9e        0x8 ./startup/startup_mimxrt1021.o
                0x6000dd9e                LPI2C2_IRQHandler
 .text.LPI2C3_IRQHandler
                0x6000dda6        0x8 ./startup/startup_mimxrt1021.o
                0x6000dda6                LPI2C3_IRQHandler
 .text.LPI2C4_IRQHandler
                0x6000ddae        0x8 ./startup/startup_mimxrt1021.o
                0x6000ddae                LPI2C4_IRQHandler
 .text.LPSPI1_IRQHandler
                0x6000ddb6        0x8 ./startup/startup_mimxrt1021.o
                0x6000ddb6                LPSPI1_IRQHandler
 .text.LPSPI2_IRQHandler
                0x6000ddbe        0x8 ./startup/startup_mimxrt1021.o
                0x6000ddbe                LPSPI2_IRQHandler
 .text.LPSPI3_IRQHandler
                0x6000ddc6        0x8 ./startup/startup_mimxrt1021.o
                0x6000ddc6                LPSPI3_IRQHandler
 .text.LPSPI4_IRQHandler
                0x6000ddce        0x8 ./startup/startup_mimxrt1021.o
                0x6000ddce                LPSPI4_IRQHandler
 .text.CAN1_IRQHandler
                0x6000ddd6        0x8 ./startup/startup_mimxrt1021.o
                0x6000ddd6                CAN1_IRQHandler
 .text.CAN2_IRQHandler
                0x6000ddde        0x8 ./startup/startup_mimxrt1021.o
                0x6000ddde                CAN2_IRQHandler
 .text.FLEXRAM_IRQHandler
                0x6000dde6        0x8 ./startup/startup_mimxrt1021.o
                0x6000dde6                FLEXRAM_IRQHandler
 .text.KPP_IRQHandler
                0x6000ddee        0x8 ./startup/startup_mimxrt1021.o
                0x6000ddee                KPP_IRQHandler
 .text.Reserved56_IRQHandler
                0x6000ddf6        0x8 ./startup/startup_mimxrt1021.o
                0x6000ddf6                Reserved56_IRQHandler
 .text.GPR_IRQ_IRQHandler
                0x6000ddfe        0x8 ./startup/startup_mimxrt1021.o
                0x6000ddfe                GPR_IRQ_IRQHandler
 .text.Reserved58_IRQHandler
                0x6000de06        0x8 ./startup/startup_mimxrt1021.o
                0x6000de06                Reserved58_IRQHandler
 .text.Reserved59_IRQHandler
                0x6000de0e        0x8 ./startup/startup_mimxrt1021.o
                0x6000de0e                Reserved59_IRQHandler
 .text.Reserved60_IRQHandler
                0x6000de16        0x8 ./startup/startup_mimxrt1021.o
                0x6000de16                Reserved60_IRQHandler
 .text.WDOG2_IRQHandler
                0x6000de1e        0x8 ./startup/startup_mimxrt1021.o
                0x6000de1e                WDOG2_IRQHandler
 .text.SNVS_HP_WRAPPER_IRQHandler
                0x6000de26        0x8 ./startup/startup_mimxrt1021.o
                0x6000de26                SNVS_HP_WRAPPER_IRQHandler
 .text.SNVS_HP_WRAPPER_TZ_IRQHandler
                0x6000de2e        0x8 ./startup/startup_mimxrt1021.o
                0x6000de2e                SNVS_HP_WRAPPER_TZ_IRQHandler
 .text.SNVS_LP_HP_WRAPPER_IRQHandler
                0x6000de36        0x8 ./startup/startup_mimxrt1021.o
                0x6000de36                SNVS_LP_HP_WRAPPER_IRQHandler
 .text.CSU_IRQHandler
                0x6000de3e        0x8 ./startup/startup_mimxrt1021.o
                0x6000de3e                CSU_IRQHandler
 .text.DCP_IRQHandler
                0x6000de46        0x8 ./startup/startup_mimxrt1021.o
                0x6000de46                DCP_IRQHandler
 .text.DCP_VMI_IRQHandler
                0x6000de4e        0x8 ./startup/startup_mimxrt1021.o
                0x6000de4e                DCP_VMI_IRQHandler
 .text.Reserved68_IRQHandler
                0x6000de56        0x8 ./startup/startup_mimxrt1021.o
                0x6000de56                Reserved68_IRQHandler
 .text.TRNG_IRQHandler
                0x6000de5e        0x8 ./startup/startup_mimxrt1021.o
                0x6000de5e                TRNG_IRQHandler
 .text.Reserved70_IRQHandler
                0x6000de66        0x8 ./startup/startup_mimxrt1021.o
                0x6000de66                Reserved70_IRQHandler
 .text.BEE_IRQHandler
                0x6000de6e        0x8 ./startup/startup_mimxrt1021.o
                0x6000de6e                BEE_IRQHandler
 .text.SAI1_IRQHandler
                0x6000de76        0x8 ./startup/startup_mimxrt1021.o
                0x6000de76                SAI1_IRQHandler
 .text.SAI2_IRQHandler
                0x6000de7e        0x8 ./startup/startup_mimxrt1021.o
                0x6000de7e                SAI2_IRQHandler
 .text.SAI3_RX_IRQHandler
                0x6000de86        0x8 ./startup/startup_mimxrt1021.o
                0x6000de86                SAI3_RX_IRQHandler
 .text.SAI3_TX_IRQHandler
                0x6000de8e        0x8 ./startup/startup_mimxrt1021.o
                0x6000de8e                SAI3_TX_IRQHandler
 .text.SPDIF_IRQHandler
                0x6000de96        0x8 ./startup/startup_mimxrt1021.o
                0x6000de96                SPDIF_IRQHandler
 .text.PMU_IRQHandler
                0x6000de9e        0x8 ./startup/startup_mimxrt1021.o
                0x6000de9e                PMU_IRQHandler
 .text.Reserved78_IRQHandler
                0x6000dea6        0x8 ./startup/startup_mimxrt1021.o
                0x6000dea6                Reserved78_IRQHandler
 .text.TEMP_LOW_HIGH_IRQHandler
                0x6000deae        0x8 ./startup/startup_mimxrt1021.o
                0x6000deae                TEMP_LOW_HIGH_IRQHandler
 .text.TEMP_PANIC_IRQHandler
                0x6000deb6        0x8 ./startup/startup_mimxrt1021.o
                0x6000deb6                TEMP_PANIC_IRQHandler
 .text.USB_PHY_IRQHandler
                0x6000debe        0x8 ./startup/startup_mimxrt1021.o
                0x6000debe                USB_PHY_IRQHandler
 .text.Reserved82_IRQHandler
                0x6000dec6        0x8 ./startup/startup_mimxrt1021.o
                0x6000dec6                Reserved82_IRQHandler
 .text.ADC1_IRQHandler
                0x6000dece        0x8 ./startup/startup_mimxrt1021.o
                0x6000dece                ADC1_IRQHandler
 .text.ADC2_IRQHandler
                0x6000ded6        0x8 ./startup/startup_mimxrt1021.o
                0x6000ded6                ADC2_IRQHandler
 .text.DCDC_IRQHandler
                0x6000dede        0x8 ./startup/startup_mimxrt1021.o
                0x6000dede                DCDC_IRQHandler
 .text.Reserved86_IRQHandler
                0x6000dee6        0x8 ./startup/startup_mimxrt1021.o
                0x6000dee6                Reserved86_IRQHandler
 .text.Reserved87_IRQHandler
                0x6000deee        0x8 ./startup/startup_mimxrt1021.o
                0x6000deee                Reserved87_IRQHandler
 .text.GPIO1_INT0_IRQHandler
                0x6000def6        0x8 ./startup/startup_mimxrt1021.o
                0x6000def6                GPIO1_INT0_IRQHandler
 .text.GPIO1_INT1_IRQHandler
                0x6000defe        0x8 ./startup/startup_mimxrt1021.o
                0x6000defe                GPIO1_INT1_IRQHandler
 .text.GPIO1_INT2_IRQHandler
                0x6000df06        0x8 ./startup/startup_mimxrt1021.o
                0x6000df06                GPIO1_INT2_IRQHandler
 .text.GPIO1_INT3_IRQHandler
                0x6000df0e        0x8 ./startup/startup_mimxrt1021.o
                0x6000df0e                GPIO1_INT3_IRQHandler
 .text.GPIO1_INT4_IRQHandler
                0x6000df16        0x8 ./startup/startup_mimxrt1021.o
                0x6000df16                GPIO1_INT4_IRQHandler
 .text.GPIO1_INT5_IRQHandler
                0x6000df1e        0x8 ./startup/startup_mimxrt1021.o
                0x6000df1e                GPIO1_INT5_IRQHandler
 .text.GPIO1_INT6_IRQHandler
                0x6000df26        0x8 ./startup/startup_mimxrt1021.o
                0x6000df26                GPIO1_INT6_IRQHandler
 .text.GPIO1_INT7_IRQHandler
                0x6000df2e        0x8 ./startup/startup_mimxrt1021.o
                0x6000df2e                GPIO1_INT7_IRQHandler
 .text.GPIO1_Combined_0_15_IRQHandler
                0x6000df36        0x8 ./startup/startup_mimxrt1021.o
                0x6000df36                GPIO1_Combined_0_15_IRQHandler
 .text.GPIO1_Combined_16_31_IRQHandler
                0x6000df3e        0x8 ./startup/startup_mimxrt1021.o
                0x6000df3e                GPIO1_Combined_16_31_IRQHandler
 .text.GPIO2_Combined_0_15_IRQHandler
                0x6000df46        0x8 ./startup/startup_mimxrt1021.o
                0x6000df46                GPIO2_Combined_0_15_IRQHandler
 .text.GPIO2_Combined_16_31_IRQHandler
                0x6000df4e        0x8 ./startup/startup_mimxrt1021.o
                0x6000df4e                GPIO2_Combined_16_31_IRQHandler
 .text.GPIO3_Combined_0_15_IRQHandler
                0x6000df56        0x8 ./startup/startup_mimxrt1021.o
                0x6000df56                GPIO3_Combined_0_15_IRQHandler
 .text.GPIO3_Combined_16_31_IRQHandler
                0x6000df5e        0x8 ./startup/startup_mimxrt1021.o
                0x6000df5e                GPIO3_Combined_16_31_IRQHandler
 .text.Reserved102_IRQHandler
                0x6000df66        0x8 ./startup/startup_mimxrt1021.o
                0x6000df66                Reserved102_IRQHandler
 .text.Reserved103_IRQHandler
                0x6000df6e        0x8 ./startup/startup_mimxrt1021.o
                0x6000df6e                Reserved103_IRQHandler
 .text.GPIO5_Combined_0_15_IRQHandler
                0x6000df76        0x8 ./startup/startup_mimxrt1021.o
                0x6000df76                GPIO5_Combined_0_15_IRQHandler
 .text.GPIO5_Combined_16_31_IRQHandler
                0x6000df7e        0x8 ./startup/startup_mimxrt1021.o
                0x6000df7e                GPIO5_Combined_16_31_IRQHandler
 .text.FLEXIO1_IRQHandler
                0x6000df86        0x8 ./startup/startup_mimxrt1021.o
                0x6000df86                FLEXIO1_IRQHandler
 .text.Reserved107_IRQHandler
                0x6000df8e        0x8 ./startup/startup_mimxrt1021.o
                0x6000df8e                Reserved107_IRQHandler
 .text.WDOG1_IRQHandler
                0x6000df96        0x8 ./startup/startup_mimxrt1021.o
                0x6000df96                WDOG1_IRQHandler
 .text.RTWDOG_IRQHandler
                0x6000df9e        0x8 ./startup/startup_mimxrt1021.o
                0x6000df9e                RTWDOG_IRQHandler
 .text.EWM_IRQHandler
                0x6000dfa6        0x8 ./startup/startup_mimxrt1021.o
                0x6000dfa6                EWM_IRQHandler
 .text.CCM_1_IRQHandler
                0x6000dfae        0x8 ./startup/startup_mimxrt1021.o
                0x6000dfae                CCM_1_IRQHandler
 .text.CCM_2_IRQHandler
                0x6000dfb6        0x8 ./startup/startup_mimxrt1021.o
                0x6000dfb6                CCM_2_IRQHandler
 .text.GPC_IRQHandler
                0x6000dfbe        0x8 ./startup/startup_mimxrt1021.o
                0x6000dfbe                GPC_IRQHandler
 .text.SRC_IRQHandler
                0x6000dfc6        0x8 ./startup/startup_mimxrt1021.o
                0x6000dfc6                SRC_IRQHandler
 .text.Reserved115_IRQHandler
                0x6000dfce        0x8 ./startup/startup_mimxrt1021.o
                0x6000dfce                Reserved115_IRQHandler
 .text.GPT1_IRQHandler
                0x6000dfd6        0x8 ./startup/startup_mimxrt1021.o
                0x6000dfd6                GPT1_IRQHandler
 .text.GPT2_IRQHandler
                0x6000dfde        0x8 ./startup/startup_mimxrt1021.o
                0x6000dfde                GPT2_IRQHandler
 .text.PWM1_0_IRQHandler
                0x6000dfe6        0x8 ./startup/startup_mimxrt1021.o
                0x6000dfe6                PWM1_0_IRQHandler
 .text.PWM1_1_IRQHandler
                0x6000dfee        0x8 ./startup/startup_mimxrt1021.o
                0x6000dfee                PWM1_1_IRQHandler
 .text.PWM1_2_IRQHandler
                0x6000dff6        0x8 ./startup/startup_mimxrt1021.o
                0x6000dff6                PWM1_2_IRQHandler
 .text.PWM1_3_IRQHandler
                0x6000dffe        0x8 ./startup/startup_mimxrt1021.o
                0x6000dffe                PWM1_3_IRQHandler
 .text.PWM1_FAULT_IRQHandler
                0x6000e006        0x8 ./startup/startup_mimxrt1021.o
                0x6000e006                PWM1_FAULT_IRQHandler
 .text.Reserved123_IRQHandler
                0x6000e00e        0x8 ./startup/startup_mimxrt1021.o
                0x6000e00e                Reserved123_IRQHandler
 .text.FLEXSPI_IRQHandler
                0x6000e016        0x8 ./startup/startup_mimxrt1021.o
                0x6000e016                FLEXSPI_IRQHandler
 .text.SEMC_IRQHandler
                0x6000e01e        0x8 ./startup/startup_mimxrt1021.o
                0x6000e01e                SEMC_IRQHandler
 .text.USDHC1_IRQHandler
                0x6000e026        0x8 ./startup/startup_mimxrt1021.o
                0x6000e026                USDHC1_IRQHandler
 .text.USDHC2_IRQHandler
                0x6000e02e        0x8 ./startup/startup_mimxrt1021.o
                0x6000e02e                USDHC2_IRQHandler
 .text.Reserved128_IRQHandler
                0x6000e036        0x8 ./startup/startup_mimxrt1021.o
                0x6000e036                Reserved128_IRQHandler
 .text.USB_OTG1_IRQHandler
                0x6000e03e        0x8 ./startup/startup_mimxrt1021.o
                0x6000e03e                USB_OTG1_IRQHandler
 .text.ENET_IRQHandler
                0x6000e046        0x8 ./startup/startup_mimxrt1021.o
                0x6000e046                ENET_IRQHandler
 .text.ENET_1588_Timer_IRQHandler
                0x6000e04e        0x8 ./startup/startup_mimxrt1021.o
                0x6000e04e                ENET_1588_Timer_IRQHandler
 .text.XBAR1_IRQ_0_1_IRQHandler
                0x6000e056        0x8 ./startup/startup_mimxrt1021.o
                0x6000e056                XBAR1_IRQ_0_1_IRQHandler
 .text.XBAR1_IRQ_2_3_IRQHandler
                0x6000e05e        0x8 ./startup/startup_mimxrt1021.o
                0x6000e05e                XBAR1_IRQ_2_3_IRQHandler
 .text.ADC_ETC_IRQ0_IRQHandler
                0x6000e066        0x8 ./startup/startup_mimxrt1021.o
                0x6000e066                ADC_ETC_IRQ0_IRQHandler
 .text.ADC_ETC_IRQ1_IRQHandler
                0x6000e06e        0x8 ./startup/startup_mimxrt1021.o
                0x6000e06e                ADC_ETC_IRQ1_IRQHandler
 .text.ADC_ETC_IRQ2_IRQHandler
                0x6000e076        0x8 ./startup/startup_mimxrt1021.o
                0x6000e076                ADC_ETC_IRQ2_IRQHandler
 .text.ADC_ETC_ERROR_IRQ_IRQHandler
                0x6000e07e        0x8 ./startup/startup_mimxrt1021.o
                0x6000e07e                ADC_ETC_ERROR_IRQ_IRQHandler
 .text.PIT_IRQHandler
                0x6000e086        0x8 ./startup/startup_mimxrt1021.o
                0x6000e086                PIT_IRQHandler
 .text.ACMP1_IRQHandler
                0x6000e08e        0x8 ./startup/startup_mimxrt1021.o
                0x6000e08e                ACMP1_IRQHandler
 .text.ACMP2_IRQHandler
                0x6000e096        0x8 ./startup/startup_mimxrt1021.o
                0x6000e096                ACMP2_IRQHandler
 .text.ACMP3_IRQHandler
                0x6000e09e        0x8 ./startup/startup_mimxrt1021.o
                0x6000e09e                ACMP3_IRQHandler
 .text.ACMP4_IRQHandler
                0x6000e0a6        0x8 ./startup/startup_mimxrt1021.o
                0x6000e0a6                ACMP4_IRQHandler
 .text.Reserved143_IRQHandler
                0x6000e0ae        0x8 ./startup/startup_mimxrt1021.o
                0x6000e0ae                Reserved143_IRQHandler
 .text.Reserved144_IRQHandler
                0x6000e0b6        0x8 ./startup/startup_mimxrt1021.o
                0x6000e0b6                Reserved144_IRQHandler
 .text.ENC1_IRQHandler
                0x6000e0be        0x8 ./startup/startup_mimxrt1021.o
                0x6000e0be                ENC1_IRQHandler
 .text.ENC2_IRQHandler
                0x6000e0c6        0x8 ./startup/startup_mimxrt1021.o
                0x6000e0c6                ENC2_IRQHandler
 .text.Reserved147_IRQHandler
                0x6000e0ce        0x8 ./startup/startup_mimxrt1021.o
                0x6000e0ce                Reserved147_IRQHandler
 .text.Reserved148_IRQHandler
                0x6000e0d6        0x8 ./startup/startup_mimxrt1021.o
                0x6000e0d6                Reserved148_IRQHandler
 .text.TMR1_IRQHandler
                0x6000e0de        0x8 ./startup/startup_mimxrt1021.o
                0x6000e0de                TMR1_IRQHandler
 .text.TMR2_IRQHandler
                0x6000e0e6        0x8 ./startup/startup_mimxrt1021.o
                0x6000e0e6                TMR2_IRQHandler
 .text.Reserved151_IRQHandler
                0x6000e0ee        0x8 ./startup/startup_mimxrt1021.o
                0x6000e0ee                Reserved151_IRQHandler
 .text.Reserved152_IRQHandler
                0x6000e0f6        0x8 ./startup/startup_mimxrt1021.o
                0x6000e0f6                Reserved152_IRQHandler
 .text.PWM2_0_IRQHandler
                0x6000e0fe        0x8 ./startup/startup_mimxrt1021.o
                0x6000e0fe                PWM2_0_IRQHandler
 .text.PWM2_1_IRQHandler
                0x6000e106        0x8 ./startup/startup_mimxrt1021.o
                0x6000e106                PWM2_1_IRQHandler
 .text.PWM2_2_IRQHandler
                0x6000e10e        0x8 ./startup/startup_mimxrt1021.o
                0x6000e10e                PWM2_2_IRQHandler
 .text.PWM2_3_IRQHandler
                0x6000e116        0x8 ./startup/startup_mimxrt1021.o
                0x6000e116                PWM2_3_IRQHandler
 .text.PWM2_FAULT_IRQHandler
                0x6000e11e        0x8 ./startup/startup_mimxrt1021.o
                0x6000e11e                PWM2_FAULT_IRQHandler
 .text.lcd_init
                0x6000e126      0x238 ./source/lib/lcd.o
                0x6000e126                lcd_init
 .text.lcd_writeAddr
                0x6000e35e       0x70 ./source/lib/lcd.o
                0x6000e35e                lcd_writeAddr
 .text.convert  0x6000e3ce       0x3c ./source/lib/lcd.o
                0x6000e3ce                convert
 .text.lcd_setPointColor
                0x6000e40a       0x36 ./source/lib/lcd.o
                0x6000e40a                lcd_setPointColor
 .text.lcd_screen
                0x6000e440       0x54 ./source/lib/lcd.o
                0x6000e440                lcd_screen
 .text.light_time
                0x6000e494       0x24 ./source/lib/led.o
                0x6000e494                light_time
 .text.ui_init  0x6000e4b8       0x1c ./source/lib/ui.o
                0x6000e4b8                ui_init
 .text.ui_image
                0x6000e4d4       0x34 ./source/lib/ui.o
                0x6000e4d4                ui_image
 .text.ui_label
                0x6000e508       0x42 ./source/lib/ui.o
                0x6000e508                ui_label
 .text.ui_displayImage
                0x6000e54a       0x78 ./source/lib/ui.o
                0x6000e54a                ui_displayImage
 .text.ui_solidScreen
                0x6000e5c2       0x1a ./source/lib/ui.o
                0x6000e5c2                ui_solidScreen
 .text.HardFault_Handler
                0x6000e5dc       0x36 ./source/semihost_hardfault.o
                0x6000e5dc                HardFault_Handler
 .text.vListInitialise
                0x6000e612       0x40 ./freertos/freertos-kernel/list.o
                0x6000e612                vListInitialise
 .text.vListInitialiseItem
                0x6000e652       0x1a ./freertos/freertos-kernel/list.o
                0x6000e652                vListInitialiseItem
 .text.vListInsert
                0x6000e66c       0x72 ./freertos/freertos-kernel/list.o
                0x6000e66c                vListInsert
 .text.uxListRemove
                0x6000e6de       0x54 ./freertos/freertos-kernel/list.o
                0x6000e6de                uxListRemove
 .text.xQueueGenericCreate
                0x6000e732       0x9e ./freertos/freertos-kernel/queue.o
                0x6000e732                xQueueGenericCreate
 .text.prvInitialiseNewQueue
                0x6000e7d0       0x46 ./freertos/freertos-kernel/queue.o
 .text.prvInitialiseMutex
                0x6000e816       0x34 ./freertos/freertos-kernel/queue.o
 .text.xQueueCreateMutex
                0x6000e84a       0x30 ./freertos/freertos-kernel/queue.o
                0x6000e84a                xQueueCreateMutex
 .text.prvCopyDataToQueue
                0x6000e87a       0xd4 ./freertos/freertos-kernel/queue.o
 .text.prvCopyDataFromQueue
                0x6000e94e       0x4c ./freertos/freertos-kernel/queue.o
 .text.prvUnlockQueue
                0x6000e99a       0xa4 ./freertos/freertos-kernel/queue.o
 .text.prvIsQueueEmpty
                0x6000ea3e       0x2c ./freertos/freertos-kernel/queue.o
 .text.prvIsQueueFull
                0x6000ea6a       0x30 ./freertos/freertos-kernel/queue.o
 .text.vQueueWaitForMessageRestricted
                0x6000ea9a       0x68 ./freertos/freertos-kernel/queue.o
                0x6000ea9a                vQueueWaitForMessageRestricted
 .text.xTaskCreate
                0x6000eb02       0x8c ./freertos/freertos-kernel/tasks.o
                0x6000eb02                xTaskCreate
 .text.prvInitialiseNewTask
                0x6000eb8e      0x126 ./freertos/freertos-kernel/tasks.o
 .text.prvDeleteTCB
                0x6000ecb4       0x20 ./freertos/freertos-kernel/tasks.o
 .text.prvReloadTimer
                0x6000ecd4       0x42 ./freertos/freertos-kernel/timers.o
 .text.prvTimerTask
                0x6000ed16       0x26 ./freertos/freertos-kernel/timers.o
 .text.CLOCK_GetRtcFreq
                0x6000ed3c       0x12 ./drivers/fsl_clock.o
 .text.CLOCK_IsPllBypassed
                0x6000ed4e       0x32 ./drivers/fsl_clock.o
 .text.CLOCK_IsPllEnabled
                0x6000ed80       0x3c ./drivers/fsl_clock.o
 .text.CLOCK_GetPllBypassRefClk
                0x6000edbc       0x34 ./drivers/fsl_clock.o
 .text.DelayLoop
                0x6000edf0       0x20 ./drivers/fsl_common_arm.o
 .text._SDK_AtomicLocalClearAndSet4Byte
                0x6000ee10       0x50 ./drivers/fsl_gpio.o
 .text.CLOCK_EnableClock
                0x6000ee60       0x1e ./drivers/fsl_gpio.o
 .text.GPIO_SetPinInterruptConfig
                0x6000ee7e       0x22 ./drivers/fsl_gpio.o
 .text._SDK_AtomicLocalClearAndSet4Byte
                0x6000eea0       0x50 ./drivers/fsl_lpi2c.o
 .text.CLOCK_EnableClock
                0x6000eef0       0x1e ./drivers/fsl_lpi2c.o
 .text.EnableIRQ
                0x6000ef0e       0x32 ./drivers/fsl_lpi2c.o
 .text.LPI2C_MasterReset
                0x6000ef40       0x20 ./drivers/fsl_lpi2c.o
 .text.LPI2C_MasterEnable
                0x6000ef60       0x28 ./drivers/fsl_lpi2c.o
 .text.LPI2C_MasterGetStatusFlags
                0x6000ef88       0x18 ./drivers/fsl_lpi2c.o
 .text.LPI2C_MasterClearStatusFlags
                0x6000efa0       0x1c ./drivers/fsl_lpi2c.o
 .text.LPI2C_MasterEnableInterrupts
                0x6000efbc       0x22 ./drivers/fsl_lpi2c.o
 .text.LPI2C_MasterDisableInterrupts
                0x6000efde       0x24 ./drivers/fsl_lpi2c.o
 .text.LPI2C_MasterSetWatermarks
                0x6000f002       0x2c ./drivers/fsl_lpi2c.o
 .text.LPI2C_MasterGetFifoCounts
                0x6000f02e       0x3e ./drivers/fsl_lpi2c.o
 .text.LPI2C_SlaveEnable
                0x6000f06c       0x2c ./drivers/fsl_lpi2c.o
 .text.LPI2C_MasterCheckAndClearError
                0x6000f098       0x9c ./drivers/fsl_lpi2c.o
                0x6000f098                LPI2C_MasterCheckAndClearError
 .text.LPI2C_CheckForBusyBus
                0x6000f134       0x38 ./drivers/fsl_lpi2c.o
                0x6000f134                LPI2C_CheckForBusyBus
 .text.LPI2C_InitTransferStateMachine
                0x6000f16c      0x116 ./drivers/fsl_lpi2c.o
 .text._SDK_AtomicLocalClearAndSet4Byte
                0x6000f282       0x50 ./drivers/fsl_lpspi.o
 .text.CLOCK_EnableClock
                0x6000f2d2       0x1e ./drivers/fsl_lpspi.o
 .text.EnableIRQ
                0x6000f2f0       0x32 ./drivers/fsl_lpspi.o
 .text.LPSPI_Enable
                0x6000f322       0x38 ./drivers/fsl_lpspi.o
 .text.LPSPI_GetStatusFlags
                0x6000f35a       0x18 ./drivers/fsl_lpspi.o
 .text.LPSPI_GetRxFifoSize
                0x6000f372       0x24 ./drivers/fsl_lpspi.o
 .text.LPSPI_GetTxFifoCount
                0x6000f396       0x1c ./drivers/fsl_lpspi.o
 .text.LPSPI_GetRxFifoCount
                0x6000f3b2       0x1e ./drivers/fsl_lpspi.o
 .text.LPSPI_ClearStatusFlags
                0x6000f3d0       0x1c ./drivers/fsl_lpspi.o
 .text.LPSPI_EnableInterrupts
                0x6000f3ec       0x22 ./drivers/fsl_lpspi.o
 .text.LPSPI_DisableInterrupts
                0x6000f40e       0x24 ./drivers/fsl_lpspi.o
 .text.LPSPI_SetMasterSlaveMode
                0x6000f432       0x2c ./drivers/fsl_lpspi.o
 .text.LPSPI_IsMaster
                0x6000f45e       0x26 ./drivers/fsl_lpspi.o
 .text.LPSPI_FlushFifo
                0x6000f484       0x30 ./drivers/fsl_lpspi.o
 .text.LPSPI_SetFifoWatermarks
                0x6000f4b4       0x2c ./drivers/fsl_lpspi.o
 .text.LPSPI_WriteData
                0x6000f4e0       0x1c ./drivers/fsl_lpspi.o
 .text.LPSPI_ReadData
                0x6000f4fc       0x18 ./drivers/fsl_lpspi.o
 .text.LPSPI_SetOnePcsPolarity
                0x6000f514       0x44 ./drivers/fsl_lpspi.o
 .text.LPSPI_WaitTxFifoEmpty
                0x6000f558       0x22 ./drivers/fsl_lpspi.o
                0x6000f558                LPSPI_WaitTxFifoEmpty
 .text._SDK_AtomicLocalClearAndSet4Byte
                0x6000f57a       0x50 ./drivers/fsl_lpuart.o
 .text.CLOCK_EnableClock
                0x6000f5ca       0x1e ./drivers/fsl_lpuart.o
 .text.LPUART_SoftwareReset
                0x6000f5e8       0x2c ./drivers/fsl_lpuart.o
 .text._SDK_AtomicLocalClearAndSet4Byte
                0x6000f614       0x50 ./drivers/fsl_pwm.o
 .text.CLOCK_EnableClock
                0x6000f664       0x1e ./drivers/fsl_pwm.o
 .text.SystemInitHook
                0x6000f682        0xe ./device/system_MIMXRT1021.o
                0x6000f682                SystemInitHook
 .text.HAL_UartGetStatus
                0x6000f690       0x28 ./component/uart/fsl_adapter_lpuart.o
 .text.DisableGlobalIRQ
                0x6000f6b8       0x22 ./component/serial_manager/fsl_component_serial_manager.o
 .text.EnableGlobalIRQ
                0x6000f6da       0x20 ./component/serial_manager/fsl_component_serial_manager.o
 .text.SerialManager_StartWriting
                0x6000f6fa       0x38 ./component/serial_manager/fsl_component_serial_manager.o
 .text.SerialManager_Write
                0x6000f732       0x44 ./component/serial_manager/fsl_component_serial_manager.o
 .text.SerialManager_Init
                0x6000f776       0x60 ./component/serial_manager/fsl_component_serial_manager.o
                0x6000f776                SerialManager_Init
 .text.SerialManager_OpenWriteHandle
                0x6000f7d6       0x50 ./component/serial_manager/fsl_component_serial_manager.o
                0x6000f7d6                SerialManager_OpenWriteHandle
 .text.SerialManager_OpenReadHandle
                0x6000f826       0x60 ./component/serial_manager/fsl_component_serial_manager.o
                0x6000f826                SerialManager_OpenReadHandle
 .text.SerialManager_WriteBlocking
                0x6000f886       0x20 ./component/serial_manager/fsl_component_serial_manager.o
                0x6000f886                SerialManager_WriteBlocking
 .text.Serial_UartInit
                0x6000f8a6       0x3e ./component/serial_manager/fsl_component_serial_port_uart.o
                0x6000f8a6                Serial_UartInit
 .text.Serial_UartWrite
                0x6000f8e4       0x38 ./component/serial_manager/fsl_component_serial_port_uart.o
                0x6000f8e4                Serial_UartWrite
 .text.BOARD_InitDebugConsole
                0x6000f91c       0x22 ./board/board.o
                0x6000f91c                BOARD_InitDebugConsole
 .text._SDK_AtomicLocalClearAndSet4Byte
                0x6000f93e       0x50 ./board/clock_config.o
 .text.CLOCK_DisableClock
                0x6000f98e       0x1e ./board/clock_config.o
 .text.CLOCK_SetPllBypass
                0x6000f9ac       0x4e ./board/clock_config.o
 .text.IOMUXC_SetSaiMClkClockSource
                0x6000f9fa       0x6c ./board/clock_config.o
 .text.BOARD_InitBootClocks
                0x6000fa66        0xc ./board/clock_config.o
                0x6000fa66                BOARD_InitBootClocks
 .text.GPIO2_init
                0x6000fa72        0xe ./board/peripherals.o
 .text.BOARD_InitPeripherals
                0x6000fa80       0x1c ./board/peripherals.o
                0x6000fa80                BOARD_InitPeripherals
 .text.BOARD_InitBootPeripherals
                0x6000fa9c        0xc ./board/peripherals.o
                0x6000fa9c                BOARD_InitBootPeripherals
 .text._SDK_AtomicLocalClearAndSet4Byte
                0x6000faa8       0x50 ./board/pin_mux.o
 .text.CLOCK_EnableClock
                0x6000faf8       0x1e ./board/pin_mux.o
 .text.IOMUXC_SetPinMux
                0x6000fb16       0x3a ./board/pin_mux.o
 .text.GPIO_PortEnableInterrupts
                0x6000fb50       0x22 ./board/pin_mux.o
 .text.BOARD_InitBootPins
                0x6000fb72       0x10 ./board/pin_mux.o
                0x6000fb72                BOARD_InitBootPins
 .text.__main   0x6000fb82        0xe d:/tools/mcuxpressoide_11.9.0_2144/ide/plugins/com.nxp.mcuxpresso.tools.win32_11.9.0.202307121226/tools/bin/../lib/gcc/arm-none-eabi/12.3.1/../../../../arm-none-eabi/lib/thumb/v7e-m+fp/hard\libcr_nohost_nf.a(_cr__main.o)
                0x6000fb82                __main
 .text.memcpy   0x6000fb90        0x4 d:/tools/mcuxpressoide_11.9.0_2144/ide/plugins/com.nxp.mcuxpresso.tools.win32_11.9.0.202307121226/tools/bin/../lib/gcc/arm-none-eabi/12.3.1/../../../../arm-none-eabi/lib/thumb/v7e-m+fp/hard\libcr_c.a(memcpy.o)
                0x6000fb90                memcpy
 .text.memset   0x6000fb94        0x4 d:/tools/mcuxpressoide_11.9.0_2144/ide/plugins/com.nxp.mcuxpresso.tools.win32_11.9.0.202307121226/tools/bin/../lib/gcc/arm-none-eabi/12.3.1/../../../../arm-none-eabi/lib/thumb/v7e-m+fp/hard\libcr_c.a(memset.o)
                0x6000fb94                memset
 .text.free     0x6000fb98       0x30 d:/tools/mcuxpressoide_11.9.0_2144/ide/plugins/com.nxp.mcuxpresso.tools.win32_11.9.0.202307121226/tools/bin/../lib/gcc/arm-none-eabi/12.3.1/../../../../arm-none-eabi/lib/thumb/v7e-m+fp/hard\libcr_c.a(alloc.o)
                0x6000fb98                free
 .text.fp_round
                0x6000fbc8       0x4e d:/tools/mcuxpressoide_11.9.0_2144/ide/plugins/com.nxp.mcuxpresso.tools.win32_11.9.0.202307121226/tools/bin/../lib/gcc/arm-none-eabi/12.3.1/../../../../arm-none-eabi/lib/thumb/v7e-m+fp/hard\libcr_c.a(fpprintf.o)
 .text.pr_dec.constprop.0
                0x6000fc16       0x24 d:/tools/mcuxpressoide_11.9.0_2144/ide/plugins/com.nxp.mcuxpresso.tools.win32_11.9.0.202307121226/tools/bin/../lib/gcc/arm-none-eabi/12.3.1/../../../../arm-none-eabi/lib/thumb/v7e-m+fp/hard\libcr_c.a(fpprintf.o)
 .text.no_fp_display
                0x6000fc3a        0x4 d:/tools/mcuxpressoide_11.9.0_2144/ide/plugins/com.nxp.mcuxpresso.tools.win32_11.9.0.202307121226/tools/bin/../lib/gcc/arm-none-eabi/12.3.1/../../../../arm-none-eabi/lib/thumb/v7e-m+fp/hard\libcr_c.a(printf.o)
 .text.setvbuf  0x6000fc3e       0x3e d:/tools/mcuxpressoide_11.9.0_2144/ide/plugins/com.nxp.mcuxpresso.tools.win32_11.9.0.202307121226/tools/bin/../lib/gcc/arm-none-eabi/12.3.1/../../../../arm-none-eabi/lib/thumb/v7e-m+fp/hard\libcr_c.a(setvbuf.o)
                0x6000fc3e                setvbuf
 .text.strlen   0x6000fc7c       0x4e d:/tools/mcuxpressoide_11.9.0_2144/ide/plugins/com.nxp.mcuxpresso.tools.win32_11.9.0.202307121226/tools/bin/../lib/gcc/arm-none-eabi/12.3.1/../../../../arm-none-eabi/lib/thumb/v7e-m+fp/hard\libcr_c.a(strlen.o)
                0x6000fc7c                strlen
 .text._deferredlazyseek
                0x6000fcca       0x40 d:/tools/mcuxpressoide_11.9.0_2144/ide/plugins/com.nxp.mcuxpresso.tools.win32_11.9.0.202307121226/tools/bin/../lib/gcc/arm-none-eabi/12.3.1/../../../../arm-none-eabi/lib/thumb/v7e-m+fp/hard\libcr_c.a(_deferredlazyseek.o)
                0x6000fcca                _deferredlazyseek
 .text.__flsbuf
                0x6000fd0a      0x140 d:/tools/mcuxpressoide_11.9.0_2144/ide/plugins/com.nxp.mcuxpresso.tools.win32_11.9.0.202307121226/tools/bin/../lib/gcc/arm-none-eabi/12.3.1/../../../../arm-none-eabi/lib/thumb/v7e-m+fp/hard\libcr_c.a(_deferredlazyseek.o)
                0x6000fd0a                __flsbuf
 .text._fdopen  0x6000fe4a       0x68 d:/tools/mcuxpressoide_11.9.0_2144/ide/plugins/com.nxp.mcuxpresso.tools.win32_11.9.0.202307121226/tools/bin/../lib/gcc/arm-none-eabi/12.3.1/../../../../arm-none-eabi/lib/thumb/v7e-m+fp/hard\libcr_c.a(_fdopen.o)
                0x6000fe4a                _fdopen
 .text._fflush  0x6000feb2       0x52 d:/tools/mcuxpressoide_11.9.0_2144/ide/plugins/com.nxp.mcuxpresso.tools.win32_11.9.0.202307121226/tools/bin/../lib/gcc/arm-none-eabi/12.3.1/../../../../arm-none-eabi/lib/thumb/v7e-m+fp/hard\libcr_c.a(_fflush.o)
                0x6000feb2                _fflush
 .text.fclose   0x6000ff04       0x58 d:/tools/mcuxpressoide_11.9.0_2144/ide/plugins/com.nxp.mcuxpresso.tools.win32_11.9.0.202307121226/tools/bin/../lib/gcc/arm-none-eabi/12.3.1/../../../../arm-none-eabi/lib/thumb/v7e-m+fp/hard\libcr_c.a(fclose.o)
                0x6000ff04                fclose