D:\Data\MCUXpresso_workspace\Luminance_Project\drivers/fsl_clock.h:1210:20:CLOCK_SetMux	24	static
D:\Data\MCUXpresso_workspace\Luminance_Project\drivers/fsl_clock.h:1262:20:CLOCK_SetDiv	24	static
../source/lib/lcd.c:26:6:LPSPI_MasterUserCallback	24	static
../source/lib/lcd.c:36:6:lcd_start	8	static
../source/lib/lcd.c:45:6:lcd_close	8	static
../source/lib/lcd.c:54:6:lcd_reset	8	static
../source/lib/lcd.c:66:6:spi_init	40	static
../source/lib/lcd.c:85:6:spi_send	32	static
../source/lib/lcd.c:104:6:lcd_WriteData	24	static
../source/lib/lcd.c:117:6:lcd_WriteCmd	24	static
../source/lib/lcd.c:130:6:lcd_init	16	static
../source/lib/lcd.c:233:6:lcd_writeAddr	24	static
../source/lib/lcd.c:252:6:lcd_WriteData_u16	32	static
../source/lib/lcd.c:269:10:convert	24	static
../source/lib/lcd.c:281:10:convert_555	24	static
../source/lib/lcd.c:294:10:convert_888	24	static
../source/lib/lcd.c:307:6:lcd_setAreaColor	40	static
../source/lib/lcd.c:324:6:lcd_setPointColor	16	static
../source/lib/lcd.c:334:6:lcd_screen	24	static
../source/lib/lcd.c:348:6:lcd_displayImage	24	static
../source/lib/lcd.c:360:6:lcd_whiteScreen	8	static
